Component: ARM Compiler 5.06 update 6 (build 750) Tool: armlink [4d35ed]

==============================================================================

Section Cross References

    main.o(i.AppObjCreate) refers to event_groups.o(i.xEventGroupCreate) for xEventGroupCreate
    main.o(i.AppObjCreate) refers to main.o(i.App_Printf) for App_Printf
    main.o(i.AppObjCreate) refers to queue.o(i.xQueueCreateMutex) for xQueueCreateMutex
    main.o(i.AppObjCreate) refers to queue.o(i.xQueueGenericCreate) for xQueueGenericCreate
    main.o(i.AppObjCreate) refers to main.o(.data) for .data
    main.o(i.AppTaskCreate) refers to lwip_comm.o(i.lwip_comm_dhcp_creat) for lwip_comm_dhcp_creat
    main.o(i.AppTaskCreate) refers to tasks.o(i.xTaskCreate) for xTaskCreate
    main.o(i.AppTaskCreate) refers to main.o(.data) for .data
    main.o(i.AppTaskCreate) refers to main.o(i.vTaskHandShake) for vTaskHandShake
    main.o(i.AppTaskCreate) refers to main.o(i.vTaskComm) for vTaskComm
    main.o(i.AppTaskCreate) refers to main.o(i.vTaskLed) for vTaskLed
    main.o(i.AppTaskCreate) refers to main.o(i.vTaskDisplay) for vTaskDisplay
    main.o(i.AppTaskCreate) refers to main.o(i.vTaskMqttTest) for vTaskMqttTest
    main.o(i.AppTaskCreate) refers to main.o(i.vTaskReader) for vTaskReader
    main.o(i.AppTaskCreate) refers to main.o(i.vTaskQR) for vTaskQR
    main.o(i.AppTaskCreate) refers to main.o(i.vTaskKey) for vTaskKey
    main.o(i.App_Printf) refers to _printf_percent.o(.ARM.Collect$$_printf_percent$$00000000) for _printf_percent
    main.o(i.App_Printf) refers to _printf_s.o(.ARM.Collect$$_printf_percent$$00000014) for _printf_s
    main.o(i.App_Printf) refers to _printf_str.o(.text) for _printf_str
    main.o(i.App_Printf) refers to vsnprintf.o(.text) for vsnprintf
    main.o(i.App_Printf) refers to queue.o(i.xQueueSemaphoreTake) for xQueueSemaphoreTake
    main.o(i.App_Printf) refers to __2printf.o(.text) for __2printf
    main.o(i.App_Printf) refers to queue.o(i.xQueueGenericSend) for xQueueGenericSend
    main.o(i.App_Printf) refers to main.o(.data) for .data
    main.o(i.check_msg_queue) refers to _printf_percent.o(.ARM.Collect$$_printf_percent$$00000000) for _printf_percent
    main.o(i.check_msg_queue) refers to _printf_d.o(.ARM.Collect$$_printf_percent$$00000009) for _printf_d
    main.o(i.check_msg_queue) refers to _printf_dec.o(.text) for _printf_int_dec
    main.o(i.check_msg_queue) refers to port.o(i.vPortEnterCritical) for vPortEnterCritical
    main.o(i.check_msg_queue) refers to queue.o(i.uxQueueSpacesAvailable) for uxQueueSpacesAvailable
    main.o(i.check_msg_queue) refers to queue.o(i.uxQueueMessagesWaiting) for uxQueueMessagesWaiting
    main.o(i.check_msg_queue) refers to __2printf.o(.text) for __2printf
    main.o(i.check_msg_queue) refers to port.o(i.vPortExitCritical) for vPortExitCritical
    main.o(i.check_msg_queue) refers to main.o(.data) for .data
    main.o(i.main) refers to bsp.o(i.bsp_Init) for bsp_Init
    main.o(i.main) refers to elog.o(i.elog_init) for elog_init
    main.o(i.main) refers to elog.o(i.elog_set_fmt) for elog_set_fmt
    main.o(i.main) refers to elog.o(i.elog_start) for elog_start
    main.o(i.main) refers to malloc.o(i.mymem_init) for mymem_init
    main.o(i.main) refers to elog.o(i.elog_output) for elog_output
    main.o(i.main) refers to delay.o(i.delay_ms) for delay_ms
    main.o(i.main) refers to lwip_comm.o(i.lwip_comm_init) for lwip_comm_init
    main.o(i.main) refers to main.o(i.AppObjCreate) for AppObjCreate
    main.o(i.main) refers to main.o(i.AppTaskCreate) for AppTaskCreate
    main.o(i.main) refers to tasks.o(i.vTaskStartScheduler) for vTaskStartScheduler
    main.o(i.main) refers to main.o(.constdata) for .constdata
    main.o(i.vTaskComm) refers to rt_memclr_w.o(.text) for __aeabi_memclr4
    main.o(i.vTaskComm) refers to bsp_dipswitch.o(i.bsp_dipswitch_read) for bsp_dipswitch_read
    main.o(i.vTaskComm) refers to elog.o(i.elog_output) for elog_output
    main.o(i.vTaskComm) refers to bsp_uart_fifo.o(i.RS485_Recv) for RS485_Recv
    main.o(i.vTaskComm) refers to tool.o(i.xorCRC) for xorCRC
    main.o(i.vTaskComm) refers to queue.o(i.xQueueReceive) for xQueueReceive
    main.o(i.vTaskComm) refers to rs485_process.o(i.packetDefaultSendBuf) for packetDefaultSendBuf
    main.o(i.vTaskComm) refers to bsp_uart_fifo.o(i.RS485_SendBuf) for RS485_SendBuf
    main.o(i.vTaskComm) refers to tasks.o(i.vTaskDelay) for vTaskDelay
    main.o(i.vTaskComm) refers to rs485_process.o(i.packetSendBuf) for packetSendBuf
    main.o(i.vTaskComm) refers to main.o(.constdata) for .constdata
    main.o(i.vTaskComm) refers to main.o(.data) for .data
    main.o(i.vTaskDisplay) refers to bsp_digitaltube.o(i.bsp_HC595Show) for bsp_HC595Show
    main.o(i.vTaskDisplay) refers to tasks.o(i.vTaskDelay) for vTaskDelay
    main.o(i.vTaskHandShake) refers to _printf_pad.o(.text) for _printf_pre_padding
[...]
    0x08035cd0   0x08035cd0   0x00000070   Code   RO         2229    i.WeigenInD0        bsp_wiegand.o
    0x08035d40   0x08035d40   0x00000070   Code   RO         2230    i.WeigenInD1        bsp_wiegand.o
    0x08035db0   0x08035db0   0x00000030   Code   RO        10740    i.__ARM_fpclassify  m_wm.l(fpclassify.o)
    0x08035de0   0x08035de0   0x000000f8   Code   RO        10742    i.__hardfp___mathlib_tofloat  m_wm.l(narrow.o)
    0x08035ed8   0x08035ed8   0x000000d0   Code   RO        10811    i.__hardfp_ldexp    m_wm.l(ldexp.o)
    0x08035fa8   0x08035fa8   0x00000028   Code   RO        10507    i.__hardfp_strtod   m_wm.l(strtod.o)
    0x08035fd0   0x08035fd0   0x00000020   Code   RO        10840    i.__mathlib_dbl_overflow  m_wm.l(dunder.o)
    0x08035ff0   0x08035ff0   0x00000020   Code   RO        10842    i.__mathlib_dbl_underflow  m_wm.l(dunder.o)
    0x08036010   0x08036010   0x00000012   Code   RO        10743    i.__mathlib_narrow  m_wm.l(narrow.o)
    0x08036022   0x08036022   0x00000014   Code   RO        10813    i.__support_ldexp   m_wm.l(ldexp.o)
    0x08036036   0x08036036   0x0000000e   Code   RO        10420    i._is_digit         c_w.l(__printf_wp.o)
    0x08036044   0x08036044   0x00000002   Code   RO         2303    i._sys_exit         bsp_uart_fifo.o
    0x08036046   0x08036046   0x00000002   PAD
    0x08036048   0x08036048   0x000001f4   Code   RO         6510    i.aai_write         sfud.o
    0x0803623c   0x0803623c   0x00000022   Code   RO         1152    i.add_item_to_array  cjson.o
    0x0803625e   0x0803625e   0x00000056   Code   RO         1153    i.add_item_to_object  cjson.o
    0x080362b4   0x080362b4   0x0000001e   Code   RO         6829    i.align_write       ef_env.o
    0x080362d2   0x080362d2   0x00000002   PAD
    0x080362d4   0x080362d4   0x00000074   Code   RO         6830    i.alloc_env         ef_env.o
    0x08036348   0x08036348   0x0000002c   Code   RO         6831    i.alloc_env_cb      ef_env.o
    0x08036374   0x08036374   0x00000064   Code   RO         7880    i.alloc_socket      sockets.o
    0x080363d8   0x080363d8   0x0000001c   Code   RO         9195    i.arp_timer         timers_1.o
    0x080363f4   0x080363f4   0x00000054   Code   RO          762    i.asc2bcd           tool.o
    0x08036448   0x08036448   0x00000032   Code   RO         2573    i.bsp_ConfigGpioOut  bsp_tim_pwm.o
    0x0803647a   0x0803647a   0x00000002   PAD
    0x0803647c   0x0803647c   0x00000098   Code   RO         2574    i.bsp_ConfigTimGpio  bsp_tim_pwm.o
    0x08036514   0x08036514   0x00000088   Code   RO         2575    i.bsp_GetAFofTIM    bsp_tim_pwm.o
    0x0803659c   0x0803659c   0x00000090   Code   RO         2576    i.bsp_GetPinSource  bsp_tim_pwm.o
    0x0803662c   0x0803662c   0x00000084   Code   RO         2577    i.bsp_GetRCCofGPIO  bsp_tim_pwm.o
    0x080366b0   0x080366b0   0x000000c4   Code   RO         2578    i.bsp_GetRCCofTIM   bsp_tim_pwm.o
    0x08036774   0x08036774   0x0000003c   Code   RO         1952    i.bsp_HC595Init     bsp_digitaltube.o
    0x080367b0   0x080367b0   0x00000018   Code   RO         1953    i.bsp_HC595Load     bsp_digitaltube.o
    0x080367c8   0x080367c8   0x00000040   Code   RO         1955    i.bsp_HC595Send     bsp_digitaltube.o
    0x08036808   0x08036808   0x0000002c   Code   RO         1956    i.bsp_HC595Show     bsp_digitaltube.o
    0x08036834   0x08036834   0x00000044   Code   RO         2178    i.bsp_Init          bsp.o
    0x08036878   0x08036878   0x0000004e   Code   RO         2304    i.bsp_InitUart      bsp_uart_fifo.o
    0x080368c6   0x080368c6   0x00000002   PAD
    0x080368c8   0x080368c8   0x000000c8   Code   RO         2093    i.bsp_Key_Scan      bsp_key.o
    0x08036990   0x08036990   0x000000a0   Code   RO         2120    i.bsp_LED_Init      bsp_led.o
    0x08036a30   0x08036a30   0x0000018c   Code   RO         2579    i.bsp_SetTIMOutPWM  bsp_tim_pwm.o
    0x08036bbc   0x08036bbc   0x00000078   Code   RO         2141    i.bsp_TIM6_Init     bsp_time.o
    0x08036c34   0x08036c34   0x00000020   Code   RO         2142    i.bsp_TimeSysTickHandler  bsp_time.o
    0x08036c54   0x08036c54   0x0000008c   Code   RO         2231    i.bsp_WeiGenScanf   bsp_wiegand.o
    0x08036ce0   0x08036ce0   0x00000078   Code   RO         2232    i.bsp_WiegandInit   bsp_wiegand.o
    0x08036d58   0x08036d58   0x00000040   Code   RO         1898    i.bsp_beep_init     bsp_beep.o
    0x08036d98   0x08036d98   0x0000006c   Code   RO         2642    i.bsp_dipswitch_read  bsp_dipswitch.o
    0x08036e04   0x08036e04   0x00000040   Code   RO         2094    i.bsp_key_Init      bsp_key.o
    0x08036e44   0x08036e44   0x00000020   Code   RO        10068    i.bufchar           mqttpacket.o
    0x08036e64   0x08036e64   0x0000002c   Code   RO         1154    i.buffer_skip_whitespace  cjson.o
    0x08036e90   0x08036e90   0x00000014   Code   RO         1161    i.cJSON_AddItemToObject  cjson.o
    0x08036ea4   0x08036ea4   0x00000030   Code   RO         1167    i.cJSON_AddStringToObject  cjson.o
    0x08036ed4   0x08036ed4   0x00000018   Code   RO         1179    i.cJSON_CreateObject  cjson.o
    0x08036eec   0x08036eec   0x00000030   Code   RO         1182    i.cJSON_CreateString  cjson.o
    0x08036f1c   0x08036f1c   0x00000048   Code   RO         1186    i.cJSON_Delete      cjson.o
    0x08036f64   0x08036f64   0x00000010   Code   RO         1197    i.cJSON_GetErrorPtr  cjson.o
    0x08036f74   0x08036f74   0x00000006   Code   RO         1198    i.cJSON_GetObjectItem  cjson.o
    0x08036f7a   0x08036f7a   0x00000016   Code   RO         1215    i.cJSON_New_Item    cjson.o
    0x08036f90   0x08036f90   0x00000008   Code   RO         1216    i.cJSON_Parse       cjson.o
    0x08036f98   0x08036f98   0x000000e4   Code   RO         1217    i.cJSON_ParseWithOpts  cjson.o
    0x0803707c   0x0803707c   0x0000000c   Code   RO         1221    i.cJSON_PrintUnformatted  cjson.o
    0x08037088   0x08037088   0x00000028   Code   RO         1230    i.cJSON_strdup      cjson.o
    0x080370b0   0x080370b0   0x00000044   Code   RO         6832    i.check_and_recovery_env_cb  ef_env.o
    0x080370f4   0x080370f4   0x0000005c   Code   RO            6    i.check_msg_queue   main.o
    0x08037150   0x08037150   0x00000074   Code   RO         6833    i.check_sec_hdr_cb  ef_env.o
    0x080371c4   0x080371c4   0x00000024   Code   RO         2310    i.comSendBuf        bsp_uart_fifo.o
    0x080371e8   0x080371e8   0x00000190   Code   RO         6834    i.create_env_blob   ef_env.o
    0x08037378   0x08037378   0x00000054   Code   RO          764    i.dbg               tool.o
    0x080373cc   0x080373cc   0x0000004c   Code   RO          765    i.dbh               tool.o
    0x08037418   0x08037418   0x00000060   Code   RO         6835    i.del_env           ef_env.o
    0x08037478   0x08037478   0x00000038   Code   RO          959    i.delay_init        delay.o
    0x080374b0   0x080374b0   0x00000038   Code   RO          960    i.delay_ms          delay.o
    0x080374e8   0x080374e8   0x00000034   Code   RO          961    i.delay_us          delay.o
    0x0803751c   0x0803751c   0x0000008c   Code   RO         8185    i.dhcp_arp_reply    dhcp.o
    0x080375a8   0x080375a8   0x00000164   Code   RO         8186    i.dhcp_bind         dhcp.o
    0x0803770c   0x0803770c   0x00000030   Code   RO         8187    i.dhcp_check        dhcp.o
    0x0803773c   0x0803773c   0x00000060   Code   RO         8189    i.dhcp_coarse_tmr   dhcp.o
    0x0803779c   0x0803779c   0x0000029c   Code   RO         8190    i.dhcp_create_msg   dhcp.o
    0x08037a38   0x08037a38   0x00000078   Code   RO         8191    i.dhcp_decline      dhcp.o
    0x08037ab0   0x08037ab0   0x00000110   Code   RO         8192    i.dhcp_delete_msg   dhcp.o
    0x08037bc0   0x08037bc0   0x000000bc   Code   RO         8193    i.dhcp_discover     dhcp.o
    0x08037c7c   0x08037c7c   0x00000034   Code   RO         8194    i.dhcp_fine_tmr     dhcp.o
    0x08037cb0   0x08037cb0   0x00000084   Code   RO         8195    i.dhcp_handle_ack   dhcp.o
    0x08037d34   0x08037d34   0x00000094   Code   RO         8198    i.dhcp_option       dhcp.o
    0x08037dc8   0x08037dc8   0x000000b8   Code   RO         8199    i.dhcp_option_byte  dhcp.o
    0x08037e80   0x08037e80   0x000000ec   Code   RO         8200    i.dhcp_option_long  dhcp.o
    0x08037f6c   0x08037f6c   0x00000090   Code   RO         8201    i.dhcp_option_short  dhcp.o
    0x08037ffc   0x08037ffc   0x00000148   Code   RO         8202    i.dhcp_option_trailer  dhcp.o
    0x08038144   0x08038144   0x00000374   Code   RO         8203    i.dhcp_parse_reply  dhcp.o
    0x080384b8   0x080384b8   0x00000088   Code   RO         8204    i.dhcp_rebind       dhcp.o
    0x08038540   0x08038540   0x000000a0   Code   RO         8205    i.dhcp_reboot       dhcp.o
    0x080385e0   0x080385e0   0x00000188   Code   RO         8206    i.dhcp_recv         dhcp.o
    0x08038768   0x08038768   0x000000a4   Code   RO         8207    i.dhcp_release      dhcp.o
    0x0803880c   0x0803880c   0x00000084   Code   RO         8208    i.dhcp_renew        dhcp.o
    0x08038890   0x08038890   0x000000e8   Code   RO         8209    i.dhcp_select       dhcp.o
    0x08038978   0x08038978   0x00000010   Code   RO         8210    i.dhcp_set_state    dhcp.o
    0x08038988   0x08038988   0x00000160   Code   RO         8212    i.dhcp_start        dhcp.o
    0x08038ae8   0x08038ae8   0x000000d4   Code   RO         8213    i.dhcp_stop         dhcp.o
    0x08038bbc   0x08038bbc   0x00000088   Code   RO         8214    i.dhcp_timeout      dhcp.o
    0x08038c44   0x08038c44   0x0000001c   Code   RO         9196    i.dhcp_timer_coarse  timers_1.o
    0x08038c60   0x08038c60   0x0000001c   Code   RO         9197    i.dhcp_timer_fine   timers_1.o
    0x08038c7c   0x08038c7c   0x00000168   Code   RO         8363    i.dns_check_entry   dns.o
    0x08038de4   0x08038de4   0x000000b4   Code   RO         8364    i.dns_enqueue       dns.o
    0x08038e98   0x08038e98   0x00000098   Code   RO         8365    i.dns_gethostbyname  dns.o
    0x08038f30   0x08038f30   0x00000060   Code   RO         8367    i.dns_init          dns.o
    0x08038f90   0x08038f90   0x00000022   Code   RO         8368    i.dns_parse_name    dns.o
    0x08038fb2   0x08038fb2   0x00000002   PAD
    0x08038fb4   0x08038fb4   0x0000016c   Code   RO         8369    i.dns_recv          dns.o
    0x08039120   0x08039120   0x000001a4   Code   RO         8370    i.dns_send          dns.o
    0x080392c4   0x080392c4   0x00000024   Code   RO         8371    i.dns_setserver     dns.o
    0x080392e8   0x080392e8   0x0000001c   Code   RO         9198    i.dns_timer         timers_1.o
    0x08039304   0x08039304   0x00000020   Code   RO         8372    i.dns_tmr           dns.o
    0x08039324   0x08039324   0x00000260   Code   RO         7580    i.do_close_internal  api_msg.o
    0x08039584   0x08039584   0x00000114   Code   RO         7581    i.do_connect        api_msg.o
    0x08039698   0x08039698   0x00000150   Code   RO         7582    i.do_connected      api_msg.o
    0x080397e8   0x080397e8   0x0000018c   Code   RO         7583    i.do_delconn        api_msg.o
    0x08039974   0x08039974   0x000000b8   Code   RO         7585    i.do_dns_found      api_msg.o
    0x08039a2c   0x08039a2c   0x00000064   Code   RO         6836    i.do_gc             ef_env.o
    0x08039a90   0x08039a90   0x000000f4   Code   RO         7586    i.do_getaddr        api_msg.o
    0x08039b84   0x08039b84   0x00000028   Code   RO         7587    i.do_gethostbyname  api_msg.o
    0x08039bac   0x08039bac   0x00000020   Code   RO         7589    i.do_newconn        api_msg.o
    0x08039bcc   0x08039bcc   0x00000044   Code   RO         7590    i.do_recv           api_msg.o
    0x08039c10   0x08039c10   0x00000080   Code   RO         7591    i.do_send           api_msg.o
    0x08039c90   0x08039c90   0x000000fc   Code   RO         7592    i.do_write          api_msg.o
    0x08039d8c   0x08039d8c   0x00000294   Code   RO         7593    i.do_writemore      api_msg.o
    0x0803a020   0x0803a020   0x00000074   Code   RO         5891    i.eTaskGetState     tasks.o
    0x0803a094   0x0803a094   0x00000090   Code   RO         6717    i.easyflash_init    easyflash.o
    0x0803a124   0x0803a124   0x00000024   Code   RO         6733    i.ef_calc_crc32     ef_utils.o
    0x0803a148   0x0803a148   0x0000002c   Code   RO         6839    i.ef_env_init       ef_env.o
    0x0803a174   0x0803a174   0x00000088   Code   RO         6840    i.ef_env_set_default  ef_env.o
    0x0803a1fc   0x0803a1fc   0x00000074   Code   RO         6841    i.ef_get_env        ef_env.o
    0x0803a270   0x0803a270   0x00000074   Code   RO         6842    i.ef_get_env_blob   ef_env.o
    0x0803a2e4   0x0803a2e4   0x0000001a   Code   RO         6843    i.ef_is_str         ef_env.o
    0x0803a2fe   0x0803a2fe   0x00000002   PAD
    0x0803a300   0x0803a300   0x0000004c   Code   RO         6844    i.ef_load_env       ef_env.o
    0x0803a34c   0x0803a34c   0x00000040   Code   RO         6750    i.ef_log_info       ef_port.o
    0x0803a38c   0x0803a38c   0x00000004   Code   RO         6751    i.ef_port_env_lock  ef_port.o
    0x0803a390   0x0803a390   0x00000004   Code   RO         6752    i.ef_port_env_unlock  ef_port.o
    0x0803a394   0x0803a394   0x00000022   Code   RO         6753    i.ef_port_erase     ef_port.o
    0x0803a3b6   0x0803a3b6   0x00000002   PAD
    0x0803a3b8   0x0803a3b8   0x00000018   Code   RO         6754    i.ef_port_init      ef_port.o
    0x0803a3d0   0x0803a3d0   0x00000020   Code   RO         6755    i.ef_port_read      ef_port.o
    0x0803a3f0   0x0803a3f0   0x00000024   Code   RO         6756    i.ef_port_write     ef_port.o
    0x0803a414   0x0803a414   0x00000024   Code   RO         6757    i.ef_print          ef_port.o
    0x0803a438   0x0803a438   0x0000001a   Code   RO         6848    i.ef_set_env        ef_env.o
    0x0803a452   0x0803a452   0x00000002   PAD
    0x0803a454   0x0803a454   0x00000050   Code   RO         6849    i.ef_set_env_blob   ef_env.o
    0x0803a4a4   0x0803a4a4   0x0000002c   Code   RO         7158    i.elog_init         elog.o
    0x0803a4d0   0x0803a4d0   0x00000374   Code   RO         7159    i.elog_output       elog.o
    0x0803a844   0x0803a844   0x00000020   Code   RO         7160    i.elog_output_lock  elog.o
    0x0803a864   0x0803a864   0x0000002c   Code   RO         7161    i.elog_output_lock_enabled  elog.o
    0x0803a890   0x0803a890   0x00000020   Code   RO         7162    i.elog_output_unlock  elog.o
    0x0803a8b0   0x0803a8b0   0x00000008   Code   RO         7067    i.elog_port_get_p_info  elog_port.o
    0x0803a8b8   0x0803a8b8   0x00000006   Code   RO         7068    i.elog_port_get_t_info  elog_port.o
    0x0803a8be   0x0803a8be   0x00000002   PAD
    0x0803a8c0   0x0803a8c0   0x00000028   Code   RO         7069    i.elog_port_get_time  elog_port.o
    0x0803a8e8   0x0803a8e8   0x00000004   Code   RO         7070    i.elog_port_init    elog_port.o
    0x0803a8ec   0x0803a8ec   0x00000010   Code   RO         7071    i.elog_port_output  elog_port.o
    0x0803a8fc   0x0803a8fc   0x00000002   Code   RO         7072    i.elog_port_output_lock  elog_port.o
    0x0803a8fe   0x0803a8fe   0x00000002   Code   RO         7073    i.elog_port_output_unlock  elog_port.o
    0x0803a900   0x0803a900   0x000000bc   Code   RO         7166    i.elog_set_filter_lvl  elog.o
    0x0803a9bc   0x0803a9bc   0x000000c4   Code   RO         7168    i.elog_set_fmt      elog.o
    0x0803aa80   0x0803aa80   0x0000008c   Code   RO         7171    i.elog_start        elog.o
    0x0803ab0c   0x0803ab0c   0x000000fc   Code   RO         7129    i.elog_strcpy       elog_utils.o
    0x0803ac08   0x0803ac08   0x0000008a   Code   RO         1232    i.ensure            cjson.o
    0x0803ac92   0x0803ac92   0x00000062   Code   RO         6850    i.env_iterator      ef_env.o
    0x0803acf4   0x0803acf4   0x00000174   Code   RO         7594    i.err_tcp           api_msg.o
    0x0803ae68   0x0803ae68   0x00000164   Code   RO         9610    i.etharp_arp_input  etharp.o
    0x0803afcc   0x0803afcc   0x00000030   Code   RO         9611    i.etharp_cleanup_netif  etharp.o
    0x0803affc   0x0803affc   0x0000023c   Code   RO         9613    i.etharp_find_entry  etharp.o
    0x0803b238   0x0803b238   0x0000003c   Code   RO         9614    i.etharp_free_entry  etharp.o
    0x0803b274   0x0803b274   0x000001b0   Code   RO         9615    i.etharp_output     etharp.o
    0x0803b424   0x0803b424   0x000000dc   Code   RO         9616    i.etharp_output_to_arp_index  etharp.o
    0x0803b500   0x0803b500   0x000001c4   Code   RO         9617    i.etharp_query      etharp.o
    0x0803b6c4   0x0803b6c4   0x00000178   Code   RO         9618    i.etharp_raw        etharp.o
    0x0803b83c   0x0803b83c   0x00000024   Code   RO         9619    i.etharp_request    etharp.o
    0x0803b860   0x0803b860   0x000000a0   Code   RO         9620    i.etharp_send_ip    etharp.o
    0x0803b900   0x0803b900   0x00000048   Code   RO         9621    i.etharp_tmr        etharp.o
    0x0803b948   0x0803b948   0x00000110   Code   RO         9622    i.etharp_update_arp_entry  etharp.o
    0x0803ba58   0x0803ba58   0x00000118   Code   RO         9623    i.ethernet_input    etharp.o
    0x0803bb70   0x0803bb70   0x0000009c   Code   RO         9704    i.ethernetif_init   ethernetif.o
    0x0803bc0c   0x0803bc0c   0x00000078   Code   RO         9705    i.ethernetif_input  ethernetif.o
    0x0803bc84   0x0803bc84   0x00000198   Code   RO         7881    i.event_callback    sockets.o
    0x0803be1c   0x0803be1c   0x000000b0   Code   RO          632    i.exec_proc         comm.o
    0x0803becc   0x0803becc   0x00000020   Code   RO         6851    i.find_env          ef_env.o
    0x0803beec   0x0803beec   0x00000038   Code   RO         6852    i.find_env_cb       ef_env.o
    0x0803bf24   0x0803bf24   0x00000058   Code   RO         6853    i.format_sector     ef_env.o
    0x0803bf7c   0x0803bf7c   0x00000024   Code   RO         2314    i.fputc             bsp_uart_fifo.o
    0x0803bfa0   0x0803bfa0   0x0000008c   Code   RO        10777    i.frexp             m_wm.l(frexp.o)
    0x0803c02c   0x0803c02c   0x0000000e   Code   RO         6854    i.gc_check_cb       ef_env.o
    0x0803c03a   0x0803c03a   0x00000002   PAD
    0x0803c03c   0x0803c03c   0x00000048   Code   RO         6855    i.gc_collect        ef_env.o
    0x0803c084   0x0803c084   0x000000c8   Code   RO         7172    i.get_fmt_enabled   elog.o
    0x0803c14c   0x0803c14c   0x00000040   Code   RO         6856    i.get_next_env_addr  ef_env.o
    0x0803c18c   0x0803c18c   0x00000034   Code   RO         6857    i.get_next_sector_addr  ef_env.o
    0x0803c1c0   0x0803c1c0   0x0000007a   Code   RO         1234    i.get_object_item   cjson.o
    0x0803c23a   0x0803c23a   0x00000002   PAD
    0x0803c23c   0x0803c23c   0x0000001c   Code   RO         7882    i.get_socket        sockets.o
    0x0803c258   0x0803c258   0x00000028   Code   RO         6858    i.get_status        ef_env.o
    0x0803c280   0x0803c280   0x00000098   Code   RO         6660    i.gpio_configuration  sfud_port.o
    0x0803c318   0x0803c318   0x00000258   Code   RO         6511    i.hardware_init     sfud.o
    0x0803c570   0x0803c570   0x00000008   Code   RO         9385    i.icmp_dest_unreach  icmp.o
    0x0803c578   0x0803c578   0x00000284   Code   RO         9386    i.icmp_input        icmp.o
    0x0803c7fc   0x0803c7fc   0x000000fc   Code   RO         9387    i.icmp_send_response  icmp.o
    0x0803c8f8   0x0803c8f8   0x00000008   Code   RO         9388    i.icmp_time_exceeded  icmp.o
    0x0803c900   0x0803c900   0x0000000c   Code   RO         9426    i.inet_chksum       inet_chksum.o
    0x0803c90c   0x0803c90c   0x00000048   Code   RO         9427    i.inet_chksum_pbuf  inet_chksum.o
    0x0803c954   0x0803c954   0x00000040   Code   RO          766    i.int2Str           tool.o
    0x0803c994   0x0803c994   0x0000002e   Code   RO         9500    i.ip4_addr_isbroadcast  ip_addr.o
    0x0803c9c2   0x0803c9c2   0x00000002   PAD
    0x0803c9c4   0x0803c9c4   0x000001f8   Code   RO         9554    i.ip_frag           ip_frag.o
    0x0803cbbc   0x0803cbbc   0x00000084   Code   RO         9555    i.ip_frag_free_pbuf_custom_ref  ip_frag.o
    0x0803cc40   0x0803cc40   0x00000178   Code   RO         9461    i.ip_input          ip.o
    0x0803cdb8   0x0803cdb8   0x000000a8   Code   RO         9462    i.ip_output         ip.o
    0x0803ce60   0x0803ce60   0x00000164   Code   RO         9463    i.ip_output_if      ip.o
    0x0803cfc4   0x0803cfc4   0x000001a4   Code   RO         9556    i.ip_reass          ip_frag.o
    0x0803d168   0x0803d168   0x00000274   Code   RO         9557    i.ip_reass_chain_frag_into_datagram_and_validate  ip_frag.o
    0x0803d3dc   0x0803d3dc   0x000000ac   Code   RO         9558    i.ip_reass_dequeue_datagram  ip_frag.o
    0x0803d488   0x0803d488   0x00000184   Code   RO         9559    i.ip_reass_free_complete_datagram  ip_frag.o
    0x0803d60c   0x0803d60c   0x00000074   Code   RO         9560    i.ip_reass_remove_oldest_datagram  ip_frag.o
    0x0803d680   0x0803d680   0x0000001c   Code   RO         9199    i.ip_reass_timer    timers_1.o
    0x0803d69c   0x0803d69c   0x0000002c   Code   RO         9561    i.ip_reass_tmr      ip_frag.o
    0x0803d6c8   0x0803d6c8   0x00000040   Code   RO         9464    i.ip_route          ip.o
    0x0803d708   0x0803d708   0x00000014   Code   RO         9502    i.ipaddr_addr       ip_addr.o
    0x0803d71c   0x0803d71c   0x0000016c   Code   RO         9503    i.ipaddr_aton       ip_addr.o
    0x0803d888   0x0803d888   0x0000008c   Code   RO         9562    i.ipfrag_free_pbuf_custom  ip_frag.o
    0x0803d914   0x0803d914   0x00000094   Code   RO         9706    i.low_level_init    ethernetif.o
    0x0803d9a8   0x0803d9a8   0x00000034   Code   RO         9707    i.low_level_output  ethernetif.o
    0x0803d9dc   0x0803d9dc   0x0000004c   Code   RO         7289    i.lwip_comm_default_ip_set  lwip_comm.o
    0x0803da28   0x0803da28   0x00000030   Code   RO         7290    i.lwip_comm_dhcp_creat  lwip_comm.o
    0x0803da58   0x0803da58   0x0000001c   Code   RO         7291    i.lwip_comm_dhcp_delete  lwip_comm.o
    0x0803da74   0x0803da74   0x00000120   Code   RO         7292    i.lwip_comm_init    lwip_comm.o
    0x0803db94   0x0803db94   0x00000024   Code   RO         7293    i.lwip_comm_mem_free  lwip_comm.o
    0x0803dbb8   0x0803dbb8   0x0000003c   Code   RO         7294    i.lwip_comm_mem_malloc  lwip_comm.o
    0x0803dbf4   0x0803dbf4   0x000000e0   Code   RO         7886    i.lwip_connect      sockets.o
    0x0803dcd4   0x0803dcd4   0x000002e8   Code   RO         7295    i.lwip_dhcp_task    lwip_comm.o
    0x0803dfbc   0x0803dfbc   0x00000044   Code   RO         7827    i.lwip_gethostbyname  netdb.o
    0x0803e000   0x0803e000   0x00000004   Code   RO         8156    i.lwip_htonl        def.o
    0x0803e004   0x0803e004   0x00000004   Code   RO         8157    i.lwip_htons        def.o
    0x0803e008   0x0803e008   0x0000002a   Code   RO         8427    i.lwip_init         init.o
    0x0803e032   0x0803e032   0x00000004   Code   RO         8158    i.lwip_ntohl        def.o
    0x0803e036   0x0803e036   0x00000004   Code   RO         8159    i.lwip_ntohs        def.o
    0x0803e03a   0x0803e03a   0x00000002   PAD
    0x0803e03c   0x0803e03c   0x0000000c   Code   RO         7296    i.lwip_pkt_handle   lwip_comm.o
    0x0803e048   0x0803e048   0x0000000e   Code   RO         7896    i.lwip_recv         sockets.o
    0x0803e056   0x0803e056   0x00000002   PAD
    0x0803e058   0x0803e058   0x00000264   Code   RO         7897    i.lwip_recvfrom     sockets.o
    0x0803e2bc   0x0803e2bc   0x00000078   Code   RO         7900    i.lwip_send         sockets.o
    0x0803e334   0x0803e334   0x00000168   Code   RO         7901    i.lwip_sendto       sockets.o
    0x0803e49c   0x0803e49c   0x000000e0   Code   RO         7902    i.lwip_setsockopt   sockets.o
    0x0803e57c   0x0803e57c   0x0000017c   Code   RO         7903    i.lwip_setsockopt_internal  sockets.o
    0x0803e6f8   0x0803e6f8   0x0000006c   Code   RO         7905    i.lwip_socket       sockets.o
    0x0803e764   0x0803e764   0x00000002   Code   RO         7906    i.lwip_socket_init  sockets.o
    0x0803e766   0x0803e766   0x00000056   Code   RO         9430    i.lwip_standard_chksum  inet_chksum.o
    0x0803e7bc   0x0803e7bc   0x00000006   Code   RO         7907    i.lwip_write        sockets.o
    0x0803e7c2   0x0803e7c2   0x00000002   PAD
    0x0803e7c4   0x0803e7c4   0x000000ec   Code   RO            7    i.main              main.o
    0x0803e8b0   0x0803e8b0   0x000000ac   Code   RO         6512    i.make_adress_byte_array  sfud.o
    0x0803e95c   0x0803e95c   0x00000130   Code   RO         8467    i.mem_free          mem.o
    0x0803ea8c   0x0803ea8c   0x000000bc   Code   RO         8468    i.mem_init          mem.o
    0x0803eb48   0x0803eb48   0x00000214   Code   RO         8469    i.mem_malloc        mem.o
    0x0803ed5c   0x0803ed5c   0x00000038   Code   RO         1747    i.mem_perused       malloc.o
    0x0803ed94   0x0803ed94   0x0000019c   Code   RO         8470    i.mem_trim          mem.o
    0x0803ef30   0x0803ef30   0x000000a8   Code   RO         8510    i.memp_free         memp.o
    0x0803efd8   0x0803efd8   0x00000006   Code   RO         8511    i.memp_get_memorysize  memp.o
    0x0803efde   0x0803efde   0x00000002   PAD
    0x0803efe0   0x0803efe0   0x0000005c   Code   RO         8512    i.memp_init         memp.o
    0x0803f03c   0x0803f03c   0x000000e4   Code   RO         8513    i.memp_malloc       memp.o
    0x0803f120   0x0803f120   0x00000154   Code   RO         1845    i.modifyJsonItem    jsonutils.o
    0x0803f274   0x0803f274   0x000000bc   Code   RO         6859    i.move_env          ef_env.o
    0x0803f330   0x0803f330   0x0000082c   Code   RO          848    i.mqtt_thread       mqtt_app.o
    0x0803fb5c   0x0803fb5c   0x00000008   Code   RO         1748    i.my_free           malloc.o
    0x0803fb64   0x0803fb64   0x00000008   Code   RO         1749    i.my_malloc         malloc.o
    0x0803fb6c   0x0803fb6c   0x0000000a   Code   RO         1750    i.my_realloc        malloc.o
    0x0803fb76   0x0803fb76   0x00000002   PAD
    0x0803fb78   0x0803fb78   0x0000002c   Code   RO         1751    i.myfree            malloc.o
    0x0803fba4   0x0803fba4   0x0000002c   Code   RO         1752    i.mymalloc          malloc.o
    0x0803fbd0   0x0803fbd0   0x00000058   Code   RO         1753    i.mymem_free        malloc.o
    0x0803fc28   0x0803fc28   0x0000003c   Code   RO         1754    i.mymem_init        malloc.o
    0x0803fc64   0x0803fc64   0x00000090   Code   RO         1755    i.mymem_malloc      malloc.o
    0x0803fcf4   0x0803fcf4   0x00000010   Code   RO         1756    i.mymemcpy          malloc.o
    0x0803fd04   0x0803fd04   0x0000000c   Code   RO         1757    i.mymemset          malloc.o
    0x0803fd10   0x0803fd10   0x00000048   Code   RO         1758    i.myrealloc         malloc.o
    0x0803fd58   0x0803fd58   0x00000022   Code   RO         7761    i.netbuf_delete     netbuf.o
    0x0803fd7a   0x0803fd7a   0x00000002   PAD
    0x0803fd7c   0x0803fd7c   0x00000098   Code   RO         7763    i.netbuf_free       netbuf.o
    0x0803fe14   0x0803fe14   0x000000bc   Code   RO         7766    i.netbuf_ref        netbuf.o
    0x0803fed0   0x0803fed0   0x00000110   Code   RO         7595    i.netconn_alloc     api_msg.o
    0x0803ffe0   0x0803ffe0   0x000000c0   Code   RO         7436    i.netconn_connect   api_lib.o
    0x080400a0   0x080400a0   0x00000024   Code   RO         7437    i.netconn_delete    api_lib.o
    0x080400c4   0x080400c4   0x00000134   Code   RO         7596    i.netconn_drain     api_msg.o
    0x080401f8   0x080401f8   0x00000164   Code   RO         7597    i.netconn_free      api_msg.o
    0x0804035c   0x0804035c   0x00000118   Code   RO         7439    i.netconn_getaddr   api_lib.o
    0x08040474   0x08040474   0x0000010c   Code   RO         7440    i.netconn_gethostbyname  api_lib.o
    0x08040580   0x08040580   0x0000016c   Code   RO         7442    i.netconn_new_with_proto_and_callback  api_lib.o
    0x080406ec   0x080406ec   0x00000184   Code   RO         7443    i.netconn_recv      api_lib.o
    0x08040870   0x08040870   0x000001c8   Code   RO         7444    i.netconn_recv_data  api_lib.o
    0x08040a38   0x08040a38   0x00000098   Code   RO         7445    i.netconn_recv_tcp_pbuf  api_lib.o
    0x08040ad0   0x08040ad0   0x0000002c   Code   RO         7446    i.netconn_recved    api_lib.o
    0x08040afc   0x08040afc   0x000000bc   Code   RO         7447    i.netconn_send      api_lib.o
    0x08040bb8   0x08040bb8   0x0000013c   Code   RO         7450    i.netconn_write_partly  api_lib.o
    0x08040cf4   0x08040cf4   0x000000d0   Code   RO         8562    i.netif_add         netif.o
    0x08040dc4   0x08040dc4   0x00000002   Code   RO         8564    i.netif_init        netif.o
    0x08040dc6   0x08040dc6   0x00000020   Code   RO         8566    i.netif_set_addr    netif.o
    0x08040de6   0x08040de6   0x00000002   PAD
    0x08040de8   0x08040de8   0x0000000c   Code   RO         8567    i.netif_set_default  netif.o
    0x08040df4   0x08040df4   0x0000001a   Code   RO         8568    i.netif_set_down    netif.o
    0x08040e0e   0x08040e0e   0x00000008   Code   RO         8569    i.netif_set_gw      netif.o
    0x08040e16   0x08040e16   0x00000002   PAD
    0x08040e18   0x08040e18   0x00000068   Code   RO         8570    i.netif_set_ipaddr  netif.o
    0x08040e80   0x08040e80   0x00000008   Code   RO         8573    i.netif_set_netmask  netif.o
    0x08040e88   0x08040e88   0x00000020   Code   RO         8574    i.netif_set_up      netif.o
    0x08040ea8   0x08040ea8   0x00000034   Code   RO         6860    i.new_env           ef_env.o
    0x08040edc   0x08040edc   0x00000036   Code   RO          926    i.packetDefaultSendBuf  rs485_process.o
    0x08040f12   0x08040f12   0x00000036   Code   RO          927    i.packetSendBuf     rs485_process.o
    0x08040f48   0x08040f48   0x00000218   Code   RO         6513    i.page256_or_1_byte_write  sfud.o
    0x08041160   0x08041160   0x000000cc   Code   RO         1236    i.parse_array       cjson.o
    0x0804122c   0x0804122c   0x00000040   Code   RO         1237    i.parse_hex4        cjson.o
    0x0804126c   0x0804126c   0x00000100   Code   RO         1238    i.parse_number      cjson.o
    0x0804136c   0x0804136c   0x00000106   Code   RO         1239    i.parse_object      cjson.o
    0x08041472   0x08041472   0x00000126   Code   RO         1240    i.parse_string      cjson.o
    0x08041598   0x08041598   0x000000fc   Code   RO         1241    i.parse_value       cjson.o
    0x08041694   0x08041694   0x0000035c   Code   RO         8652    i.pbuf_alloc        pbuf.o
    0x080419f0   0x080419f0   0x000000d8   Code   RO         8653    i.pbuf_alloced_custom  pbuf.o
    0x08041ac8   0x08041ac8   0x00000128   Code   RO         8654    i.pbuf_cat          pbuf.o
    0x08041bf0   0x08041bf0   0x00000012   Code   RO         8655    i.pbuf_chain        pbuf.o
    0x08041c02   0x08041c02   0x00000012   Code   RO         8656    i.pbuf_clen         pbuf.o
    0x08041c14   0x08041c14   0x000001e0   Code   RO         8658    i.pbuf_copy         pbuf.o
    0x08041df4   0x08041df4   0x00000114   Code   RO         8659    i.pbuf_copy_partial  pbuf.o
    0x08041f08   0x08041f08   0x0000016c   Code   RO         8661    i.pbuf_free         pbuf.o
    0x08042074   0x08042074   0x00000118   Code   RO         8663    i.pbuf_header       pbuf.o
    0x0804218c   0x0804218c   0x00000188   Code   RO         8666    i.pbuf_realloc      pbuf.o
    0x08042314   0x08042314   0x0000001a   Code   RO         8667    i.pbuf_ref          pbuf.o
    0x0804232e   0x0804232e   0x00000002   PAD
    0x08042330   0x08042330   0x00000020   Code   RO         5892    i.pcTaskGetName     tasks.o
    0x08042350   0x08042350   0x00000108   Code   RO         7598    i.pcb_new           api_msg.o
    0x08042458   0x08042458   0x0000016c   Code   RO         8471    i.plug_holes        mem.o
    0x080425c4   0x080425c4   0x000000cc   Code   RO         7599    i.poll_tcp          api_msg.o
    0x08042690   0x08042690   0x00000098   Code   RO         1242    i.print             cjson.o
    0x08042728   0x08042728   0x00000096   Code   RO         1243    i.print_array       cjson.o
    0x080427be   0x080427be   0x00000002   PAD
    0x080427c0   0x080427c0   0x000000a8   Code   RO         1244    i.print_number      cjson.o
    0x08042868   0x08042868   0x00000136   Code   RO         1245    i.print_object      cjson.o
    0x0804299e   0x0804299e   0x00000002   PAD
    0x080429a0   0x080429a0   0x00000110   Code   RO         1246    i.print_string_ptr  cjson.o
    0x08042ab0   0x08042ab0   0x000000d0   Code   RO         1247    i.print_value       cjson.o
    0x08042b80   0x08042b80   0x00000070   Code   RO         5893    i.prvAddCurrentTaskToDelayedList  tasks.o
    0x08042bf0   0x08042bf0   0x000000d4   Code   RO         5894    i.prvAddNewTaskToReadyList  tasks.o
    0x08042cc4   0x08042cc4   0x00000050   Code   RO         6246    i.prvCheckForValidListAndQueue  timers.o
    0x08042d14   0x08042d14   0x00000026   Code   RO         5548    i.prvCopyDataFromQueue  queue.o
    0x08042d3a   0x08042d3a   0x0000006c   Code   RO         5549    i.prvCopyDataToQueue  queue.o
    0x08042da6   0x08042da6   0x00000014   Code   RO         5895    i.prvDeleteTCB      tasks.o
    0x08042dba   0x08042dba   0x00000002   PAD
    0x08042dbc   0x08042dbc   0x0000004c   Code   RO         6459    i.prvHeapInit       heap_4.o
    0x08042e08   0x08042e08   0x0000005c   Code   RO         5896    i.prvIdleTask       tasks.o
    0x08042e64   0x08042e64   0x000000ae   Code   RO         5897    i.prvInitialiseNewTask  tasks.o
    0x08042f12   0x08042f12   0x00000002   PAD
    0x08042f14   0x08042f14   0x0000004c   Code   RO         6460    i.prvInsertBlockIntoFreeList  heap_4.o
    0x08042f60   0x08042f60   0x00000038   Code   RO         6247    i.prvInsertTimerInActiveList  timers.o
    0x08042f98   0x08042f98   0x0000001a   Code   RO         5550    i.prvIsQueueEmpty   queue.o
    0x08042fb2   0x08042fb2   0x00000056   Code   RO         5898    i.prvListTasksWithinSingleList  tasks.o
    0x08043008   0x08043008   0x000000f0   Code   RO         6248    i.prvProcessReceivedCommands  timers.o
    0x080430f8   0x080430f8   0x000000c0   Code   RO         6249    i.prvProcessTimerOrBlockTask  timers.o
    0x080431b8   0x080431b8   0x00000020   Code   RO         5899    i.prvResetNextTaskUnblockTime  tasks.o
    0x080431d8   0x080431d8   0x00000028   Code   RO         6250    i.prvSampleTimeNow  timers.o
    0x08043200   0x08043200   0x0000006c   Code   RO         6251    i.prvSwitchTimerLists  timers.o
    0x0804326c   0x0804326c   0x00000028   Code   RO         6383    i.prvTaskExitError  port.o
    0x08043294   0x08043294   0x00000028   Code   RO         6252    i.prvTimerTask      timers.o
    0x080432bc   0x080432bc   0x0000006a   Code   RO         5551    i.prvUnlockQueue    queue.o
    0x08043326   0x08043326   0x00000022   Code   RO         5901    i.prvWriteNameToBuffer  tasks.o
    0x08043348   0x08043348   0x000000d8   Code   RO         6461    i.pvPortMalloc      heap_4.o
    0x08043420   0x08043420   0x00000018   Code   RO         5902    i.pvTaskIncrementMutexHeldCount  tasks.o
    0x08043438   0x08043438   0x0000002c   Code   RO         6384    i.pxPortInitialiseStack  port.o
    0x08043464   0x08043464   0x0000000a   Code   RO         8769    i.raw_connect       raw.o
    0x0804346e   0x0804346e   0x00000002   PAD
    0x08043470   0x08043470   0x00000074   Code   RO         8770    i.raw_input         raw.o
    0x080434e4   0x080434e4   0x0000002c   Code   RO         8771    i.raw_new           raw.o
    0x08043510   0x08043510   0x00000006   Code   RO         8772    i.raw_recv          raw.o
    0x08043516   0x08043516   0x00000002   PAD
    0x08043518   0x08043518   0x0000002c   Code   RO         8773    i.raw_remove        raw.o
    0x08043544   0x08043544   0x00000006   Code   RO         8774    i.raw_send          raw.o
    0x0804354a   0x0804354a   0x00000002   PAD
    0x0804354c   0x0804354c   0x00000118   Code   RO         8775    i.raw_sendto        raw.o
    0x08043664   0x08043664   0x0000000c   Code   RO        10070    i.readChar          mqttpacket.o
    0x08043670   0x08043670   0x00000012   Code   RO        10071    i.readInt           mqttpacket.o
    0x08043682   0x08043682   0x00000034   Code   RO        10072    i.readMQTTLenString  mqttpacket.o
    0x080436b6   0x080436b6   0x00000002   PAD
    0x080436b8   0x080436b8   0x000000dc   Code   RO         6862    i.read_env          ef_env.o
    0x08043794   0x08043794   0x000000a4   Code   RO         6514    i.read_jedec_id     sfud.o
    0x08043838   0x08043838   0x000000f8   Code   RO         6863    i.read_sector_meta_data  ef_env.o
    0x08043930   0x08043930   0x00000020   Code   RO         6864    i.read_status       ef_env.o
    0x08043950   0x08043950   0x00000078   Code   RO         7600    i.recv_raw          api_msg.o
    0x080439c8   0x080439c8   0x00000158   Code   RO         7601    i.recv_tcp          api_msg.o
    0x08043b20   0x08043b20   0x00000158   Code   RO         7602    i.recv_udp          api_msg.o
    0x08043c78   0x08043c78   0x00000118   Code   RO         6515    i.reset             sfud.o
    0x08043d90   0x08043d90   0x00000006   Code   RO          963    i.retry_delay_100us  delay.o
    0x08043d96   0x08043d96   0x00000056   Code   RO         6865    i.sector_iterator   ef_env.o
    0x08043dec   0x08043dec   0x00000022   Code   RO         6866    i.sector_statistics_cb  ef_env.o
    0x08043e0e   0x08043e0e   0x00000002   PAD
    0x08043e10   0x08043e10   0x000000cc   Code   RO         7603    i.sent_tcp          api_msg.o
    0x08043edc   0x08043edc   0x00000124   Code   RO         6516    i.set_4_byte_address_mode  sfud.o
    0x08044000   0x08044000   0x00000088   Code   RO         6867    i.set_env           ef_env.o
    0x08044088   0x08044088   0x0000002c   Code   RO         6868    i.set_status        ef_env.o
    0x080440b4   0x080440b4   0x000000d0   Code   RO         6517    i.set_write_enabled  sfud.o
    0x08044184   0x08044184   0x00000044   Code   RO         7604    i.setup_tcp         api_msg.o
    0x080441c8   0x080441c8   0x00000140   Code   RO         6518    i.sfud_chip_erase   sfud.o
    0x08044308   0x08044308   0x000000e8   Code   RO         6519    i.sfud_device_init  sfud.o
    0x080443f0   0x080443f0   0x000001d0   Code   RO         6520    i.sfud_erase        sfud.o
    0x080445c0   0x080445c0   0x00000008   Code   RO         6524    i.sfud_get_device_table  sfud.o
    0x080445c8   0x080445c8   0x000000a4   Code   RO         6525    i.sfud_init         sfud.o
    0x0804466c   0x0804466c   0x00000044   Code   RO         6661    i.sfud_log_debug    sfud_port.o
    0x080446b0   0x080446b0   0x00000038   Code   RO         6662    i.sfud_log_info     sfud_port.o
    0x080446e8   0x080446e8   0x00000144   Code   RO         6526    i.sfud_read         sfud.o
    0x0804482c   0x0804482c   0x00000098   Code   RO         6527    i.sfud_read_status  sfud.o
    0x080448c4   0x080448c4   0x000000cc   Code   RO         6663    i.sfud_spi_port_init  sfud_port.o
    0x08044990   0x08044990   0x0000002a   Code   RO         6528    i.sfud_write        sfud.o
    0x080449ba   0x080449ba   0x00000002   PAD
    0x080449bc   0x080449bc   0x000000e0   Code   RO         6529    i.sfud_write_status  sfud.o
    0x08044a9c   0x08044a9c   0x00000004   Code   RO         6664    i.spi_lock          sfud_port.o
    0x08044aa0   0x08044aa0   0x00000004   Code   RO         6665    i.spi_unlock        sfud_port.o
    0x08044aa4   0x08044aa4   0x0000012c   Code   RO         6666    i.spi_write_read    sfud_port.o
    0x08044bd0   0x08044bd0   0x000000a0   Code   RO         9757    i.sys_arch_mbox_fetch  sys_arch.o
    0x08044c70   0x08044c70   0x0000002c   Code   RO         9758    i.sys_arch_mbox_tryfetch  sys_arch.o
    0x08044c9c   0x08044c9c   0x0000006c   Code   RO         9759    i.sys_arch_sem_wait  sys_arch.o
    0x08044d08   0x08044d08   0x00000002   Code   RO         9760    i.sys_init          sys_arch.o
    0x08044d0a   0x08044d0a   0x00000010   Code   RO         9761    i.sys_mbox_free     sys_arch.o
    0x08044d1a   0x08044d1a   0x00000002   PAD
    0x08044d1c   0x08044d1c   0x00000088   Code   RO         9762    i.sys_mbox_new      sys_arch.o
    0x08044da4   0x08044da4   0x00000060   Code   RO         9763    i.sys_mbox_post     sys_arch.o
    0x08044e04   0x08044e04   0x00000006   Code   RO         9764    i.sys_mbox_set_invalid  sys_arch.o
    0x08044e0a   0x08044e0a   0x00000002   PAD
    0x08044e0c   0x08044e0c   0x00000060   Code   RO         9765    i.sys_mbox_trypost  sys_arch.o
    0x08044e6c   0x08044e6c   0x0000000a   Code   RO         9766    i.sys_mbox_valid    sys_arch.o
    0x08044e76   0x08044e76   0x00000010   Code   RO         9768    i.sys_sem_free      sys_arch.o
    0x08044e86   0x08044e86   0x00000018   Code   RO         9769    i.sys_sem_new       sys_arch.o
    0x08044e9e   0x08044e9e   0x00000006   Code   RO         9770    i.sys_sem_set_invalid  sys_arch.o
    0x08044ea4   0x08044ea4   0x00000016   Code   RO         9771    i.sys_sem_signal    sys_arch.o
    0x08044eba   0x08044eba   0x0000000a   Code   RO         9772    i.sys_sem_valid     sys_arch.o
    0x08044ec4   0x08044ec4   0x00000030   Code   RO         9773    i.sys_thread_new    sys_arch.o
    0x08044ef4   0x08044ef4   0x00000100   Code   RO         9200    i.sys_timeout       timers_1.o
    0x08044ff4   0x08044ff4   0x00000054   Code   RO         9201    i.sys_timeouts_init  timers_1.o
    0x08045048   0x08045048   0x00000064   Code   RO         9202    i.sys_timeouts_mbox_fetch  timers_1.o
    0x080450ac   0x080450ac   0x00000048   Code   RO         9203    i.sys_untimeout     timers_1.o
    0x080450f4   0x080450f4   0x00000128   Code   RO         8830    i.tcp_abandon       tcp.o
    0x0804521c   0x0804521c   0x00000006   Code   RO         8831    i.tcp_abort         tcp.o
    0x08045222   0x08045222   0x00000004   Code   RO         8832    i.tcp_accept        tcp.o
    0x08045226   0x08045226   0x00000002   PAD
    0x08045228   0x08045228   0x000000f8   Code   RO         8834    i.tcp_alloc         tcp.o
    0x08045320   0x08045320   0x00000004   Code   RO         8835    i.tcp_arg           tcp.o
    0x08045324   0x08045324   0x00000014   Code   RO         8837    i.tcp_close         tcp.o
    0x08045338   0x08045338   0x000001a4   Code   RO         8838    i.tcp_close_shutdown  tcp.o
    0x080454dc   0x080454dc   0x0000018c   Code   RO         8839    i.tcp_connect       tcp.o
    0x08045668   0x08045668   0x0000009c   Code   RO         9097    i.tcp_create_segment  tcp_out.o
    0x08045704   0x08045704   0x00000020   Code   RO         8841    i.tcp_eff_send_mss  tcp.o
    0x08045724   0x08045724   0x00000220   Code   RO         9098    i.tcp_enqueue_flags  tcp_out.o
    0x08045944   0x08045944   0x00000098   Code   RO         8842    i.tcp_err           tcp.o
    0x080459dc   0x080459dc   0x0000005c   Code   RO         8843    i.tcp_fasttmr       tcp.o
    0x08045a38   0x08045a38   0x00000002   Code   RO         8844    i.tcp_init          tcp.o
    0x08045a3a   0x08045a3a   0x00000002   PAD
    0x08045a3c   0x08045a3c   0x0000050c   Code   RO         9046    i.tcp_input         tcp_in.o
    0x08045f48   0x08045f48   0x0000003c   Code   RO         9099    i.tcp_keepalive     tcp_out.o
    0x08045f84   0x08045f84   0x000000e4   Code   RO         9047    i.tcp_listen_input  tcp_in.o
    0x08046068   0x08046068   0x00000006   Code   RO         8846    i.tcp_new           tcp.o
    0x0804606e   0x0804606e   0x00000002   PAD
    0x08046070   0x08046070   0x0000005c   Code   RO         8847    i.tcp_new_port      tcp.o
    0x080460cc   0x080460cc   0x00000010   Code   RO         8848    i.tcp_next_iss      tcp.o
    0x080460dc   0x080460dc   0x0000024c   Code   RO         9100    i.tcp_output        tcp_out.o
    0x08046328   0x08046328   0x00000104   Code   RO         9101    i.tcp_output_alloc_header  tcp_out.o
    0x0804642c   0x0804642c   0x000000b0   Code   RO         9102    i.tcp_output_segment  tcp_out.o
    0x080464dc   0x080464dc   0x00000080   Code   RO         9048    i.tcp_parseopt      tcp_in.o
    0x0804655c   0x0804655c   0x000000d0   Code   RO         9103    i.tcp_pbuf_prealloc  tcp_out.o
    0x0804662c   0x0804662c   0x0000003a   Code   RO         8849    i.tcp_pcb_purge     tcp.o
    0x08046666   0x08046666   0x00000002   PAD
    0x08046668   0x08046668   0x00000108   Code   RO         8850    i.tcp_pcb_remove    tcp.o
    0x08046770   0x08046770   0x00000098   Code   RO         8851    i.tcp_poll          tcp.o
    0x08046808   0x08046808   0x00000420   Code   RO         9049    i.tcp_process       tcp_in.o
    0x08046c28   0x08046c28   0x00000064   Code   RO         8852    i.tcp_process_refused_data  tcp.o
    0x08046c8c   0x08046c8c   0x0000069c   Code   RO         9050    i.tcp_receive       tcp_in.o
    0x08047328   0x08047328   0x00000098   Code   RO         8853    i.tcp_recv          tcp.o
    0x080473c0   0x080473c0   0x00000024   Code   RO         8854    i.tcp_recv_null     tcp.o
    0x080473e4   0x080473e4   0x00000104   Code   RO         8855    i.tcp_recved        tcp.o
    0x080474e8   0x080474e8   0x00000052   Code   RO         9104    i.tcp_rexmit        tcp_out.o
    0x0804753a   0x0804753a   0x00000058   Code   RO         9105    i.tcp_rexmit_fast   tcp_out.o
    0x08047592   0x08047592   0x0000002e   Code   RO         9106    i.tcp_rexmit_rto    tcp_out.o
    0x080475c0   0x080475c0   0x00000110   Code   RO         9107    i.tcp_rst           tcp_out.o
    0x080476d0   0x080476d0   0x0000001c   Code   RO         8856    i.tcp_seg_free      tcp.o
    0x080476ec   0x080476ec   0x00000012   Code   RO         8857    i.tcp_segs_free     tcp.o
    0x080476fe   0x080476fe   0x00000048   Code   RO         9108    i.tcp_send_empty_ack  tcp_out.o
    0x08047746   0x08047746   0x00000046   Code   RO         9109    i.tcp_send_fin      tcp_out.o
    0x0804778c   0x0804778c   0x00000098   Code   RO         8858    i.tcp_sent          tcp.o
    0x08047824   0x08047824   0x0000004e   Code   RO         8860    i.tcp_shutdown      tcp.o
    0x08047872   0x08047872   0x00000002   PAD
    0x08047874   0x08047874   0x000004b4   Code   RO         8861    i.tcp_slowtmr       tcp.o
    0x08047d28   0x08047d28   0x00000034   Code   RO         9204    i.tcp_timer_needed  timers_1.o
    0x08047d5c   0x08047d5c   0x0000006c   Code   RO         9051    i.tcp_timewait_input  tcp_in.o
    0x08047dc8   0x08047dc8   0x00000020   Code   RO         8862    i.tcp_tmr           tcp.o
    0x08047de8   0x08047de8   0x000000b8   Code   RO         8863    i.tcp_update_rcv_ann_wnd  tcp.o
    0x08047ea0   0x08047ea0   0x000005f8   Code   RO         9110    i.tcp_write         tcp_out.o
    0x08048498   0x08048498   0x00000134   Code   RO         9111    i.tcp_write_checks  tcp_out.o
    0x080485cc   0x080485cc   0x00000092   Code   RO         9112    i.tcp_zero_window_probe  tcp_out.o
    0x0804865e   0x0804865e   0x00000002   PAD
    0x08048660   0x08048660   0x00000040   Code   RO         8059    i.tcpip_apimsg      tcpip.o
    0x080486a0   0x080486a0   0x0000005c   Code   RO         8060    i.tcpip_callback_with_block  tcpip.o
    0x080486fc   0x080486fc   0x000000cc   Code   RO         8063    i.tcpip_init        tcpip.o
    0x080487c8   0x080487c8   0x0000004c   Code   RO         8064    i.tcpip_input       tcpip.o
    0x08048814   0x08048814   0x00000038   Code   RO         9205    i.tcpip_tcp_timer   timers_1.o
    0x0804884c   0x0804884c   0x00000100   Code   RO         8065    i.tcpip_thread      tcpip.o
    0x0804894c   0x0804894c   0x000000b4   Code   RO          538    i.test_env          test.o
    0x08048a00   0x08048a00   0x00000014   Code   RO        10297    i.transport_getdata  transport.o
    0x08048a14   0x08048a14   0x000000f0   Code   RO        10299    i.transport_open    transport.o
    0x08048b04   0x08048b04   0x00000004   Code   RO        10300    i.transport_sendPacketBuffer  transport.o
    0x08048b08   0x08048b08   0x00000120   Code   RO         9290    i.udp_bind          udp.o
    0x08048c28   0x08048c28   0x0000004c   Code   RO         9291    i.udp_connect       udp.o
    0x08048c74   0x08048c74   0x00000002   Code   RO         9293    i.udp_init          udp.o
    0x08048c76   0x08048c76   0x00000002   PAD
    0x08048c78   0x08048c78   0x0000020c   Code   RO         9294    i.udp_input         udp.o
    0x08048e84   0x08048e84   0x0000001a   Code   RO         9295    i.udp_new           udp.o
    0x08048e9e   0x08048e9e   0x00000006   Code   RO         9296    i.udp_recv          udp.o
    0x08048ea4   0x08048ea4   0x0000002c   Code   RO         9297    i.udp_remove        udp.o
    0x08048ed0   0x08048ed0   0x00000008   Code   RO         9298    i.udp_send          udp.o
    0x08048ed8   0x08048ed8   0x00000028   Code   RO         9299    i.udp_sendto        udp.o
    0x08048f00   0x08048f00   0x0000014c   Code   RO         9300    i.udp_sendto_if     udp.o
    0x0804904c   0x0804904c   0x0000001c   Code   RO         1249    i.update_offset     cjson.o
    0x08049068   0x08049068   0x0000004c   Code   RO         6869    i.update_sec_status  ef_env.o
    0x080490b4   0x080490b4   0x000001dc   Code   RO         1846    i.upgradeDataPacket  jsonutils.o
    0x08049290   0x08049290   0x000000d0   Code   RO         1250    i.utf16_literal_to_utf8  cjson.o
    0x08049360   0x08049360   0x00000026   Code   RO         5511    i.uxListRemove      list.o
    0x08049386   0x08049386   0x00000024   Code   RO         5554    i.uxQueueMessagesWaiting  queue.o
    0x080493aa   0x080493aa   0x00000028   Code   RO         5556    i.uxQueueSpacesAvailable  queue.o
    0x080493d2   0x080493d2   0x00000002   PAD
    0x080493d4   0x080493d4   0x000000b0   Code   RO         5905    i.uxTaskGetSystemState  tasks.o
    0x08049484   0x08049484   0x00000016   Code   RO         5512    i.vListInitialise   list.o
    0x0804949a   0x0804949a   0x00000006   Code   RO         5513    i.vListInitialiseItem  list.o
    0x080494a0   0x080494a0   0x00000030   Code   RO         5514    i.vListInsert       list.o
    0x080494d0   0x080494d0   0x00000018   Code   RO         5515    i.vListInsertEnd    list.o
    0x080494e8   0x080494e8   0x00000040   Code   RO         6386    i.vPortEnterCritical  port.o
    0x08049528   0x08049528   0x00000028   Code   RO         6387    i.vPortExitCritical  port.o
    0x08049550   0x08049550   0x0000005c   Code   RO         6462    i.vPortFree         heap_4.o
    0x080495ac   0x080495ac   0x00000024   Code   RO         6388    i.vPortSetupTimerInterrupt  port.o
    0x080495d0   0x080495d0   0x00000054   Code   RO         6389    i.vPortValidateInterruptPriority  port.o
    0x08049624   0x08049624   0x00000024   Code   RO         5557    i.vQueueAddToRegistry  queue.o
    0x08049648   0x08049648   0x00000024   Code   RO         5558    i.vQueueDelete      queue.o
    0x0804966c   0x0804966c   0x00000028   Code   RO         5560    i.vQueueUnregisterQueue  queue.o
    0x08049694   0x08049694   0x00000044   Code   RO         5561    i.vQueueWaitForMessageRestricted  queue.o
    0x080496d8   0x080496d8   0x000000e4   Code   RO            8    i.vTaskComm         main.o
    0x080497bc   0x080497bc   0x0000004c   Code   RO         5910    i.vTaskDelay        tasks.o
    0x08049808   0x08049808   0x000000ac   Code   RO         5912    i.vTaskDelete       tasks.o
    0x080498b4   0x080498b4   0x00000086   Code   RO            9    i.vTaskDisplay      main.o
    0x0804993a   0x0804993a   0x00000002   PAD
    0x0804993c   0x0804993c   0x00000080   Code   RO         5914    i.vTaskGetInfo      tasks.o
    0x080499bc   0x080499bc   0x000000a4   Code   RO         5915    i.vTaskGetRunTimeStats  tasks.o
    0x08049a60   0x08049a60   0x00000058   Code   RO           10    i.vTaskHandShake    main.o
    0x08049ab8   0x08049ab8   0x00000010   Code   RO         5916    i.vTaskInternalSetTimeOutState  tasks.o
    0x08049ac8   0x08049ac8   0x000002e4   Code   RO           11    i.vTaskKey          main.o
    0x08049dac   0x08049dac   0x000000c0   Code   RO           12    i.vTaskLed          main.o
    0x08049e6c   0x08049e6c   0x000000a8   Code   RO         5917    i.vTaskList         tasks.o
    0x08049f14   0x08049f14   0x0000000c   Code   RO         5918    i.vTaskMissedYield  tasks.o
    0x08049f20   0x08049f20   0x00000010   Code   RO           13    i.vTaskMqttTest     main.o
    0x08049f30   0x08049f30   0x00000030   Code   RO         5920    i.vTaskPlaceOnEventList  tasks.o
    0x08049f60   0x08049f60   0x00000038   Code   RO         5921    i.vTaskPlaceOnEventListRestricted  tasks.o
    0x08049f98   0x08049f98   0x000000ac   Code   RO         5923    i.vTaskPriorityDisinheritAfterTimeout  tasks.o
    0x0804a044   0x0804a044   0x000000e4   Code   RO           14    i.vTaskQR           main.o
    0x0804a128   0x0804a128   0x000000b8   Code   RO           15    i.vTaskReader       main.o
    0x0804a1e0   0x0804a1e0   0x00000070   Code   RO         5925    i.vTaskRemoveFromUnorderedEventList  tasks.o
    0x0804a250   0x0804a250   0x00000078   Code   RO         5929    i.vTaskStartScheduler  tasks.o
    0x0804a2c8   0x0804a2c8   0x00000010   Code   RO         5931    i.vTaskSuspendAll   tasks.o
    0x0804a2d8   0x0804a2d8   0x00000078   Code   RO         5932    i.vTaskSwitchContext  tasks.o
    0x0804a350   0x0804a350   0x000000cc   Code   RO         6530    i.wait_busy         sfud.o
    0x0804a41c   0x0804a41c   0x00000028   Code   RO        10073    i.writeCString      mqttpacket.o
    0x0804a444   0x0804a444   0x0000000c   Code   RO        10074    i.writeChar         mqttpacket.o
    0x0804a450   0x0804a450   0x0000001e   Code   RO        10075    i.writeInt          mqttpacket.o
    0x0804a46e   0x0804a46e   0x00000036   Code   RO        10076    i.writeMQTTString   mqttpacket.o
    0x0804a4a4   0x0804a4a4   0x00000032   Code   RO         6870    i.write_status      ef_env.o
    0x0804a4d6   0x0804a4d6   0x0000001a   Code   RO         5426    i.xEventGroupCreate  event_groups.o
    0x0804a4f0   0x0804a4f0   0x0000008c   Code   RO         5428    i.xEventGroupSetBits  event_groups.o
    0x0804a57c   0x0804a57c   0x0000000c   Code   RO         6464    i.xPortGetFreeHeapSize  heap_4.o
    0x0804a588   0x0804a588   0x000000f4   Code   RO         6390    i.xPortStartScheduler  port.o
    0x0804a67c   0x0804a67c   0x0000002c   Code   RO         6391    i.xPortSysTickHandler  port.o
    0x0804a6a8   0x0804a6a8   0x0000003a   Code   RO         5562    i.xQueueCreateCountingSemaphore  queue.o
    0x0804a6e2   0x0804a6e2   0x00000024   Code   RO         5563    i.xQueueCreateMutex  queue.o
    0x0804a706   0x0804a706   0x00000052   Code   RO         5564    i.xQueueGenericCreate  queue.o
    0x0804a758   0x0804a758   0x00000088   Code   RO         5565    i.xQueueGenericReset  queue.o
    0x0804a7e0   0x0804a7e0   0x00000164   Code   RO         5566    i.xQueueGenericSend  queue.o
    0x0804a944   0x0804a944   0x000000bc   Code   RO         5567    i.xQueueGenericSendFromISR  queue.o
    0x0804aa00   0x0804aa00   0x00000138   Code   RO         5574    i.xQueueReceive     queue.o
    0x0804ab38   0x0804ab38   0x00000178   Code   RO         5576    i.xQueueSemaphoreTake  queue.o
    0x0804acb0   0x0804acb0   0x00000074   Code   RO         5933    i.xTaskCheckForTimeOut  tasks.o
    0x0804ad24   0x0804ad24   0x00000056   Code   RO         5934    i.xTaskCreate       tasks.o
    0x0804ad7a   0x0804ad7a   0x00000002   PAD
    0x0804ad7c   0x0804ad7c   0x0000001c   Code   RO         5938    i.xTaskGetSchedulerState  tasks.o
    0x0804ad98   0x0804ad98   0x0000000c   Code   RO         5939    i.xTaskGetTickCount  tasks.o
    0x0804ada4   0x0804ada4   0x000000c8   Code   RO         5941    i.xTaskIncrementTick  tasks.o
    0x0804ae6c   0x0804ae6c   0x00000098   Code   RO         5944    i.xTaskPriorityDisinherit  tasks.o
    0x0804af04   0x0804af04   0x00000094   Code   RO         5945    i.xTaskPriorityInherit  tasks.o
    0x0804af98   0x0804af98   0x00000074   Code   RO         5946    i.xTaskRemoveFromEventList  tasks.o
    0x0804b00c   0x0804b00c   0x000000c4   Code   RO         5947    i.xTaskResumeAll    tasks.o
    0x0804b0d0   0x0804b0d0   0x0000004c   Code   RO         6259    i.xTimerCreateTimerTask  timers.o
    0x0804b11c   0x0804b11c   0x0000005c   Code   RO         6260    i.xTimerGenericCommand  timers.o
    0x0804b178   0x0804b178   0x00000018   Code   RO          769    i.xorCRC            tool.o
    0x0804b190   0x0804b190   0x0000002c   Code   RO        10719    locale$$code        c_w.l(lc_ctype_c.o)
    0x0804b1bc   0x0804b1bc   0x0000002c   Code   RO        10722    locale$$code        c_w.l(lc_numeric_c.o)
    0x0804b1e8   0x0804b1e8   0x00000062   Code   RO        10773    x$fpl$d2f           fz_wm.l(d2f.o)
    0x0804b24a   0x0804b24a   0x00000002   PAD
    0x0804b24c   0x0804b24c   0x00000010   Code   RO        10861    x$fpl$dcheck1       fz_wm.l(dcheck1.o)
    0x0804b25c   0x0804b25c   0x00000018   Code   RO        10625    x$fpl$dcmpinf       fz_wm.l(dcmpi.o)
    0x0804b274   0x0804b274   0x00000078   Code   RO        10485    x$fpl$deqf          fz_wm.l(deqf.o)
    0x0804b2ec   0x0804b2ec   0x0000005e   Code   RO        10487    x$fpl$dfix          fz_wm.l(dfix.o)
    0x0804b34a   0x0804b34a   0x00000002   PAD
    0x0804b34c   0x0804b34c   0x00000078   Code   RO        10497    x$fpl$dleqf         fz_wm.l(dleqf.o)
    0x0804b3c4   0x0804b3c4   0x00000154   Code   RO        10807    x$fpl$dmul          fz_wm.l(dmul.o)
    0x0804b518   0x0804b518   0x0000009c   Code   RO        10627    x$fpl$dnaninf       fz_wm.l(dnaninf.o)
    0x0804b5b4   0x0804b5b4   0x0000000c   Code   RO        10629    x$fpl$dretinf       fz_wm.l(dretinf.o)
    0x0804b5c0   0x0804b5c0   0x0000006c   Code   RO        10499    x$fpl$drleqf        fz_wm.l(drleqf.o)
    0x0804b62c   0x0804b62c   0x0000000a   Code   RO        10730    x$fpl$fpinit        fz_wm.l(fpinit.o)
    0x0804b636   0x0804b636   0x0000000a   Code   RO        10809    x$fpl$fretinf       fz_wm.l(fretinf.o)
    0x0804b640   0x0804b640   0x00000006   Code   RO        10732    x$fpl$ieeestatus    fz_wm.l(istatus.o)
    0x0804b646   0x0804b646   0x00000004   Code   RO        10503    x$fpl$printf1       fz_wm.l(printf1.o)
    0x0804b64a   0x0804b64a   0x00000004   Code   RO        10633    x$fpl$printf2       fz_wm.l(printf2.o)
    0x0804b64e   0x0804b64e   0x00000064   Code   RO        10871    x$fpl$retnan        fz_wm.l(retnan.o)
    0x0804b6b2   0x0804b6b2   0x0000005c   Code   RO        10834    x$fpl$scalbn        fz_wm.l(scalbn.o)
    0x0804b70e   0x0804b70e   0x00000004   Code   RO        10505    x$fpl$scanf1        fz_wm.l(scanf1.o)
    0x0804b712   0x0804b712   0x00000008   Code   RO        10734    x$fpl$scanf2        fz_wm.l(scanf2.o)
    0x0804b71a   0x0804b71a   0x00000030   Code   RO        10889    x$fpl$trapveneer    fz_wm.l(trapv.o)
    0x0804b74a   0x0804b74a   0x00000000   Code   RO        10639    x$fpl$usenofp       fz_wm.l(usenofp.o)
    0x0804b74a   0x0804b74a   0x00000018   Data   RO           16    .constdata          main.o
    0x0804b762   0x0804b762   0x00000040   Data   RO          633    .constdata          comm.o
    0x0804b7a2   0x0804b7a2   0x00000200   Data   RO          770    .constdata          tool.o
    0x0804b9a2   0x0804b9a2   0x00000002   PAD
    0x0804b9a4   0x0804b9a4   0x00000064   Data   RO          849    .constdata          mqtt_app.o
    0x0804ba08   0x0804ba08   0x00000006   Data   RO          875    .constdata          version.o
    0x0804ba0e   0x0804ba0e   0x00000006   Data   RO          876    .constdata          version.o
    0x0804ba14   0x0804ba14   0x00000015   Data   RO          877    .constdata          version.o
    0x0804ba29   0x0804ba29   0x00000013   Data   RO          878    .constdata          version.o
    0x0804ba3c   0x0804ba3c   0x0000000c   Data   RO          879    .constdata          version.o
    0x0804ba48   0x0804ba48   0x0000001c   Data   RO          880    .constdata          version.o
    0x0804ba64   0x0804ba64   0x00000024   Data   RO         1765    .constdata          malloc.o
    0x0804ba88   0x0804ba88   0x0000003e   Data   RO         1848    .constdata          jsonutils.o
    0x0804bac6   0x0804bac6   0x00000002   PAD
    0x0804bac8   0x0804bac8   0x000002ff   Data   RO         6532    .constdata          sfud.o
    0x0804bdc7   0x0804bdc7   0x0000000f   Data   RO         6668    .constdata          sfud_port.o
    0x0804bdd6   0x0804bdd6   0x00000002   PAD
    0x0804bdd8   0x0804bdd8   0x00000400   Data   RO         6734    .constdata          ef_utils.o
    0x0804c1d8   0x0804c1d8   0x00000060   Data   RO         6759    .constdata          ef_port.o
    0x0804c238   0x0804c238   0x00000023   Data   RO         7130    .constdata          elog_utils.o
    0x0804c25b   0x0804c25b   0x0000008c   Data   RO         7174    .constdata          elog.o
    0x0804c2e7   0x0804c2e7   0x00000001   PAD
    0x0804c2e8   0x0804c2e8   0x00000040   Data   RO         7910    .constdata          sockets.o
    0x0804c328   0x0804c328   0x0000003c   Data   RO         8515    .constdata          memp.o
    0x0804c364   0x0804c364   0x00000054   Data   RO         8864    .constdata          tcp.o
    0x0804c3b8   0x0804c3b8   0x00000004   Data   RO         9507    .constdata          ip_addr.o
    0x0804c3bc   0x0804c3bc   0x00000004   Data   RO         9508    .constdata          ip_addr.o
    0x0804c3c0   0x0804c3c0   0x0000000c   Data   RO         9625    .constdata          etharp.o
    0x0804c3cc   0x0804c3cc   0x00000004   Data   RO         9774    .constdata          sys_arch.o
    0x0804c3d0   0x0804c3d0   0x00000028   Data   RO        10408    .constdata          c_w.l(_printf_hex_int_ll_ptr.o)
    0x0804c3f8   0x0804c3f8   0x00000011   Data   RO        10428    .constdata          c_w.l(__printf_flags_ss_wp.o)
    0x0804c409   0x0804c409   0x00000003   PAD
    0x0804c40c   0x0804c40c   0x00000008   Data   RO        10544    .constdata          c_w.l(_printf_wctomb.o)
    0x0804c414   0x0804c414   0x00000026   Data   RO        10675    .constdata          c_w.l(_printf_fp_hex.o)
    0x0804c43a   0x0804c43a   0x00000002   PAD
    0x0804c43c   0x0804c43c   0x00000094   Data   RO        10688    .constdata          c_w.l(bigflt0.o)
    0x0804c4d0   0x0804c4d0   0x00000051   Data   RO          634    .conststring        comm.o
    0x0804c521   0x0804c521   0x00000003   PAD
    0x0804c524   0x0804c524   0x000001f1   Data   RO         6533    .conststring        sfud.o
    0x0804c715   0x0804c715   0x00000003   PAD
    0x0804c718   0x0804c718   0x0000004a   Data   RO         6718    .conststring        easyflash.o
    0x0804c762   0x0804c762   0x00000002   PAD
    0x0804c764   0x0804c764   0x0000007b   Data   RO         6760    .conststring        ef_port.o
    0x0804c7df   0x0804c7df   0x00000001   PAD
    0x0804c7e0   0x0804c7e0   0x0000004c   Data   RO         6872    .conststring        ef_env.o
    0x0804c82c   0x0804c82c   0x00000047   Data   RO         7175    .conststring        elog.o
    0x0804c873   0x0804c873   0x00000001   PAD
    0x0804c874   0x0804c874   0x0000008c   Data   RO         8216    .conststring        dhcp.o
    0x0804c900   0x0804c900   0x00000075   Data   RO         8865    .conststring        tcp.o
    0x0804c975   0x0804c975   0x00000003   PAD
    0x0804c978   0x0804c978   0x00000055   Data   RO         9113    .conststring        tcp_out.o
    0x0804c9cd   0x0804c9cd   0x00000003   PAD
    0x0804c9d0   0x0804c9d0   0x00000044   Data   RO         9626    .conststring        etharp.o
    0x0804ca14   0x0804ca14   0x00000020   Data   RO        10891    Region$$Table       anon$$obj.o
    0x0804ca34   0x0804ca34   0x00000008   Data   RO        10726    c$$dinf             fz_wm.l(fpconst.o)
    0x0804ca3c   0x0804ca3c   0x00000008   Data   RO        10729    c$$dmax             fz_wm.l(fpconst.o)
    0x0804ca44   0x0804ca44   0x00000110   Data   RO        10718    locale$$data        c_w.l(lc_ctype_c.o)
    0x0804cb54   0x0804cb54   0x0000001c   Data   RO        10721    locale$$data        c_w.l(lc_numeric_c.o)


    Execution Region RW_IRAM1 (Exec base: 0x20000000, Load base: 0x0804cb70, Size: 0x0001e1e0, Max: 0x00020000, ABSOLUTE, COMPRESSED[0x000000e4])

    Exec Addr    Load Addr    Size         Type   Attr      Idx    E Section Name        Object

    0x20000000   COMPRESSED   0x0000002c   Data   RW           17    .data               main.o
    0x2000002c   COMPRESSED   0x00000014   Data   RW          498    .data               system_stm32f4xx.o
    0x20000040   COMPRESSED   0x00000060   Data   RW          635    .data               comm.o
    0x200000a0   COMPRESSED   0x00000004   Data   RW          964    .data               delay.o
    0x200000a4   COMPRESSED   0x00000014   Data   RW         1252    .data               cjson.o
    0x200000b8   COMPRESSED   0x00000024   Data   RW         1766    .data               malloc.o
    0x200000dc   COMPRESSED   0x00000001   Data   RW         2095    .data               bsp_key.o
    0x200000dd   COMPRESSED   0x00000003   PAD
    0x200000e0   COMPRESSED   0x0000000c   Data   RW         2143    .data               bsp_time.o
    0x200000ec   COMPRESSED   0x00000005   Data   RW         2234    .data               bsp_wiegand.o
    0x200000f1   COMPRESSED   0x00000003   PAD
    0x200000f4   COMPRESSED   0x00000004   Data   RW         2316    .data               bsp_uart_fifo.o
    0x200000f8   COMPRESSED   0x00000010   Data   RW         2503    .data               lan8720.o
    0x20000108   COMPRESSED   0x00000002   Data   RW         2643    .data               bsp_dipswitch.o
    0x2000010a   COMPRESSED   0x00000010   Data   RW         3087    .data               stm32f4xx_rcc.o
    0x2000011a   COMPRESSED   0x00000002   PAD
    0x2000011c   COMPRESSED   0x0000000c   Data   RW         4965    .data               stm32f4x7_eth.o
    0x20000128   COMPRESSED   0x00000044   Data   RW         5950    .data               tasks.o
    0x2000016c   COMPRESSED   0x00000014   Data   RW         6266    .data               timers.o
    0x20000180   COMPRESSED   0x0000000c   Data   RW         6392    .data               port.o
    0x2000018c   COMPRESSED   0x00000018   Data   RW         6467    .data               heap_4.o
    0x200001a4   COMPRESSED   0x00000044   Data   RW         6534    .data               sfud.o
    0x200001e8   COMPRESSED   0x0000000c   Data   RW         6669    .data               sfud_port.o
    0x200001f4   COMPRESSED   0x00000010   Data   RW         6873    .data               ef_env.o
    0x20000204   COMPRESSED   0x00000034   Data   RW         7176    .data               elog.o
    0x20000238   COMPRESSED   0x00000004   Data   RW         7298    .data               lwip_comm.o
    0x2000023c   COMPRESSED   0x00000014   Data   RW         7830    .data               netdb.o
    0x20000250   COMPRESSED   0x00000008   Data   RW         7911    .data               sockets.o
    0x20000258   COMPRESSED   0x0000000c   Data   RW         8069    .data               tcpip.o
    0x20000264   COMPRESSED   0x00000004   Data   RW         8217    .data               dhcp.o
    0x20000268   COMPRESSED   0x00000014   Data   RW         8374    .data               dns.o
    0x2000027c   COMPRESSED   0x00000014   Data   RW         8472    .data               mem.o
    0x20000290   COMPRESSED   0x00000004   Data   RW         8518    .data               memp.o
    0x20000294   COMPRESSED   0x0000000c   Data   RW         8575    .data               netif.o
    0x200002a0   COMPRESSED   0x00000004   Data   RW         8776    .data               raw.o
    0x200002a4   COMPRESSED   0x00000024   Data   RW         8866    .data               tcp.o
    0x200002c8   COMPRESSED   0x0000001c   Data   RW         9053    .data               tcp_in.o
    0x200002e4   COMPRESSED   0x00000008   Data   RW         9206    .data               timers_1.o
    0x200002ec   COMPRESSED   0x00000008   Data   RW         9301    .data               udp.o
    0x200002f4   COMPRESSED   0x00000014   Data   RW         9465    .data               ip.o
    0x20000308   COMPRESSED   0x00000008   Data   RW         9563    .data               ip_frag.o
    0x20000310   COMPRESSED   0x00000001   Data   RW         9627    .data               etharp.o
    0x20000311   COMPRESSED   0x00000003   PAD
    0x20000314   COMPRESSED   0x00000004   Data   RW         9775    .data               sys_arch.o
    0x20000318   COMPRESSED   0x00000004   Data   RW        10077    .data               mqttpacket.o
    0x2000031c   COMPRESSED   0x0000000c   Data   RW        10301    .data               transport.o
    0x20000328        -       0x00000058   Zero   RW          874    .bss                version.o
    0x20000380        -       0x00000042   Zero   RW          928    .bss                rs485_process.o
    0x200003c2   COMPRESSED   0x00000002   PAD
    0x200003c4        -       0x0000f000   Zero   RW         1763    .bss                malloc.o
    0x2000f3c4        -       0x00000f00   Zero   RW         1764    .bss                malloc.o
    0x200102c4        -       0x00000800   Zero   RW         1847    .bss                jsonutils.o
    0x20010ac4        -       0x00000010   Zero   RW         2233    .bss                bsp_wiegand.o
    0x20010ad4        -       0x00001878   Zero   RW         2315    .bss                bsp_uart_fifo.o
    0x2001234c        -       0x0000000c   Zero   RW         4964    .bss                stm32f4x7_eth.o
    0x20012358        -       0x00000040   Zero   RW         5578    .bss                queue.o
    0x20012398        -       0x0000012c   Zero   RW         5949    .bss                tasks.o
    0x200124c4        -       0x00000028   Zero   RW         6265    .bss                timers.o
    0x200124ec        -       0x0000a000   Zero   RW         6466    .bss                heap_4.o
    0x2001c4ec        -       0x00000105   Zero   RW         6531    .bss                sfud.o
    0x2001c5f1        -       0x00000100   Zero   RW         6667    .bss                sfud_port.o
    0x2001c6f1        -       0x00000080   Zero   RW         6758    .bss                ef_port.o
    0x2001c771   COMPRESSED   0x00000003   PAD
    0x2001c774        -       0x00000250   Zero   RW         6871    .bss                ef_env.o
    0x2001c9c4        -       0x00000010   Zero   RW         7074    .bss                elog_port.o
    0x2001c9d4        -       0x00000854   Zero   RW         7173    .bss                elog.o
    0x2001d228        -       0x0000004c   Zero   RW         7297    .bss                lwip_comm.o
    0x2001d274        -       0x00000014   Zero   RW         7829    .bss                netdb.o
    0x2001d288        -       0x00000060   Zero   RW         7909    .bss                sockets.o
    0x2001d2e8        -       0x00000032   Zero   RW         8215    .bss                dhcp.o
    0x2001d31a   COMPRESSED   0x00000002   PAD
    0x2001d31c        -       0x00000663   Zero   RW         8373    .bss                dns.o
    0x2001d97f   COMPRESSED   0x00000001   PAD
    0x2001d980        -       0x0000003c   Zero   RW         8514    .bss                memp.o
    0x2001d9bc        -       0x00000014   Zero   RW         9052    .bss                tcp_in.o
    0x2001d9d0        -       0x000000c8   Zero   RW         9624    .bss                etharp.o
    0x2001da98        -       0x000000e4   Zero   RW        10446    .bss                c_w.l(rand.o)
    0x2001db7c        -       0x00000060   Zero   RW        10641    .bss                c_w.l(libspace.o)
    0x2001dbdc   COMPRESSED   0x00000004   PAD
    0x2001dbe0        -       0x00000200   Zero   RW         5403    HEAP                startup_stm32f40_41xxx.o
    0x2001dde0        -       0x00000400   Zero   RW         5402    STACK               startup_stm32f40_41xxx.o



  Load Region LR$$.ARM.__AT_0x10000000 (Base: 0x10000000, Size: 0x00000000, Max: 0x0000c800, ABSOLUTE)

    Execution Region ER$$.ARM.__AT_0x10000000 (Exec base: 0x10000000, Load base: 0x10000000, Size: 0x0000c800, Max: 0x0000c800, ABSOLUTE, UNINIT)

    Exec Addr    Load Addr    Size         Type   Attr      Idx    E Section Name        Object

    0x10000000        -       0x0000c800   Zero   RW         1759    .ARM.__AT_0x10000000  malloc.o



  Load Region LR$$.ARM.__AT_0x1000C800 (Base: 0x1000c800, Size: 0x00000000, Max: 0x00000c80, ABSOLUTE)

    Execution Region ER$$.ARM.__AT_0x1000C800 (Exec base: 0x1000c800, Load base: 0x1000c800, Size: 0x00000c80, Max: 0x00000c80, ABSOLUTE, UNINIT)

    Exec Addr    Load Addr    Size         Type   Attr      Idx    E Section Name        Object

    0x1000c800        -       0x00000c80   Zero   RW         1760    .ARM.__AT_0x1000C800  malloc.o



  Load Region LR$$.ARM.__AT_0x68000000 (Base: 0x68000000, Size: 0x00000000, Max: 0x00014000, ABSOLUTE)

    Execution Region ER$$.ARM.__AT_0x68000000 (Exec base: 0x68000000, Load base: 0x68000000, Size: 0x00014000, Max: 0x00014000, ABSOLUTE, UNINIT)

    Exec Addr    Load Addr    Size         Type   Attr      Idx    E Section Name        Object

    0x68000000        -       0x00014000   Zero   RW         1761    .ARM.__AT_0x68000000  malloc.o



  Load Region LR$$.ARM.__AT_0x68014000 (Base: 0x68014000, Size: 0x00000000, Max: 0x00001400, ABSOLUTE)

    Execution Region ER$$.ARM.__AT_0x68014000 (Exec base: 0x68014000, Load base: 0x68014000, Size: 0x00001400, Max: 0x00001400, ABSOLUTE, UNINIT)

    Exec Addr    Load Addr    Size         Type   Attr      Idx    E Section Name        Object

    0x68014000        -       0x00001400   Zero   RW         1762    .ARM.__AT_0x68014000  malloc.o


==============================================================================

Image component sizes


      Code (inc. data)   RO Data    RW Data    ZI Data      Debug   Object Name

      2684       1460          0          0          0      23995   api_lib.o
      6080       2764          0          0          0      20465   api_msg.o
        68          0          0          0          0       1547   bsp.o
        64          6          0          0          0        564   bsp_beep.o
       300         46          0          0          0       3656   bsp_digitaltube.o
       108         10          0          2          0        669   bsp_dipswitch.o
       264         20          0          1          0       1358   bsp_key.o
       160         14          0          0          0        643   bsp_led.o
      1206        180          0          0          0       6652   bsp_tim_pwm.o
       224         32          0         12          0       2492   bsp_time.o
      1376         80          0          4       6264      13227   bsp_uart_fifo.o
       760         42          0          5         16       6351   bsp_wiegand.o
      3796        156          0         20          0      32279   cjson.o
      1246        556        145         96          0      19579   comm.o
        16          0          0          0          0       2630   def.o
       190         14          0          4          0       3673   delay.o
      5928       2056        140          4         50      22700   dhcp.o
      1674        396          0         20       1635       9997   dns.o
       144         90         74          0          0       2029   easyflash.o
      3272        436         76         16        592      33467   ef_env.o
       234         34        219          0        128       8451   ef_port.o
        36          4       1024          0          0       1260   ef_utils.o
      1760        670        211         52       2132      13725   elog.o
        78         30          0          0         16       6972   elog_port.o
       252        104         35          0          0       2825   elog_utils.o
         0          0          0          0          0        672   err.o
      3336       1312         80          1        200      15260   etharp.o
       476        132          0          0          0       5432   ethernetif.o
       166          0          0          0          0      11421   event_groups.o
       472         30          0         24      40960       5058   heap_4.o
       912        466          0          0          0       3714   icmp.o
       170          0          0          0          0       2909   inet_chksum.o
       148         90          0          0          0      27002   ini.o
        42          0          0          0          0       1276   init.o
       964        264          0         20          0       7753   ip.o
       430        108          8          0          0       9014   ip_addr.o
      2544        932          0          8          0      10632   ip_frag.o
      1692        758         62          0       2048       4786   jsonutils.o
       756         62          0         16          0       6125   lan8720.o
       138          0          0          0          0       3234   list.o
      1292        630          0          4         76      28103   lwip_comm.o
      2690       1050         24         44          0     365335   main.o
       562         48         36         36     206720      10080   malloc.o
      1800        870          0         20          0       5593   mem.o
       494        280         60          4         60       4962   memp.o
       164         22          0          0          0       3023   misc.o
      2092       1080        100          0          0       1850   mqtt_app.o
       552         18          0          0          0       5544   mqttconnectclient.o
       140          0          0          0          0       1558   mqttdeserializepublish.o
       496         20          0          4          0      10338   mqttpacket.o
       164          0          0          0          0       2426   mqttserializepublish.o
       308          0          0          0          0       3591   mqttsubscribeclient.o
       374        224          0          0          0       7315   netbuf.o
        68          8          0         20         20       9079   netdb.o
       432        126          0         12          0       8439   netif.o
      3226       1632          0          0          0      10567   pbuf.o
       786         80          0         12          0      11421   port.o
      2078         26          0          0         64      21861   queue.o
       506        142          0          4          0       5628   raw.o
       108          0          0          0         66       2651   rs485_process.o
      4886       2322       1264         68        261      16848   sfud.o
       788        182         15         12        256       8814   sfud_port.o
      2586        684         64          8         96      14613   sockets.o
        64         26        392          0       1536        872   startup_stm32f40_41xxx.o
      1546        150          0         12         12      15819   stm32f4x7_eth.o
       144         14          0          0          0       2496   stm32f4xx_exti.o
        48         20          0          0          0       1157   stm32f4xx_flash.o
       184          0          0          0          0       4631   stm32f4xx_gpio.o
        86         50          0          0          0       3021   stm32f4xx_it.o
       288         48          0         16          0       7138   stm32f4xx_rcc.o
       250         24          0          0          0       5362   stm32f4xx_spi.o
        60         10          0          0          0       1382   stm32f4xx_syscfg.o
       740         60          0          0          0      12769   stm32f4xx_tim.o
       338          8          0          0          0       6851   stm32f4xx_usart.o
        16          0          0          0          0        541   stmflash.o
       868        120          4          4          0      20591   sys_arch.o
       272         38          0         20          0       1897   system_stm32f4xx.o
      3544        304          0         68        300      35104   tasks.o
      4504       1756        201         36          0      31930   tcp.o
      4504        994          0         28         20      17143   tcp_in.o
      4604       1516         85          0          0      16983   tcp_out.o
       692        282          0         12          0       9958   tcpip.o
       180         66          0          0          0       2143   test.o
       924         84          0         20         40      19835   timers.o
       760        242          0          8          0       8019   timers_1.o
       376         68        512          0          0       5070   tool.o
       264         94          0         12          0       5052   transport.o
      1346        370          0          8          0      17928   udp.o
       152         30         92          0         88       2609   version.o

    ----------------------------------------------------------------------
     97624      29172       4978        808     263664    1171434   Object Totals
         0          0         32          0          0          0   (incl. Generated)
       112          0         23         11          8          0   (incl. Padding)

    ----------------------------------------------------------------------

      Code (inc. data)   RO Data    RW Data    ZI Data      Debug   Library Member Name

        60          8          0          0          0         84   __0sscanf.o
        24          4          0          0          0         84   __2printf.o
        56          6          0          0          0         88   __2snprintf.o
        44          6          0          0          0         84   __2sprintf.o
        90          0          0          0          0          0   __dczerorl2.o
         8          0          0          0          0         68   __main.o
       392          4         17          0          0         92   __printf_flags_ss_wp.o
        14          0          0          0          0         68   __printf_wp.o
         0          0          0          0          0          0   __rtentry.o
        12          0          0          0          0          0   __rtentry2.o
         6          0          0          0          0          0   __rtentry4.o
        52          8          0          0          0          0   __scatter.o
        28          0          0          0          0          0   __scatter_zi.o
        28          0          0          0          0         68   _chval.o
         6          0          0          0          0          0   _printf_a.o
         6          0          0          0          0          0   _printf_c.o
        44          0          0          0          0        108   _printf_char.o
        48          6          0          0          0         96   _printf_char_common.o
        36          4          0          0          0         80   _printf_char_file.o
        40          0          0          0          0         68   _printf_charcount.o
         6          0          0          0          0          0   _printf_d.o
       120         16          0          0          0         92   _printf_dec.o
         6          0          0          0          0          0   _printf_e.o
         6          0          0          0          0          0   _printf_f.o
      1054          0          0          0          0        216   _printf_fp_dec.o
       764          8         38          0          0        100   _printf_fp_hex.o
       128         16          0          0          0         84   _printf_fp_infnan.o
         6          0          0          0          0          0   _printf_g.o
       148          4         40          0          0        160   _printf_hex_int_ll_ptr.o
         6          0          0          0          0          0   _printf_i.o
       178          0          0          0          0         88   _printf_intcommon.o
        10          0          0          0          0          0   _printf_l.o
         6          0          0          0          0          0   _printf_lc.o
        10          0          0          0          0          0   _printf_ll.o
         6          0          0          0          0          0   _printf_lld.o
         6          0          0          0          0          0   _printf_lli.o
         6          0          0          0          0          0   _printf_llo.o
         6          0          0          0          0          0   _printf_llu.o
         6          0          0          0          0          0   _printf_llx.o
       124         16          0          0          0         92   _printf_longlong_dec.o
         6          0          0          0          0          0   _printf_ls.o
         6          0          0          0          0          0   _printf_n.o
         6          0          0          0          0          0   _printf_o.o
       112         10          0          0          0        124   _printf_oct_int_ll.o
         6          0          0          0          0          0   _printf_p.o
        78          0          0          0          0        108   _printf_pad.o
         0          0          0          0          0          0   _printf_percent.o
         4          0          0          0          0          0   _printf_percent_end.o
         6          0          0          0          0          0   _printf_s.o
        82          0          0          0          0         80   _printf_str.o
        36          0          0          0          0         84   _printf_truncate.o
         6          0          0          0          0          0   _printf_u.o
        44          0          0          0          0        108   _printf_wchar.o
       188          6          8          0          0         92   _printf_wctomb.o
         6          0          0          0          0          0   _printf_x.o
        22          0          0          0          0        100   _rserrno.o
       884          6          0          0          0        100   _scanf.o
        64          0          0          0          0         84   _sgetc.o
        16          0          0          0          0         68   _snputc.o
        10          0          0          0          0         68   _sputc.o
       158          0          0          0          0         92   _strtoul.o
        64          0          0          0          0         92   _wcrtomb.o
        16          0          0          0          0         68   aeabi_memset.o
        26          0          0          0          0         80   atol.o
       228          4        148          0          0         96   bigflt0.o
      2152        136          0          0          0        960   btod.o
        18          0          0          0          0         80   exit.o
         8          0          0          0          0         68   ferror.o
         6          0          0          0          0        152   heapauxi.o
        18          0          0          0          0         76   isspace.o
        44         10        272          0          0         76   lc_ctype_c.o
        44         10         28          0          0         76   lc_numeric_c.o
         2          0          0          0          0          0   libinit.o
        38          0          0          0          0          0   libinit2.o
         2          0          0          0          0          0   libshutdown.o
         2          0          0          0          0          0   libshutdown2.o
         8          4          0          0         96         68   libspace.o
        38          0          0          0          0         68   llshl.o
       138          0          0          0          0         80   lludiv10.o
        88          0          0          0          0         76   memcmp.o
       112         18          0          0        228        160   rand.o
        16          4          0          0          0         76   rt_ctype_table.o
         8          4          0          0          0         68   rt_errno_addr_intlibspace.o
         8          4          0          0          0         68   rt_locale_intlibspace.o
        68          0          0          0          0         68   rt_memclr.o
        78          0          0          0          0         80   rt_memclr_w.o
       138          0          0          0          0         68   rt_memcpy_v6.o
       100          0          0          0          0         80   rt_memcpy_w.o
         2          0          0          0          0          0   rtexit.o
        10          0          0          0          0          0   rtexit2.o
        44          8          0          0          0         84   scanf_char.o
      1272         16          0          0          0        168   scanf_fp.o
       800         14          0          0          0        100   scanf_hexfp.o
       308         16          0          0          0        100   scanf_infnan.o
        24          0          0          0          0         68   strcat.o
       128          0          0          0          0         68   strcmpv7m.o
        72          0          0          0          0         80   strcpy.o
        62          0          0          0          0         76   strlen.o
       150          0          0          0          0         80   strncmp.o
        86          0          0          0          0         76   strncpy.o
        36          0          0          0          0         80   strstr.o
       164         14          0          0          0        120   strtod.o
       112          0          0          0          0         88   strtol.o
        74          0          0          0          0         80   sys_stackheap_outer.o
        26          0          0          0          0         76   tolower.o
         2          0          0          0          0         68   use_no_semi.o
         2          0          0          0          0         68   use_no_semi_2.o
        52          4          0          0          0         80   vsnprintf.o
        36          4          0          0          0         76   vsprintf.o
        98          4          0          0          0        140   d2f.o
        16          4          0          0          0        116   dcheck1.o
        24          0          0          0          0        116   dcmpi.o
       120          4          0          0          0        140   deqf.o
        94          4          0          0          0        140   dfix.o
       120          4          0          0          0        140   dleqf.o
       340         12          0          0          0        152   dmul.o
       156          4          0          0          0        140   dnaninf.o
        12          0          0          0          0        116   dretinf.o
       108          0          0          0          0        128   drleqf.o
         0          0         16          0          0          0   fpconst.o
        10          0          0          0          0        116   fpinit.o
        10          0          0          0          0        116   fretinf.o
         6          0          0          0          0        116   istatus.o
         4          0          0          0          0        116   printf1.o
         4          0          0          0          0        116   printf2.o
       100          0          0          0          0        116   retnan.o
        92          0          0          0          0        116   scalbn.o
         4          0          0          0          0        116   scanf1.o
         8          0          0          0          0        132   scanf2.o
        48          0          0          0          0        116   trapv.o
         0          0          0          0          0          0   usenofp.o
        64         16          0          0          0        248   dunder.o
        48          0          0          0          0        124   fpclassify.o
       140         22          0          0          0        132   frexp.o
       228          8          0          0          0        308   ldexp.o
       266         16          0          0          0        308   narrow.o
        40         10          0          0          0        128   strtod.o

    ----------------------------------------------------------------------
     14442        508        572          0        328      11100   Library Totals
        16          2          5          0          4          0   (incl. Padding)

    ----------------------------------------------------------------------

      Code (inc. data)   RO Data    RW Data    ZI Data      Debug   Library Name

     12266        398        551          0        324       7348   c_w.l
      1374         36         16          0          0       2504   fz_wm.l
       786         72          0          0          0       1248   m_wm.l

    ----------------------------------------------------------------------
     14442        508        572          0        328      11100   Library Totals

    ----------------------------------------------------------------------

==============================================================================


      Code (inc. data)   RO Data    RW Data    ZI Data      Debug   

    112066      29680       5550        808     263992    1106622   Grand Totals
    112066      29680       5550        228     263992    1106622   ELF Image Totals (compressed)
    112066      29680       5550        228          0          0   ROM Totals

==============================================================================

    Total RO  Size (Code + RO Data)               117616 ( 114.86kB)
    Total RW  Size (RW Data + ZI Data)            264800 ( 258.59kB)
    Total ROM Size (Code + RO Data + RW Data)     117844 ( 115.08kB)

==============================================================================

