Component: ARM Compiler 5.06 update 6 (build 750) Tool: armlink [4d35ed]

==============================================================================

Section Cross References

    main.o(i.AppObjCreate) refers to event_groups.o(i.xEventGroupCreate) for xEventGroupCreate
    main.o(i.AppObjCreate) refers to main.o(i.App_Printf) for App_Printf
    main.o(i.AppObjCreate) refers to queue.o(i.xQueueCreateMutex) for xQueueCreateMutex
    main.o(i.AppObjCreate) refers to queue.o(i.xQueueGenericCreate) for xQueueGenericCreate
    main.o(i.AppObjCreate) refers to main.o(.data) for .data
    main.o(i.AppObjCreate) refers to comm.o(.data) for xTransQueue
    main.o(i.AppTaskCreate) refers to lwip_comm.o(i.lwip_comm_dhcp_creat) for lwip_comm_dhcp_creat
    main.o(i.AppTaskCreate) refers to tasks.o(i.xTaskCreate) for xTaskCreate
    main.o(i.AppTaskCreate) refers to main.o(.data) for .data
    main.o(i.AppTaskCreate) refers to main.o(i.vTaskHandShake) for vTaskHandShake
    main.o(i.AppTaskCreate) refers to main.o(i.vTaskComm) for vTaskComm
    main.o(i.AppTaskCreate) refers to main.o(i.vTaskLed) for vTaskLed
    main.o(i.AppTaskCreate) refers to main.o(i.vTaskDisplay) for vTaskDisplay
    main.o(i.AppTaskCreate) refers to main.o(i.vTaskMqttTest) for vTaskMqttTest
    main.o(i.AppTaskCreate) refers to main.o(i.vTaskReader) for vTaskReader
    main.o(i.AppTaskCreate) refers to main.o(i.vTaskQR) for vTaskQR
    main.o(i.AppTaskCreate) refers to main.o(i.vTaskKey) for vTaskKey
    main.o(i.AppTaskCreate) refers to main.o(i.vTaskStart) for vTaskStart
    main.o(i.App_Printf) refers to _printf_percent.o(.ARM.Collect$$_printf_percent$$00000000) for _printf_percent
    main.o(i.App_Printf) refers to _printf_s.o(.ARM.Collect$$_printf_percent$$00000014) for _printf_s
    main.o(i.App_Printf) refers to _printf_str.o(.text) for _printf_str
    main.o(i.App_Printf) refers to vsnprintf.o(.text) for vsnprintf
    main.o(i.App_Printf) refers to queue.o(i.xQueueSemaphoreTake) for xQueueSemaphoreTake
    main.o(i.App_Printf) refers to __2printf.o(.text) for __2printf
    main.o(i.App_Printf) refers to queue.o(i.xQueueGenericSend) for xQueueGenericSend
    main.o(i.App_Printf) refers to main.o(.data) for .data
    main.o(i.check_msg_queue) refers to _printf_percent.o(.ARM.Collect$$_printf_percent$$00000000) for _printf_percent
    main.o(i.check_msg_queue) refers to _printf_d.o(.ARM.Collect$$_printf_percent$$00000009) for _printf_d
    main.o(i.check_msg_queue) refers to _printf_dec.o(.text) for _printf_int_dec
    main.o(i.check_msg_queue) refers to port.o(i.vPortEnterCritical) for vPortEnterCritical
    main.o(i.check_msg_queue) refers to queue.o(i.uxQueueSpacesAvailable) for uxQueueSpacesAvailable
    main.o(i.check_msg_queue) refers to queue.o(i.uxQueueMessagesWaiting) for uxQueueMessagesWaiting
    main.o(i.check_msg_queue) refers to __2printf.o(.text) for __2printf
    main.o(i.check_msg_queue) refers to port.o(i.vPortExitCritical) for vPortExitCritical
    main.o(i.check_msg_queue) refers to comm.o(.data) for xTransQueue
    main.o(i.main) refers to bsp.o(i.bsp_Init) for bsp_Init
    main.o(i.main) refers to elog.o(i.elog_init) for elog_init
    main.o(i.main) refers to elog.o(i.elog_set_fmt) for elog_set_fmt
    main.o(i.main) refers to elog.o(i.elog_start) for elog_start
    main.o(i.main) refers to malloc.o(i.mymem_init) for mymem_init
    main.o(i.main) refers to elog.o(i.elog_output) for elog_output
    main.o(i.main) refers to delay.o(i.delay_ms) for delay_ms
    main.o(i.main) refers to lwip_comm.o(i.lwip_comm_init) for lwip_comm_init
    main.o(i.main) refers to main.o(i.AppObjCreate) for AppObjCreate
    main.o(i.main) refers to main.o(i.AppTaskCreate) for AppTaskCreate
    main.o(i.main) refers to tasks.o(i.vTaskStartScheduler) for vTaskStartScheduler
    main.o(i.main) refers to main.o(.constdata) for .constdata
    main.o(i.vTaskComm) refers to rt_memclr_w.o(.text) for __aeabi_memclr4
    main.o(i.vTaskComm) refers to bsp_dipswitch.o(i.bsp_dipswitch_read) for bsp_dipswitch_read
    main.o(i.vTaskComm) refers to elog.o(i.elog_output) for elog_output
    main.o(i.vTaskComm) refers to queue.o(i.xQueueReceive) for xQueueReceive
    main.o(i.vTaskComm) refers to rs485_process.o(i.packetDefaultSendBuf) for packetDefaultSendBuf
    main.o(i.vTaskComm) refers to bsp_uart_fifo.o(i.RS485_SendBuf) for RS485_SendBuf
    main.o(i.vTaskComm) refers to event_groups.o(i.xEventGroupSetBits) for xEventGroupSetBits
    main.o(i.vTaskComm) refers to tasks.o(i.vTaskDelay) for vTaskDelay
    main.o(i.vTaskComm) refers to rs485_process.o(i.packetSendBuf) for packetSendBuf
    main.o(i.vTaskComm) refers to main.o(.constdata) for .constdata
    main.o(i.vTaskComm) refers to comm.o(.data) for xTransQueue
    main.o(i.vTaskComm) refers to main.o(.data) for .data
    main.o(i.vTaskDisplay) refers to bsp_digitaltube.o(i.bsp_HC595Show) for bsp_HC595Show
    main.o(i.vTaskDisplay) refers to tasks.o(i.vTaskDelay) for vTaskDelay
[...]
    0x08039068   0x08039068   0x00000020   Code   RO         2391    i.bsp_TimeSysTickHandler  bsp_time.o
    0x08039088   0x08039088   0x0000008c   Code   RO         2480    i.bsp_WeiGenScanf   bsp_wiegand.o
    0x08039114   0x08039114   0x00000078   Code   RO         2481    i.bsp_WiegandInit   bsp_wiegand.o
    0x0803918c   0x0803918c   0x00000040   Code   RO         2147    i.bsp_beep_init     bsp_beep.o
    0x080391cc   0x080391cc   0x0000006c   Code   RO         2891    i.bsp_dipswitch_read  bsp_dipswitch.o
    0x08039238   0x08039238   0x00000040   Code   RO         2343    i.bsp_key_Init      bsp_key.o
    0x08039278   0x08039278   0x000000b4   Code   RO         2922    i.bsp_rtc_init      bsp_rtc.o
    0x0803932c   0x0803932c   0x00000020   Code   RO        10828    i.bufchar           mqttpacket.o
    0x0803934c   0x0803934c   0x0000002c   Code   RO         1376    i.buffer_skip_whitespace  cjson.o
    0x08039378   0x08039378   0x00000014   Code   RO         1383    i.cJSON_AddItemToObject  cjson.o
    0x0803938c   0x0803938c   0x00000030   Code   RO         1386    i.cJSON_AddNumberToObject  cjson.o
    0x080393bc   0x080393bc   0x00000030   Code   RO         1389    i.cJSON_AddStringToObject  cjson.o
    0x080393ec   0x080393ec   0x00000078   Code   RO         1400    i.cJSON_CreateNumber  cjson.o
    0x08039464   0x08039464   0x00000018   Code   RO         1401    i.cJSON_CreateObject  cjson.o
    0x0803947c   0x0803947c   0x00000030   Code   RO         1404    i.cJSON_CreateString  cjson.o
    0x080394ac   0x080394ac   0x00000048   Code   RO         1408    i.cJSON_Delete      cjson.o
    0x080394f4   0x080394f4   0x00000010   Code   RO         1419    i.cJSON_GetErrorPtr  cjson.o
    0x08039504   0x08039504   0x00000006   Code   RO         1420    i.cJSON_GetObjectItem  cjson.o
    0x0803950a   0x0803950a   0x00000016   Code   RO         1437    i.cJSON_New_Item    cjson.o
    0x08039520   0x08039520   0x00000008   Code   RO         1438    i.cJSON_Parse       cjson.o
    0x08039528   0x08039528   0x000000e4   Code   RO         1439    i.cJSON_ParseWithOpts  cjson.o
    0x0803960c   0x0803960c   0x0000000c   Code   RO         1443    i.cJSON_PrintUnformatted  cjson.o
    0x08039618   0x08039618   0x00000028   Code   RO         1452    i.cJSON_strdup      cjson.o
    0x08039640   0x08039640   0x000000c0   Code   RO         1115    i.calcFloor         rs485_process.o
    0x08039700   0x08039700   0x000000a8   Code   RO          870    i.calcMac           tool.o
    0x080397a8   0x080397a8   0x00000130   Code   RO          580    i.calcRunTime       test.o
    0x080398d8   0x080398d8   0x00000044   Code   RO         7599    i.check_and_recovery_env_cb  ef_env.o
    0x0803991c   0x0803991c   0x0000005c   Code   RO            6    i.check_msg_queue   main.o
    0x08039978   0x08039978   0x00000074   Code   RO         7600    i.check_sec_hdr_cb  ef_env.o
    0x080399ec   0x080399ec   0x00000024   Code   RO         2559    i.comSendBuf        bsp_uart_fifo.o
    0x08039a10   0x08039a10   0x00000190   Code   RO         7601    i.create_env_blob   ef_env.o
    0x08039ba0   0x08039ba0   0x00000054   Code   RO          872    i.dbg               tool.o
    0x08039bf4   0x08039bf4   0x0000004c   Code   RO          873    i.dbh               tool.o
    0x08039c40   0x08039c40   0x00000060   Code   RO         7602    i.del_env           ef_env.o
    0x08039ca0   0x08039ca0   0x00000038   Code   RO         1190    i.delay_init        delay.o
    0x08039cd8   0x08039cd8   0x00000038   Code   RO         1191    i.delay_ms          delay.o
    0x08039d10   0x08039d10   0x00000034   Code   RO         1192    i.delay_us          delay.o
    0x08039d44   0x08039d44   0x0000008c   Code   RO         8945    i.dhcp_arp_reply    dhcp.o
    0x08039dd0   0x08039dd0   0x00000164   Code   RO         8946    i.dhcp_bind         dhcp.o
    0x08039f34   0x08039f34   0x00000030   Code   RO         8947    i.dhcp_check        dhcp.o
    0x08039f64   0x08039f64   0x00000060   Code   RO         8949    i.dhcp_coarse_tmr   dhcp.o
    0x08039fc4   0x08039fc4   0x0000029c   Code   RO         8950    i.dhcp_create_msg   dhcp.o
    0x0803a260   0x0803a260   0x00000078   Code   RO         8951    i.dhcp_decline      dhcp.o
    0x0803a2d8   0x0803a2d8   0x00000110   Code   RO         8952    i.dhcp_delete_msg   dhcp.o
    0x0803a3e8   0x0803a3e8   0x000000bc   Code   RO         8953    i.dhcp_discover     dhcp.o
    0x0803a4a4   0x0803a4a4   0x00000034   Code   RO         8954    i.dhcp_fine_tmr     dhcp.o
    0x0803a4d8   0x0803a4d8   0x00000084   Code   RO         8955    i.dhcp_handle_ack   dhcp.o
    0x0803a55c   0x0803a55c   0x00000094   Code   RO         8958    i.dhcp_option       dhcp.o
    0x0803a5f0   0x0803a5f0   0x000000b8   Code   RO         8959    i.dhcp_option_byte  dhcp.o
    0x0803a6a8   0x0803a6a8   0x000000ec   Code   RO         8960    i.dhcp_option_long  dhcp.o
    0x0803a794   0x0803a794   0x00000090   Code   RO         8961    i.dhcp_option_short  dhcp.o
    0x0803a824   0x0803a824   0x00000148   Code   RO         8962    i.dhcp_option_trailer  dhcp.o
    0x0803a96c   0x0803a96c   0x00000374   Code   RO         8963    i.dhcp_parse_reply  dhcp.o
    0x0803ace0   0x0803ace0   0x00000088   Code   RO         8964    i.dhcp_rebind       dhcp.o
    0x0803ad68   0x0803ad68   0x000000a0   Code   RO         8965    i.dhcp_reboot       dhcp.o
    0x0803ae08   0x0803ae08   0x00000188   Code   RO         8966    i.dhcp_recv         dhcp.o
    0x0803af90   0x0803af90   0x000000a4   Code   RO         8967    i.dhcp_release      dhcp.o
    0x0803b034   0x0803b034   0x00000084   Code   RO         8968    i.dhcp_renew        dhcp.o
    0x0803b0b8   0x0803b0b8   0x000000e8   Code   RO         8969    i.dhcp_select       dhcp.o
    0x0803b1a0   0x0803b1a0   0x00000010   Code   RO         8970    i.dhcp_set_state    dhcp.o
    0x0803b1b0   0x0803b1b0   0x00000160   Code   RO         8972    i.dhcp_start        dhcp.o
    0x0803b310   0x0803b310   0x000000d4   Code   RO         8973    i.dhcp_stop         dhcp.o
    0x0803b3e4   0x0803b3e4   0x00000088   Code   RO         8974    i.dhcp_timeout      dhcp.o
    0x0803b46c   0x0803b46c   0x0000001c   Code   RO         9956    i.dhcp_timer_coarse  timers_1.o
    0x0803b488   0x0803b488   0x0000001c   Code   RO         9957    i.dhcp_timer_fine   timers_1.o
    0x0803b4a4   0x0803b4a4   0x00000168   Code   RO         9123    i.dns_check_entry   dns.o
    0x0803b60c   0x0803b60c   0x000000b4   Code   RO         9124    i.dns_enqueue       dns.o
    0x0803b6c0   0x0803b6c0   0x00000098   Code   RO         9125    i.dns_gethostbyname  dns.o
    0x0803b758   0x0803b758   0x00000060   Code   RO         9127    i.dns_init          dns.o
    0x0803b7b8   0x0803b7b8   0x00000022   Code   RO         9128    i.dns_parse_name    dns.o
    0x0803b7da   0x0803b7da   0x00000002   PAD
    0x0803b7dc   0x0803b7dc   0x0000016c   Code   RO         9129    i.dns_recv          dns.o
    0x0803b948   0x0803b948   0x000001a4   Code   RO         9130    i.dns_send          dns.o
    0x0803baec   0x0803baec   0x00000024   Code   RO         9131    i.dns_setserver     dns.o
    0x0803bb10   0x0803bb10   0x0000001c   Code   RO         9958    i.dns_timer         timers_1.o
    0x0803bb2c   0x0803bb2c   0x00000020   Code   RO         9132    i.dns_tmr           dns.o
    0x0803bb4c   0x0803bb4c   0x00000260   Code   RO         8340    i.do_close_internal  api_msg.o
    0x0803bdac   0x0803bdac   0x00000114   Code   RO         8341    i.do_connect        api_msg.o
    0x0803bec0   0x0803bec0   0x00000150   Code   RO         8342    i.do_connected      api_msg.o
    0x0803c010   0x0803c010   0x0000018c   Code   RO         8343    i.do_delconn        api_msg.o
    0x0803c19c   0x0803c19c   0x000000b8   Code   RO         8345    i.do_dns_found      api_msg.o
    0x0803c254   0x0803c254   0x00000064   Code   RO         7603    i.do_gc             ef_env.o
    0x0803c2b8   0x0803c2b8   0x000000f4   Code   RO         8346    i.do_getaddr        api_msg.o
    0x0803c3ac   0x0803c3ac   0x00000028   Code   RO         8347    i.do_gethostbyname  api_msg.o
    0x0803c3d4   0x0803c3d4   0x00000020   Code   RO         8349    i.do_newconn        api_msg.o
    0x0803c3f4   0x0803c3f4   0x00000044   Code   RO         8350    i.do_recv           api_msg.o
    0x0803c438   0x0803c438   0x00000080   Code   RO         8351    i.do_send           api_msg.o
    0x0803c4b8   0x0803c4b8   0x000000fc   Code   RO         8352    i.do_write          api_msg.o
    0x0803c5b4   0x0803c5b4   0x00000294   Code   RO         8353    i.do_writemore      api_msg.o
    0x0803c848   0x0803c848   0x00000074   Code   RO         6667    i.eTaskGetState     tasks.o
    0x0803c8bc   0x0803c8bc   0x00000090   Code   RO         7493    i.easyflash_init    easyflash.o
    0x0803c94c   0x0803c94c   0x00000024   Code   RO         7506    i.ef_calc_crc32     ef_utils.o
    0x0803c970   0x0803c970   0x00000054   Code   RO         7605    i.ef_del_env        ef_env.o
    0x0803c9c4   0x0803c9c4   0x0000002c   Code   RO         7606    i.ef_env_init       ef_env.o
    0x0803c9f0   0x0803c9f0   0x00000088   Code   RO         7607    i.ef_env_set_default  ef_env.o
    0x0803ca78   0x0803ca78   0x00000074   Code   RO         7608    i.ef_get_env        ef_env.o
    0x0803caec   0x0803caec   0x00000074   Code   RO         7609    i.ef_get_env_blob   ef_env.o
    0x0803cb60   0x0803cb60   0x0000001a   Code   RO         7610    i.ef_is_str         ef_env.o
    0x0803cb7a   0x0803cb7a   0x00000002   PAD
    0x0803cb7c   0x0803cb7c   0x0000004c   Code   RO         7611    i.ef_load_env       ef_env.o
    0x0803cbc8   0x0803cbc8   0x00000040   Code   RO         7523    i.ef_log_info       ef_port.o
    0x0803cc08   0x0803cc08   0x00000004   Code   RO         7524    i.ef_port_env_lock  ef_port.o
    0x0803cc0c   0x0803cc0c   0x00000004   Code   RO         7525    i.ef_port_env_unlock  ef_port.o
    0x0803cc10   0x0803cc10   0x00000022   Code   RO         7526    i.ef_port_erase     ef_port.o
    0x0803cc32   0x0803cc32   0x00000002   PAD
    0x0803cc34   0x0803cc34   0x00000018   Code   RO         7527    i.ef_port_init      ef_port.o
    0x0803cc4c   0x0803cc4c   0x00000020   Code   RO         7528    i.ef_port_read      ef_port.o
    0x0803cc6c   0x0803cc6c   0x00000024   Code   RO         7529    i.ef_port_write     ef_port.o
    0x0803cc90   0x0803cc90   0x00000024   Code   RO         7530    i.ef_print          ef_port.o
    0x0803ccb4   0x0803ccb4   0x000000a0   Code   RO         7612    i.ef_print_env      ef_env.o
    0x0803cd54   0x0803cd54   0x0000001a   Code   RO         7615    i.ef_set_env        ef_env.o
    0x0803cd6e   0x0803cd6e   0x00000002   PAD
    0x0803cd70   0x0803cd70   0x00000050   Code   RO         7616    i.ef_set_env_blob   ef_env.o
    0x0803cdc0   0x0803cdc0   0x0000002c   Code   RO         7918    i.elog_init         elog.o
    0x0803cdec   0x0803cdec   0x00000374   Code   RO         7919    i.elog_output       elog.o
    0x0803d160   0x0803d160   0x00000020   Code   RO         7920    i.elog_output_lock  elog.o
    0x0803d180   0x0803d180   0x0000002c   Code   RO         7921    i.elog_output_lock_enabled  elog.o
    0x0803d1ac   0x0803d1ac   0x00000020   Code   RO         7922    i.elog_output_unlock  elog.o
    0x0803d1cc   0x0803d1cc   0x00000008   Code   RO         7834    i.elog_port_get_p_info  elog_port.o
    0x0803d1d4   0x0803d1d4   0x00000006   Code   RO         7835    i.elog_port_get_t_info  elog_port.o
    0x0803d1da   0x0803d1da   0x00000002   PAD
    0x0803d1dc   0x0803d1dc   0x00000028   Code   RO         7836    i.elog_port_get_time  elog_port.o
    0x0803d204   0x0803d204   0x00000004   Code   RO         7837    i.elog_port_init    elog_port.o
    0x0803d208   0x0803d208   0x00000010   Code   RO         7838    i.elog_port_output  elog_port.o
    0x0803d218   0x0803d218   0x00000002   Code   RO         7839    i.elog_port_output_lock  elog_port.o
    0x0803d21a   0x0803d21a   0x00000002   Code   RO         7840    i.elog_port_output_unlock  elog_port.o
    0x0803d21c   0x0803d21c   0x000000bc   Code   RO         7926    i.elog_set_filter_lvl  elog.o
    0x0803d2d8   0x0803d2d8   0x000000c4   Code   RO         7928    i.elog_set_fmt      elog.o
    0x0803d39c   0x0803d39c   0x0000008c   Code   RO         7931    i.elog_start        elog.o
    0x0803d428   0x0803d428   0x000000fc   Code   RO         7889    i.elog_strcpy       elog_utils.o
    0x0803d524   0x0803d524   0x0000008a   Code   RO         1454    i.ensure            cjson.o
    0x0803d5ae   0x0803d5ae   0x00000062   Code   RO         7617    i.env_iterator      ef_env.o
    0x0803d610   0x0803d610   0x00000174   Code   RO         8354    i.err_tcp           api_msg.o
    0x0803d784   0x0803d784   0x00000164   Code   RO        10370    i.etharp_arp_input  etharp.o
    0x0803d8e8   0x0803d8e8   0x00000030   Code   RO        10371    i.etharp_cleanup_netif  etharp.o
    0x0803d918   0x0803d918   0x0000023c   Code   RO        10373    i.etharp_find_entry  etharp.o
    0x0803db54   0x0803db54   0x0000003c   Code   RO        10374    i.etharp_free_entry  etharp.o
    0x0803db90   0x0803db90   0x000001b0   Code   RO        10375    i.etharp_output     etharp.o
    0x0803dd40   0x0803dd40   0x000000dc   Code   RO        10376    i.etharp_output_to_arp_index  etharp.o
    0x0803de1c   0x0803de1c   0x000001c4   Code   RO        10377    i.etharp_query      etharp.o
    0x0803dfe0   0x0803dfe0   0x00000178   Code   RO        10378    i.etharp_raw        etharp.o
    0x0803e158   0x0803e158   0x00000024   Code   RO        10379    i.etharp_request    etharp.o
    0x0803e17c   0x0803e17c   0x000000a0   Code   RO        10380    i.etharp_send_ip    etharp.o
    0x0803e21c   0x0803e21c   0x00000048   Code   RO        10381    i.etharp_tmr        etharp.o
    0x0803e264   0x0803e264   0x00000110   Code   RO        10382    i.etharp_update_arp_entry  etharp.o
    0x0803e374   0x0803e374   0x00000118   Code   RO        10383    i.ethernet_input    etharp.o
    0x0803e48c   0x0803e48c   0x0000009c   Code   RO        10464    i.ethernetif_init   ethernetif.o
    0x0803e528   0x0803e528   0x00000078   Code   RO        10465    i.ethernetif_input  ethernetif.o
    0x0803e5a0   0x0803e5a0   0x00000198   Code   RO         8641    i.event_callback    sockets.o
    0x0803e738   0x0803e738   0x000000b8   Code   RO          697    i.exec_proc         comm.o
    0x0803e7f0   0x0803e7f0   0x00000020   Code   RO         7618    i.find_env          ef_env.o
    0x0803e810   0x0803e810   0x00000038   Code   RO         7619    i.find_env_cb       ef_env.o
    0x0803e848   0x0803e848   0x00000058   Code   RO         7620    i.format_sector     ef_env.o
    0x0803e8a0   0x0803e8a0   0x00000024   Code   RO         2563    i.fputc             bsp_uart_fifo.o
    0x0803e8c4   0x0803e8c4   0x00000004   PAD
    0x0803e8c8   0x0803e8c8   0x0000008c   Code   RO        11535    i.frexp             m_wm.l(frexp.o)
    0x0803e954   0x0803e954   0x0000000e   Code   RO         7621    i.gc_check_cb       ef_env.o
    0x0803e962   0x0803e962   0x00000002   PAD
    0x0803e964   0x0803e964   0x00000048   Code   RO         7622    i.gc_collect        ef_env.o
    0x0803e9ac   0x0803e9ac   0x000000c8   Code   RO         7932    i.get_fmt_enabled   elog.o
    0x0803ea74   0x0803ea74   0x00000040   Code   RO         7623    i.get_next_env_addr  ef_env.o
    0x0803eab4   0x0803eab4   0x00000034   Code   RO         7624    i.get_next_sector_addr  ef_env.o
    0x0803eae8   0x0803eae8   0x0000007a   Code   RO         1456    i.get_object_item   cjson.o
    0x0803eb62   0x0803eb62   0x00000002   PAD
    0x0803eb64   0x0803eb64   0x0000001c   Code   RO         8642    i.get_socket        sockets.o
    0x0803eb80   0x0803eb80   0x00000028   Code   RO         7625    i.get_status        ef_env.o
    0x0803eba8   0x0803eba8   0x00000098   Code   RO         7436    i.gpio_configuration  sfud_port.o
    0x0803ec40   0x0803ec40   0x00000258   Code   RO         7287    i.hardware_init     sfud.o
    0x0803ee98   0x0803ee98   0x00000008   Code   RO        10145    i.icmp_dest_unreach  icmp.o
    0x0803eea0   0x0803eea0   0x00000284   Code   RO        10146    i.icmp_input        icmp.o
    0x0803f124   0x0803f124   0x000000fc   Code   RO        10147    i.icmp_send_response  icmp.o
    0x0803f220   0x0803f220   0x00000008   Code   RO        10148    i.icmp_time_exceeded  icmp.o
    0x0803f228   0x0803f228   0x0000000c   Code   RO        10186    i.inet_chksum       inet_chksum.o
    0x0803f234   0x0803f234   0x00000048   Code   RO        10187    i.inet_chksum_pbuf  inet_chksum.o
    0x0803f27c   0x0803f27c   0x0000002e   Code   RO        10260    i.ip4_addr_isbroadcast  ip_addr.o
    0x0803f2aa   0x0803f2aa   0x00000002   PAD
    0x0803f2ac   0x0803f2ac   0x000001f8   Code   RO        10314    i.ip_frag           ip_frag.o
    0x0803f4a4   0x0803f4a4   0x00000084   Code   RO        10315    i.ip_frag_free_pbuf_custom_ref  ip_frag.o
    0x0803f528   0x0803f528   0x00000178   Code   RO        10221    i.ip_input          ip.o
    0x0803f6a0   0x0803f6a0   0x000000a8   Code   RO        10222    i.ip_output         ip.o
    0x0803f748   0x0803f748   0x00000164   Code   RO        10223    i.ip_output_if      ip.o
    0x0803f8ac   0x0803f8ac   0x000001a4   Code   RO        10316    i.ip_reass          ip_frag.o
    0x0803fa50   0x0803fa50   0x00000274   Code   RO        10317    i.ip_reass_chain_frag_into_datagram_and_validate  ip_frag.o
    0x0803fcc4   0x0803fcc4   0x000000ac   Code   RO        10318    i.ip_reass_dequeue_datagram  ip_frag.o
    0x0803fd70   0x0803fd70   0x00000184   Code   RO        10319    i.ip_reass_free_complete_datagram  ip_frag.o
    0x0803fef4   0x0803fef4   0x00000074   Code   RO        10320    i.ip_reass_remove_oldest_datagram  ip_frag.o
    0x0803ff68   0x0803ff68   0x0000001c   Code   RO         9959    i.ip_reass_timer    timers_1.o
    0x0803ff84   0x0803ff84   0x0000002c   Code   RO        10321    i.ip_reass_tmr      ip_frag.o
    0x0803ffb0   0x0803ffb0   0x00000040   Code   RO        10224    i.ip_route          ip.o
    0x0803fff0   0x0803fff0   0x00000014   Code   RO        10262    i.ipaddr_addr       ip_addr.o
    0x08040004   0x08040004   0x0000016c   Code   RO        10263    i.ipaddr_aton       ip_addr.o
    0x08040170   0x08040170   0x0000008c   Code   RO        10322    i.ipfrag_free_pbuf_custom  ip_frag.o
    0x080401fc   0x080401fc   0x00000094   Code   RO        10466    i.low_level_init    ethernetif.o
    0x08040290   0x08040290   0x00000034   Code   RO        10467    i.low_level_output  ethernetif.o
    0x080402c4   0x080402c4   0x00000042   Code   RO         8049    i.lwip_comm_default_ip_set  lwip_comm.o
    0x08040306   0x08040306   0x00000002   PAD
    0x08040308   0x08040308   0x00000030   Code   RO         8050    i.lwip_comm_dhcp_creat  lwip_comm.o
    0x08040338   0x08040338   0x0000001c   Code   RO         8051    i.lwip_comm_dhcp_delete  lwip_comm.o
    0x08040354   0x08040354   0x00000120   Code   RO         8052    i.lwip_comm_init    lwip_comm.o
    0x08040474   0x08040474   0x00000024   Code   RO         8053    i.lwip_comm_mem_free  lwip_comm.o
    0x08040498   0x08040498   0x0000003c   Code   RO         8054    i.lwip_comm_mem_malloc  lwip_comm.o
    0x080404d4   0x080404d4   0x000000e0   Code   RO         8646    i.lwip_connect      sockets.o
    0x080405b4   0x080405b4   0x00000328   Code   RO         8055    i.lwip_dhcp_task    lwip_comm.o
    0x080408dc   0x080408dc   0x00000044   Code   RO         8587    i.lwip_gethostbyname  netdb.o
    0x08040920   0x08040920   0x00000004   Code   RO         8916    i.lwip_htonl        def.o
    0x08040924   0x08040924   0x00000004   Code   RO         8917    i.lwip_htons        def.o
    0x08040928   0x08040928   0x0000002a   Code   RO         9187    i.lwip_init         init.o
    0x08040952   0x08040952   0x00000004   Code   RO         8918    i.lwip_ntohl        def.o
    0x08040956   0x08040956   0x00000004   Code   RO         8919    i.lwip_ntohs        def.o
    0x0804095a   0x0804095a   0x00000002   PAD
    0x0804095c   0x0804095c   0x0000000c   Code   RO         8056    i.lwip_pkt_handle   lwip_comm.o
    0x08040968   0x08040968   0x0000000e   Code   RO         8656    i.lwip_recv         sockets.o
    0x08040976   0x08040976   0x00000002   PAD
    0x08040978   0x08040978   0x00000264   Code   RO         8657    i.lwip_recvfrom     sockets.o
    0x08040bdc   0x08040bdc   0x00000078   Code   RO         8660    i.lwip_send         sockets.o
    0x08040c54   0x08040c54   0x00000168   Code   RO         8661    i.lwip_sendto       sockets.o
    0x08040dbc   0x08040dbc   0x000000e0   Code   RO         8662    i.lwip_setsockopt   sockets.o
    0x08040e9c   0x08040e9c   0x0000017c   Code   RO         8663    i.lwip_setsockopt_internal  sockets.o
    0x08041018   0x08041018   0x0000006c   Code   RO         8665    i.lwip_socket       sockets.o
    0x08041084   0x08041084   0x00000002   Code   RO         8666    i.lwip_socket_init  sockets.o
    0x08041086   0x08041086   0x00000056   Code   RO        10190    i.lwip_standard_chksum  inet_chksum.o
    0x080410dc   0x080410dc   0x00000006   Code   RO         8667    i.lwip_write        sockets.o
    0x080410e2   0x080410e2   0x00000002   PAD
    0x080410e4   0x080410e4   0x000000ec   Code   RO            7    i.main              main.o
    0x080411d0   0x080411d0   0x000000ac   Code   RO         7288    i.make_adress_byte_array  sfud.o
    0x0804127c   0x0804127c   0x00000130   Code   RO         9227    i.mem_free          mem.o
    0x080413ac   0x080413ac   0x000000bc   Code   RO         9228    i.mem_init          mem.o
    0x08041468   0x08041468   0x00000214   Code   RO         9229    i.mem_malloc        mem.o
    0x0804167c   0x0804167c   0x00000038   Code   RO         1969    i.mem_perused       malloc.o
    0x080416b4   0x080416b4   0x0000019c   Code   RO         9230    i.mem_trim          mem.o
    0x08041850   0x08041850   0x000000a8   Code   RO         9270    i.memp_free         memp.o
    0x080418f8   0x080418f8   0x00000006   Code   RO         9271    i.memp_get_memorysize  memp.o
    0x080418fe   0x080418fe   0x00000002   PAD
    0x08041900   0x08041900   0x0000005c   Code   RO         9272    i.memp_init         memp.o
    0x0804195c   0x0804195c   0x000000e4   Code   RO         9273    i.memp_malloc       memp.o
    0x08041a40   0x08041a40   0x00000164   Code   RO         2067    i.modifyJsonItem    jsonutils.o
    0x08041ba4   0x08041ba4   0x000000bc   Code   RO         7626    i.move_env          ef_env.o
    0x08041c60   0x08041c60   0x0000084c   Code   RO         1006    i.mqtt_thread       mqtt_app.o
    0x080424ac   0x080424ac   0x00000008   Code   RO         1970    i.my_free           malloc.o
    0x080424b4   0x080424b4   0x00000008   Code   RO         1971    i.my_malloc         malloc.o
    0x080424bc   0x080424bc   0x0000000a   Code   RO         1972    i.my_realloc        malloc.o
    0x080424c6   0x080424c6   0x00000002   PAD
    0x080424c8   0x080424c8   0x0000002c   Code   RO         1973    i.myfree            malloc.o
    0x080424f4   0x080424f4   0x0000002c   Code   RO         1974    i.mymalloc          malloc.o
    0x08042520   0x08042520   0x00000058   Code   RO         1975    i.mymem_free        malloc.o
    0x08042578   0x08042578   0x0000003c   Code   RO         1976    i.mymem_init        malloc.o
    0x080425b4   0x080425b4   0x00000090   Code   RO         1977    i.mymem_malloc      malloc.o
    0x08042644   0x08042644   0x00000010   Code   RO         1978    i.mymemcpy          malloc.o
    0x08042654   0x08042654   0x0000000c   Code   RO         1979    i.mymemset          malloc.o
    0x08042660   0x08042660   0x00000048   Code   RO         1980    i.myrealloc         malloc.o
    0x080426a8   0x080426a8   0x00000022   Code   RO         8521    i.netbuf_delete     netbuf.o
    0x080426ca   0x080426ca   0x00000002   PAD
    0x080426cc   0x080426cc   0x00000098   Code   RO         8523    i.netbuf_free       netbuf.o
    0x08042764   0x08042764   0x000000bc   Code   RO         8526    i.netbuf_ref        netbuf.o
    0x08042820   0x08042820   0x00000110   Code   RO         8355    i.netconn_alloc     api_msg.o
    0x08042930   0x08042930   0x000000c0   Code   RO         8196    i.netconn_connect   api_lib.o
    0x080429f0   0x080429f0   0x00000024   Code   RO         8197    i.netconn_delete    api_lib.o
    0x08042a14   0x08042a14   0x00000134   Code   RO         8356    i.netconn_drain     api_msg.o
    0x08042b48   0x08042b48   0x00000164   Code   RO         8357    i.netconn_free      api_msg.o
    0x08042cac   0x08042cac   0x00000118   Code   RO         8199    i.netconn_getaddr   api_lib.o
    0x08042dc4   0x08042dc4   0x0000010c   Code   RO         8200    i.netconn_gethostbyname  api_lib.o
    0x08042ed0   0x08042ed0   0x0000016c   Code   RO         8202    i.netconn_new_with_proto_and_callback  api_lib.o
    0x0804303c   0x0804303c   0x00000184   Code   RO         8203    i.netconn_recv      api_lib.o
    0x080431c0   0x080431c0   0x000001c8   Code   RO         8204    i.netconn_recv_data  api_lib.o
    0x08043388   0x08043388   0x00000098   Code   RO         8205    i.netconn_recv_tcp_pbuf  api_lib.o
    0x08043420   0x08043420   0x0000002c   Code   RO         8206    i.netconn_recved    api_lib.o
    0x0804344c   0x0804344c   0x000000bc   Code   RO         8207    i.netconn_send      api_lib.o
    0x08043508   0x08043508   0x0000013c   Code   RO         8210    i.netconn_write_partly  api_lib.o
    0x08043644   0x08043644   0x000000d0   Code   RO         9322    i.netif_add         netif.o
    0x08043714   0x08043714   0x00000002   Code   RO         9324    i.netif_init        netif.o
    0x08043716   0x08043716   0x00000020   Code   RO         9326    i.netif_set_addr    netif.o
    0x08043736   0x08043736   0x00000002   PAD
    0x08043738   0x08043738   0x0000000c   Code   RO         9327    i.netif_set_default  netif.o
    0x08043744   0x08043744   0x0000001a   Code   RO         9328    i.netif_set_down    netif.o
    0x0804375e   0x0804375e   0x00000008   Code   RO         9329    i.netif_set_gw      netif.o
    0x08043766   0x08043766   0x00000002   PAD
    0x08043768   0x08043768   0x00000068   Code   RO         9330    i.netif_set_ipaddr  netif.o
    0x080437d0   0x080437d0   0x00000008   Code   RO         9333    i.netif_set_netmask  netif.o
    0x080437d8   0x080437d8   0x00000020   Code   RO         9334    i.netif_set_up      netif.o
    0x080437f8   0x080437f8   0x00000034   Code   RO         7627    i.new_env           ef_env.o
    0x0804382c   0x0804382c   0x000001f8   Code   RO         2068    i.packetBaseJson    jsonutils.o
    0x08043a24   0x08043a24   0x00000036   Code   RO         1116    i.packetDefaultSendBuf  rs485_process.o
    0x08043a5a   0x08043a5a   0x00000002   PAD
    0x08043a5c   0x08043a5c   0x000001c4   Code   RO         2069    i.packetPayload     jsonutils.o
    0x08043c20   0x08043c20   0x00000204   Code   RO         1117    i.packetSendBuf     rs485_process.o
    0x08043e24   0x08043e24   0x000002d8   Code   RO         1118    i.packetToElevator  rs485_process.o
    0x080440fc   0x080440fc   0x00000218   Code   RO         7289    i.page256_or_1_byte_write  sfud.o
    0x08044314   0x08044314   0x000000cc   Code   RO         1458    i.parse_array       cjson.o
    0x080443e0   0x080443e0   0x00000040   Code   RO         1459    i.parse_hex4        cjson.o
    0x08044420   0x08044420   0x00000100   Code   RO         1460    i.parse_number      cjson.o
    0x08044520   0x08044520   0x00000106   Code   RO         1461    i.parse_object      cjson.o
    0x08044626   0x08044626   0x00000126   Code   RO         1462    i.parse_string      cjson.o
    0x0804474c   0x0804474c   0x000000fc   Code   RO         1463    i.parse_value       cjson.o
    0x08044848   0x08044848   0x0000035c   Code   RO         9412    i.pbuf_alloc        pbuf.o
    0x08044ba4   0x08044ba4   0x000000d8   Code   RO         9413    i.pbuf_alloced_custom  pbuf.o
    0x08044c7c   0x08044c7c   0x00000128   Code   RO         9414    i.pbuf_cat          pbuf.o
    0x08044da4   0x08044da4   0x00000012   Code   RO         9415    i.pbuf_chain        pbuf.o
    0x08044db6   0x08044db6   0x00000012   Code   RO         9416    i.pbuf_clen         pbuf.o
    0x08044dc8   0x08044dc8   0x000001e0   Code   RO         9418    i.pbuf_copy         pbuf.o
    0x08044fa8   0x08044fa8   0x00000114   Code   RO         9419    i.pbuf_copy_partial  pbuf.o
    0x080450bc   0x080450bc   0x0000016c   Code   RO         9421    i.pbuf_free         pbuf.o
    0x08045228   0x08045228   0x00000118   Code   RO         9423    i.pbuf_header       pbuf.o
    0x08045340   0x08045340   0x00000188   Code   RO         9426    i.pbuf_realloc      pbuf.o
    0x080454c8   0x080454c8   0x0000001a   Code   RO         9427    i.pbuf_ref          pbuf.o
    0x080454e2   0x080454e2   0x00000002   PAD
    0x080454e4   0x080454e4   0x00000020   Code   RO         6668    i.pcTaskGetName     tasks.o
    0x08045504   0x08045504   0x00000108   Code   RO         8358    i.pcb_new           api_msg.o
    0x0804560c   0x0804560c   0x0000016c   Code   RO         9231    i.plug_holes        mem.o
    0x08045778   0x08045778   0x000000cc   Code   RO         8359    i.poll_tcp          api_msg.o
    0x08045844   0x08045844   0x00000098   Code   RO         1464    i.print             cjson.o
    0x080458dc   0x080458dc   0x00000096   Code   RO         1465    i.print_array       cjson.o
    0x08045972   0x08045972   0x00000002   PAD
    0x08045974   0x08045974   0x000000d0   Code   RO         7628    i.print_env_cb      ef_env.o
    0x08045a44   0x08045a44   0x000000a8   Code   RO         1466    i.print_number      cjson.o
    0x08045aec   0x08045aec   0x00000136   Code   RO         1467    i.print_object      cjson.o
    0x08045c22   0x08045c22   0x00000002   PAD
    0x08045c24   0x08045c24   0x00000110   Code   RO         1468    i.print_string_ptr  cjson.o
    0x08045d34   0x08045d34   0x000000d0   Code   RO         1469    i.print_value       cjson.o
    0x08045e04   0x08045e04   0x00000070   Code   RO         6669    i.prvAddCurrentTaskToDelayedList  tasks.o
    0x08045e74   0x08045e74   0x000000d4   Code   RO         6670    i.prvAddNewTaskToReadyList  tasks.o
    0x08045f48   0x08045f48   0x00000050   Code   RO         7022    i.prvCheckForValidListAndQueue  timers.o
    0x08045f98   0x08045f98   0x00000026   Code   RO         6324    i.prvCopyDataFromQueue  queue.o
    0x08045fbe   0x08045fbe   0x0000006c   Code   RO         6325    i.prvCopyDataToQueue  queue.o
    0x0804602a   0x0804602a   0x00000014   Code   RO         6671    i.prvDeleteTCB      tasks.o
    0x0804603e   0x0804603e   0x00000002   PAD
    0x08046040   0x08046040   0x0000004c   Code   RO         7235    i.prvHeapInit       heap_4.o
    0x0804608c   0x0804608c   0x0000005c   Code   RO         6672    i.prvIdleTask       tasks.o
    0x080460e8   0x080460e8   0x000000ae   Code   RO         6673    i.prvInitialiseNewTask  tasks.o
    0x08046196   0x08046196   0x00000002   PAD
    0x08046198   0x08046198   0x0000004c   Code   RO         7236    i.prvInsertBlockIntoFreeList  heap_4.o
    0x080461e4   0x080461e4   0x00000038   Code   RO         7023    i.prvInsertTimerInActiveList  timers.o
    0x0804621c   0x0804621c   0x0000001a   Code   RO         6326    i.prvIsQueueEmpty   queue.o
    0x08046236   0x08046236   0x00000056   Code   RO         6674    i.prvListTasksWithinSingleList  tasks.o
    0x0804628c   0x0804628c   0x000000f0   Code   RO         7024    i.prvProcessReceivedCommands  timers.o
    0x0804637c   0x0804637c   0x000000c0   Code   RO         7025    i.prvProcessTimerOrBlockTask  timers.o
    0x0804643c   0x0804643c   0x00000020   Code   RO         6675    i.prvResetNextTaskUnblockTime  tasks.o
    0x0804645c   0x0804645c   0x00000028   Code   RO         7026    i.prvSampleTimeNow  timers.o
    0x08046484   0x08046484   0x0000006c   Code   RO         7027    i.prvSwitchTimerLists  timers.o
    0x080464f0   0x080464f0   0x00000028   Code   RO         7159    i.prvTaskExitError  port.o
    0x08046518   0x08046518   0x00000014   Code   RO         6195    i.prvTestWaitCondition  event_groups.o
    0x0804652c   0x0804652c   0x00000028   Code   RO         7028    i.prvTimerTask      timers.o
    0x08046554   0x08046554   0x0000006a   Code   RO         6327    i.prvUnlockQueue    queue.o
    0x080465be   0x080465be   0x00000022   Code   RO         6677    i.prvWriteNameToBuffer  tasks.o
    0x080465e0   0x080465e0   0x000000d8   Code   RO         7237    i.pvPortMalloc      heap_4.o
    0x080466b8   0x080466b8   0x00000018   Code   RO         6678    i.pvTaskIncrementMutexHeldCount  tasks.o
    0x080466d0   0x080466d0   0x0000002c   Code   RO         7160    i.pxPortInitialiseStack  port.o
    0x080466fc   0x080466fc   0x0000000a   Code   RO         9529    i.raw_connect       raw.o
    0x08046706   0x08046706   0x00000002   PAD
    0x08046708   0x08046708   0x00000074   Code   RO         9530    i.raw_input         raw.o
    0x0804677c   0x0804677c   0x0000002c   Code   RO         9531    i.raw_new           raw.o
    0x080467a8   0x080467a8   0x00000006   Code   RO         9532    i.raw_recv          raw.o
    0x080467ae   0x080467ae   0x00000002   PAD
    0x080467b0   0x080467b0   0x0000002c   Code   RO         9533    i.raw_remove        raw.o
    0x080467dc   0x080467dc   0x00000006   Code   RO         9534    i.raw_send          raw.o
    0x080467e2   0x080467e2   0x00000002   PAD
    0x080467e4   0x080467e4   0x00000118   Code   RO         9535    i.raw_sendto        raw.o
    0x080468fc   0x080468fc   0x0000000c   Code   RO        10830    i.readChar          mqttpacket.o
    0x08046908   0x08046908   0x00000012   Code   RO        10831    i.readInt           mqttpacket.o
    0x0804691a   0x0804691a   0x00000034   Code   RO        10832    i.readMQTTLenString  mqttpacket.o
    0x0804694e   0x0804694e   0x00000002   PAD
    0x08046950   0x08046950   0x000000dc   Code   RO         7629    i.read_env          ef_env.o
    0x08046a2c   0x08046a2c   0x000000a4   Code   RO         7290    i.read_jedec_id     sfud.o
    0x08046ad0   0x08046ad0   0x000000f8   Code   RO         7630    i.read_sector_meta_data  ef_env.o
    0x08046bc8   0x08046bc8   0x00000020   Code   RO         7631    i.read_status       ef_env.o
    0x08046be8   0x08046be8   0x00000078   Code   RO         8360    i.recv_raw          api_msg.o
    0x08046c60   0x08046c60   0x00000158   Code   RO         8361    i.recv_tcp          api_msg.o
    0x08046db8   0x08046db8   0x00000158   Code   RO         8362    i.recv_udp          api_msg.o
    0x08046f10   0x08046f10   0x00000118   Code   RO         7291    i.reset             sfud.o
    0x08047028   0x08047028   0x00000006   Code   RO         1194    i.retry_delay_100us  delay.o
    0x0804702e   0x0804702e   0x00000056   Code   RO         7632    i.sector_iterator   ef_env.o
    0x08047084   0x08047084   0x00000022   Code   RO         7633    i.sector_statistics_cb  ef_env.o
    0x080470a6   0x080470a6   0x00000002   PAD
    0x080470a8   0x080470a8   0x000000cc   Code   RO         8363    i.sent_tcp          api_msg.o
    0x08047174   0x08047174   0x00000124   Code   RO         7292    i.set_4_byte_address_mode  sfud.o
    0x08047298   0x08047298   0x00000088   Code   RO         7634    i.set_env           ef_env.o
    0x08047320   0x08047320   0x0000002c   Code   RO         7635    i.set_status        ef_env.o
    0x0804734c   0x0804734c   0x000000d0   Code   RO         7293    i.set_write_enabled  sfud.o
    0x0804741c   0x0804741c   0x00000008   Code   RO          876    i.setbit            tool.o
    0x08047424   0x08047424   0x00000044   Code   RO         8364    i.setup_tcp         api_msg.o
    0x08047468   0x08047468   0x00000140   Code   RO         7294    i.sfud_chip_erase   sfud.o
    0x080475a8   0x080475a8   0x000000e8   Code   RO         7295    i.sfud_device_init  sfud.o
    0x08047690   0x08047690   0x000001d0   Code   RO         7296    i.sfud_erase        sfud.o
    0x08047860   0x08047860   0x00000008   Code   RO         7300    i.sfud_get_device_table  sfud.o
    0x08047868   0x08047868   0x000000a4   Code   RO         7301    i.sfud_init         sfud.o
    0x0804790c   0x0804790c   0x00000044   Code   RO         7437    i.sfud_log_debug    sfud_port.o
    0x08047950   0x08047950   0x00000038   Code   RO         7438    i.sfud_log_info     sfud_port.o
    0x08047988   0x08047988   0x00000144   Code   RO         7302    i.sfud_read         sfud.o
    0x08047acc   0x08047acc   0x00000098   Code   RO         7303    i.sfud_read_status  sfud.o
    0x08047b64   0x08047b64   0x000000cc   Code   RO         7439    i.sfud_spi_port_init  sfud_port.o
    0x08047c30   0x08047c30   0x0000002a   Code   RO         7304    i.sfud_write        sfud.o
    0x08047c5a   0x08047c5a   0x00000002   PAD
    0x08047c5c   0x08047c5c   0x000000e0   Code   RO         7305    i.sfud_write_status  sfud.o
    0x08047d3c   0x08047d3c   0x00000140   Code   RO         1007    i.showTask          mqtt_app.o
    0x08047e7c   0x08047e7c   0x00000004   Code   RO         7440    i.spi_lock          sfud_port.o
    0x08047e80   0x08047e80   0x00000004   Code   RO         7441    i.spi_unlock        sfud_port.o
    0x08047e84   0x08047e84   0x0000012c   Code   RO         7442    i.spi_write_read    sfud_port.o
    0x08047fb0   0x08047fb0   0x00000046   Code   RO          877    i.split             tool.o
    0x08047ff6   0x08047ff6   0x00000002   PAD
    0x08047ff8   0x08047ff8   0x000000a0   Code   RO        10517    i.sys_arch_mbox_fetch  sys_arch.o
    0x08048098   0x08048098   0x0000002c   Code   RO        10518    i.sys_arch_mbox_tryfetch  sys_arch.o
    0x080480c4   0x080480c4   0x0000006c   Code   RO        10519    i.sys_arch_sem_wait  sys_arch.o
    0x08048130   0x08048130   0x00000002   Code   RO        10520    i.sys_init          sys_arch.o
    0x08048132   0x08048132   0x00000010   Code   RO        10521    i.sys_mbox_free     sys_arch.o
    0x08048142   0x08048142   0x00000002   PAD
    0x08048144   0x08048144   0x00000088   Code   RO        10522    i.sys_mbox_new      sys_arch.o
    0x080481cc   0x080481cc   0x00000060   Code   RO        10523    i.sys_mbox_post     sys_arch.o
    0x0804822c   0x0804822c   0x00000006   Code   RO        10524    i.sys_mbox_set_invalid  sys_arch.o
    0x08048232   0x08048232   0x00000002   PAD
    0x08048234   0x08048234   0x00000060   Code   RO        10525    i.sys_mbox_trypost  sys_arch.o
    0x08048294   0x08048294   0x0000000a   Code   RO        10526    i.sys_mbox_valid    sys_arch.o
    0x0804829e   0x0804829e   0x00000010   Code   RO        10528    i.sys_sem_free      sys_arch.o
    0x080482ae   0x080482ae   0x00000018   Code   RO        10529    i.sys_sem_new       sys_arch.o
    0x080482c6   0x080482c6   0x00000006   Code   RO        10530    i.sys_sem_set_invalid  sys_arch.o
    0x080482cc   0x080482cc   0x00000016   Code   RO        10531    i.sys_sem_signal    sys_arch.o
    0x080482e2   0x080482e2   0x0000000a   Code   RO        10532    i.sys_sem_valid     sys_arch.o
    0x080482ec   0x080482ec   0x00000030   Code   RO        10533    i.sys_thread_new    sys_arch.o
    0x0804831c   0x0804831c   0x00000100   Code   RO         9960    i.sys_timeout       timers_1.o
    0x0804841c   0x0804841c   0x00000054   Code   RO         9961    i.sys_timeouts_init  timers_1.o
    0x08048470   0x08048470   0x00000064   Code   RO         9962    i.sys_timeouts_mbox_fetch  timers_1.o
    0x080484d4   0x080484d4   0x00000048   Code   RO         9963    i.sys_untimeout     timers_1.o
    0x0804851c   0x0804851c   0x00000128   Code   RO         9590    i.tcp_abandon       tcp.o
    0x08048644   0x08048644   0x00000006   Code   RO         9591    i.tcp_abort         tcp.o
    0x0804864a   0x0804864a   0x00000004   Code   RO         9592    i.tcp_accept        tcp.o
    0x0804864e   0x0804864e   0x00000002   PAD
    0x08048650   0x08048650   0x000000f8   Code   RO         9594    i.tcp_alloc         tcp.o
    0x08048748   0x08048748   0x00000004   Code   RO         9595    i.tcp_arg           tcp.o
    0x0804874c   0x0804874c   0x00000014   Code   RO         9597    i.tcp_close         tcp.o
    0x08048760   0x08048760   0x000001a4   Code   RO         9598    i.tcp_close_shutdown  tcp.o
    0x08048904   0x08048904   0x0000018c   Code   RO         9599    i.tcp_connect       tcp.o
    0x08048a90   0x08048a90   0x0000009c   Code   RO         9857    i.tcp_create_segment  tcp_out.o
    0x08048b2c   0x08048b2c   0x00000020   Code   RO         9601    i.tcp_eff_send_mss  tcp.o
    0x08048b4c   0x08048b4c   0x00000220   Code   RO         9858    i.tcp_enqueue_flags  tcp_out.o
    0x08048d6c   0x08048d6c   0x00000098   Code   RO         9602    i.tcp_err           tcp.o
    0x08048e04   0x08048e04   0x0000005c   Code   RO         9603    i.tcp_fasttmr       tcp.o
    0x08048e60   0x08048e60   0x00000002   Code   RO         9604    i.tcp_init          tcp.o
    0x08048e62   0x08048e62   0x00000002   PAD
    0x08048e64   0x08048e64   0x0000050c   Code   RO         9806    i.tcp_input         tcp_in.o
    0x08049370   0x08049370   0x0000003c   Code   RO         9859    i.tcp_keepalive     tcp_out.o
    0x080493ac   0x080493ac   0x000000e4   Code   RO         9807    i.tcp_listen_input  tcp_in.o
    0x08049490   0x08049490   0x00000006   Code   RO         9606    i.tcp_new           tcp.o
    0x08049496   0x08049496   0x00000002   PAD
    0x08049498   0x08049498   0x0000005c   Code   RO         9607    i.tcp_new_port      tcp.o
    0x080494f4   0x080494f4   0x00000010   Code   RO         9608    i.tcp_next_iss      tcp.o
    0x08049504   0x08049504   0x0000024c   Code   RO         9860    i.tcp_output        tcp_out.o
    0x08049750   0x08049750   0x00000104   Code   RO         9861    i.tcp_output_alloc_header  tcp_out.o
    0x08049854   0x08049854   0x000000b0   Code   RO         9862    i.tcp_output_segment  tcp_out.o
    0x08049904   0x08049904   0x00000080   Code   RO         9808    i.tcp_parseopt      tcp_in.o
    0x08049984   0x08049984   0x000000d0   Code   RO         9863    i.tcp_pbuf_prealloc  tcp_out.o
    0x08049a54   0x08049a54   0x0000003a   Code   RO         9609    i.tcp_pcb_purge     tcp.o
    0x08049a8e   0x08049a8e   0x00000002   PAD
    0x08049a90   0x08049a90   0x00000108   Code   RO         9610    i.tcp_pcb_remove    tcp.o
    0x08049b98   0x08049b98   0x00000098   Code   RO         9611    i.tcp_poll          tcp.o
    0x08049c30   0x08049c30   0x00000420   Code   RO         9809    i.tcp_process       tcp_in.o
    0x0804a050   0x0804a050   0x00000064   Code   RO         9612    i.tcp_process_refused_data  tcp.o
    0x0804a0b4   0x0804a0b4   0x0000069c   Code   RO         9810    i.tcp_receive       tcp_in.o
    0x0804a750   0x0804a750   0x00000098   Code   RO         9613    i.tcp_recv          tcp.o
    0x0804a7e8   0x0804a7e8   0x00000024   Code   RO         9614    i.tcp_recv_null     tcp.o
    0x0804a80c   0x0804a80c   0x00000104   Code   RO         9615    i.tcp_recved        tcp.o
    0x0804a910   0x0804a910   0x00000052   Code   RO         9864    i.tcp_rexmit        tcp_out.o
    0x0804a962   0x0804a962   0x00000058   Code   RO         9865    i.tcp_rexmit_fast   tcp_out.o
    0x0804a9ba   0x0804a9ba   0x0000002e   Code   RO         9866    i.tcp_rexmit_rto    tcp_out.o
    0x0804a9e8   0x0804a9e8   0x00000110   Code   RO         9867    i.tcp_rst           tcp_out.o
    0x0804aaf8   0x0804aaf8   0x0000001c   Code   RO         9616    i.tcp_seg_free      tcp.o
    0x0804ab14   0x0804ab14   0x00000012   Code   RO         9617    i.tcp_segs_free     tcp.o
    0x0804ab26   0x0804ab26   0x00000048   Code   RO         9868    i.tcp_send_empty_ack  tcp_out.o
    0x0804ab6e   0x0804ab6e   0x00000046   Code   RO         9869    i.tcp_send_fin      tcp_out.o
    0x0804abb4   0x0804abb4   0x00000098   Code   RO         9618    i.tcp_sent          tcp.o
    0x0804ac4c   0x0804ac4c   0x0000004e   Code   RO         9620    i.tcp_shutdown      tcp.o
    0x0804ac9a   0x0804ac9a   0x00000002   PAD
    0x0804ac9c   0x0804ac9c   0x000004b4   Code   RO         9621    i.tcp_slowtmr       tcp.o
    0x0804b150   0x0804b150   0x00000034   Code   RO         9964    i.tcp_timer_needed  timers_1.o
    0x0804b184   0x0804b184   0x0000006c   Code   RO         9811    i.tcp_timewait_input  tcp_in.o
    0x0804b1f0   0x0804b1f0   0x00000020   Code   RO         9622    i.tcp_tmr           tcp.o
    0x0804b210   0x0804b210   0x000000b8   Code   RO         9623    i.tcp_update_rcv_ann_wnd  tcp.o
    0x0804b2c8   0x0804b2c8   0x000005f8   Code   RO         9870    i.tcp_write         tcp_out.o
    0x0804b8c0   0x0804b8c0   0x00000134   Code   RO         9871    i.tcp_write_checks  tcp_out.o
    0x0804b9f4   0x0804b9f4   0x00000092   Code   RO         9872    i.tcp_zero_window_probe  tcp_out.o
    0x0804ba86   0x0804ba86   0x00000002   PAD
    0x0804ba88   0x0804ba88   0x00000040   Code   RO         8819    i.tcpip_apimsg      tcpip.o
    0x0804bac8   0x0804bac8   0x0000005c   Code   RO         8820    i.tcpip_callback_with_block  tcpip.o
    0x0804bb24   0x0804bb24   0x000000cc   Code   RO         8823    i.tcpip_init        tcpip.o
    0x0804bbf0   0x0804bbf0   0x0000004c   Code   RO         8824    i.tcpip_input       tcpip.o
    0x0804bc3c   0x0804bc3c   0x00000038   Code   RO         9965    i.tcpip_tcp_timer   timers_1.o
    0x0804bc74   0x0804bc74   0x00000100   Code   RO         8825    i.tcpip_thread      tcpip.o
    0x0804bd74   0x0804bd74   0x00000054   Code   RO          584    i.testSplit         test.o
    0x0804bdc8   0x0804bdc8   0x00000014   Code   RO        11057    i.transport_getdata  transport.o
    0x0804bddc   0x0804bddc   0x000000f0   Code   RO        11059    i.transport_open    transport.o
    0x0804becc   0x0804becc   0x00000004   Code   RO        11060    i.transport_sendPacketBuffer  transport.o
    0x0804bed0   0x0804bed0   0x00000120   Code   RO        10050    i.udp_bind          udp.o
    0x0804bff0   0x0804bff0   0x0000004c   Code   RO        10051    i.udp_connect       udp.o
    0x0804c03c   0x0804c03c   0x00000002   Code   RO        10053    i.udp_init          udp.o
    0x0804c03e   0x0804c03e   0x00000002   PAD
    0x0804c040   0x0804c040   0x0000020c   Code   RO        10054    i.udp_input         udp.o
    0x0804c24c   0x0804c24c   0x0000001a   Code   RO        10055    i.udp_new           udp.o
    0x0804c266   0x0804c266   0x00000006   Code   RO        10056    i.udp_recv          udp.o
    0x0804c26c   0x0804c26c   0x0000002c   Code   RO        10057    i.udp_remove        udp.o
    0x0804c298   0x0804c298   0x00000008   Code   RO        10058    i.udp_send          udp.o
    0x0804c2a0   0x0804c2a0   0x00000028   Code   RO        10059    i.udp_sendto        udp.o
    0x0804c2c8   0x0804c2c8   0x0000014c   Code   RO        10060    i.udp_sendto_if     udp.o
    0x0804c414   0x0804c414   0x0000001c   Code   RO         1471    i.update_offset     cjson.o
    0x0804c430   0x0804c430   0x0000004c   Code   RO         7636    i.update_sec_status  ef_env.o
    0x0804c47c   0x0804c47c   0x000001f4   Code   RO         2070    i.upgradeDataPacket  jsonutils.o
    0x0804c670   0x0804c670   0x000000d0   Code   RO         1472    i.utf16_literal_to_utf8  cjson.o
    0x0804c740   0x0804c740   0x00000026   Code   RO         6287    i.uxListRemove      list.o
    0x0804c766   0x0804c766   0x00000024   Code   RO         6330    i.uxQueueMessagesWaiting  queue.o
    0x0804c78a   0x0804c78a   0x00000028   Code   RO         6332    i.uxQueueSpacesAvailable  queue.o
    0x0804c7b2   0x0804c7b2   0x00000002   PAD
    0x0804c7b4   0x0804c7b4   0x000000b0   Code   RO         6681    i.uxTaskGetSystemState  tasks.o
    0x0804c864   0x0804c864   0x00000018   Code   RO         6685    i.uxTaskResetEventItemValue  tasks.o
    0x0804c87c   0x0804c87c   0x00000016   Code   RO         6288    i.vListInitialise   list.o
    0x0804c892   0x0804c892   0x00000006   Code   RO         6289    i.vListInitialiseItem  list.o
    0x0804c898   0x0804c898   0x00000030   Code   RO         6290    i.vListInsert       list.o
    0x0804c8c8   0x0804c8c8   0x00000018   Code   RO         6291    i.vListInsertEnd    list.o
    0x0804c8e0   0x0804c8e0   0x00000040   Code   RO         7162    i.vPortEnterCritical  port.o
    0x0804c920   0x0804c920   0x00000028   Code   RO         7163    i.vPortExitCritical  port.o
    0x0804c948   0x0804c948   0x0000005c   Code   RO         7238    i.vPortFree         heap_4.o
    0x0804c9a4   0x0804c9a4   0x00000024   Code   RO         7164    i.vPortSetupTimerInterrupt  port.o
    0x0804c9c8   0x0804c9c8   0x00000054   Code   RO         7165    i.vPortValidateInterruptPriority  port.o
    0x0804ca1c   0x0804ca1c   0x00000024   Code   RO         6333    i.vQueueAddToRegistry  queue.o
    0x0804ca40   0x0804ca40   0x00000024   Code   RO         6334    i.vQueueDelete      queue.o
    0x0804ca64   0x0804ca64   0x00000028   Code   RO         6336    i.vQueueUnregisterQueue  queue.o
    0x0804ca8c   0x0804ca8c   0x00000044   Code   RO         6337    i.vQueueWaitForMessageRestricted  queue.o
    0x0804cad0   0x0804cad0   0x000000ac   Code   RO            8    i.vTaskComm         main.o
    0x0804cb7c   0x0804cb7c   0x0000004c   Code   RO         6686    i.vTaskDelay        tasks.o
    0x0804cbc8   0x0804cbc8   0x000000ac   Code   RO         6688    i.vTaskDelete       tasks.o
    0x0804cc74   0x0804cc74   0x0000009c   Code   RO            9    i.vTaskDisplay      main.o
    0x0804cd10   0x0804cd10   0x00000080   Code   RO         6690    i.vTaskGetInfo      tasks.o
    0x0804cd90   0x0804cd90   0x000000a4   Code   RO         6691    i.vTaskGetRunTimeStats  tasks.o
    0x0804ce34   0x0804ce34   0x00000060   Code   RO           10    i.vTaskHandShake    main.o
    0x0804ce94   0x0804ce94   0x00000010   Code   RO         6692    i.vTaskInternalSetTimeOutState  tasks.o
    0x0804cea4   0x0804cea4   0x00000340   Code   RO           11    i.vTaskKey          main.o
    0x0804d1e4   0x0804d1e4   0x000000c0   Code   RO           12    i.vTaskLed          main.o
    0x0804d2a4   0x0804d2a4   0x000000a8   Code   RO         6693    i.vTaskList         tasks.o
    0x0804d34c   0x0804d34c   0x0000000c   Code   RO         6694    i.vTaskMissedYield  tasks.o
    0x0804d358   0x0804d358   0x00000010   Code   RO           13    i.vTaskMqttTest     main.o
    0x0804d368   0x0804d368   0x00000030   Code   RO         6696    i.vTaskPlaceOnEventList  tasks.o
    0x0804d398   0x0804d398   0x00000038   Code   RO         6697    i.vTaskPlaceOnEventListRestricted  tasks.o
    0x0804d3d0   0x0804d3d0   0x0000004c   Code   RO         6698    i.vTaskPlaceOnUnorderedEventList  tasks.o
    0x0804d41c   0x0804d41c   0x000000ac   Code   RO         6699    i.vTaskPriorityDisinheritAfterTimeout  tasks.o
    0x0804d4c8   0x0804d4c8   0x00000140   Code   RO           14    i.vTaskQR           main.o
    0x0804d608   0x0804d608   0x0000015c   Code   RO           15    i.vTaskReader       main.o
    0x0804d764   0x0804d764   0x00000070   Code   RO         6701    i.vTaskRemoveFromUnorderedEventList  tasks.o
    0x0804d7d4   0x0804d7d4   0x00000088   Code   RO           16    i.vTaskStart        main.o
    0x0804d85c   0x0804d85c   0x00000078   Code   RO         6705    i.vTaskStartScheduler  tasks.o
    0x0804d8d4   0x0804d8d4   0x00000010   Code   RO         6707    i.vTaskSuspendAll   tasks.o
    0x0804d8e4   0x0804d8e4   0x00000078   Code   RO         6708    i.vTaskSwitchContext  tasks.o
    0x0804d95c   0x0804d95c   0x000000cc   Code   RO         7306    i.wait_busy         sfud.o
    0x0804da28   0x0804da28   0x00000028   Code   RO        10833    i.writeCString      mqttpacket.o
    0x0804da50   0x0804da50   0x0000000c   Code   RO        10834    i.writeChar         mqttpacket.o
    0x0804da5c   0x0804da5c   0x0000001e   Code   RO        10835    i.writeInt          mqttpacket.o
    0x0804da7a   0x0804da7a   0x00000036   Code   RO        10836    i.writeMQTTString   mqttpacket.o
    0x0804dab0   0x0804dab0   0x00000032   Code   RO         7637    i.write_status      ef_env.o
    0x0804dae2   0x0804dae2   0x0000001a   Code   RO         6202    i.xEventGroupCreate  event_groups.o
    0x0804dafc   0x0804dafc   0x0000008c   Code   RO         6204    i.xEventGroupSetBits  event_groups.o
    0x0804db88   0x0804db88   0x00000108   Code   RO         6206    i.xEventGroupWaitBits  event_groups.o
    0x0804dc90   0x0804dc90   0x0000000c   Code   RO         7240    i.xPortGetFreeHeapSize  heap_4.o
    0x0804dc9c   0x0804dc9c   0x000000f4   Code   RO         7166    i.xPortStartScheduler  port.o
    0x0804dd90   0x0804dd90   0x0000002c   Code   RO         7167    i.xPortSysTickHandler  port.o
    0x0804ddbc   0x0804ddbc   0x0000003a   Code   RO         6338    i.xQueueCreateCountingSemaphore  queue.o
    0x0804ddf6   0x0804ddf6   0x00000024   Code   RO         6339    i.xQueueCreateMutex  queue.o
    0x0804de1a   0x0804de1a   0x00000052   Code   RO         6340    i.xQueueGenericCreate  queue.o
    0x0804de6c   0x0804de6c   0x00000088   Code   RO         6341    i.xQueueGenericReset  queue.o
    0x0804def4   0x0804def4   0x00000164   Code   RO         6342    i.xQueueGenericSend  queue.o
    0x0804e058   0x0804e058   0x000000bc   Code   RO         6343    i.xQueueGenericSendFromISR  queue.o
    0x0804e114   0x0804e114   0x00000138   Code   RO         6350    i.xQueueReceive     queue.o
    0x0804e24c   0x0804e24c   0x00000178   Code   RO         6352    i.xQueueSemaphoreTake  queue.o
    0x0804e3c4   0x0804e3c4   0x00000074   Code   RO         6709    i.xTaskCheckForTimeOut  tasks.o
    0x0804e438   0x0804e438   0x00000056   Code   RO         6710    i.xTaskCreate       tasks.o
    0x0804e48e   0x0804e48e   0x00000002   PAD
    0x0804e490   0x0804e490   0x0000001c   Code   RO         6714    i.xTaskGetSchedulerState  tasks.o
    0x0804e4ac   0x0804e4ac   0x0000000c   Code   RO         6715    i.xTaskGetTickCount  tasks.o
    0x0804e4b8   0x0804e4b8   0x000000c8   Code   RO         6717    i.xTaskIncrementTick  tasks.o
    0x0804e580   0x0804e580   0x00000098   Code   RO         6720    i.xTaskPriorityDisinherit  tasks.o
    0x0804e618   0x0804e618   0x00000094   Code   RO         6721    i.xTaskPriorityInherit  tasks.o
    0x0804e6ac   0x0804e6ac   0x00000074   Code   RO         6722    i.xTaskRemoveFromEventList  tasks.o
    0x0804e720   0x0804e720   0x000000c4   Code   RO         6723    i.xTaskResumeAll    tasks.o
    0x0804e7e4   0x0804e7e4   0x0000004c   Code   RO         7035    i.xTimerCreateTimerTask  timers.o
    0x0804e830   0x0804e830   0x0000005c   Code   RO         7036    i.xTimerGenericCommand  timers.o
    0x0804e88c   0x0804e88c   0x00000018   Code   RO          880    i.xorCRC            tool.o
    0x0804e8a4   0x0804e8a4   0x0000002c   Code   RO        11436    locale$$code        c_w.l(lc_ctype_c.o)
    0x0804e8d0   0x0804e8d0   0x0000002c   Code   RO        11439    locale$$code        c_w.l(lc_numeric_c.o)
    0x0804e8fc   0x0804e8fc   0x00000062   Code   RO        11531    x$fpl$d2f           fz_wm.l(d2f.o)
    0x0804e95e   0x0804e95e   0x00000002   PAD
    0x0804e960   0x0804e960   0x00000010   Code   RO        11616    x$fpl$dcheck1       fz_wm.l(dcheck1.o)
    0x0804e970   0x0804e970   0x00000018   Code   RO        11342    x$fpl$dcmpinf       fz_wm.l(dcmpi.o)
    0x0804e988   0x0804e988   0x00000078   Code   RO        11245    x$fpl$deqf          fz_wm.l(deqf.o)
    0x0804ea00   0x0804ea00   0x0000005e   Code   RO        11247    x$fpl$dfix          fz_wm.l(dfix.o)
    0x0804ea5e   0x0804ea5e   0x0000002e   Code   RO        11252    x$fpl$dflt          fz_wm.l(dflt_clz.o)
    0x0804ea8c   0x0804ea8c   0x00000026   Code   RO        11251    x$fpl$dfltu         fz_wm.l(dflt_clz.o)
    0x0804eab2   0x0804eab2   0x00000002   PAD
    0x0804eab4   0x0804eab4   0x00000078   Code   RO        11257    x$fpl$dleqf         fz_wm.l(dleqf.o)
    0x0804eb2c   0x0804eb2c   0x00000154   Code   RO        11559    x$fpl$dmul          fz_wm.l(dmul.o)
    0x0804ec80   0x0804ec80   0x0000009c   Code   RO        11344    x$fpl$dnaninf       fz_wm.l(dnaninf.o)
    0x0804ed1c   0x0804ed1c   0x0000000c   Code   RO        11346    x$fpl$dretinf       fz_wm.l(dretinf.o)
    0x0804ed28   0x0804ed28   0x0000006c   Code   RO        11259    x$fpl$drleqf        fz_wm.l(drleqf.o)
    0x0804ed94   0x0804ed94   0x0000000a   Code   RO        11561    x$fpl$fpinit        fz_wm.l(fpinit.o)
    0x0804ed9e   0x0804ed9e   0x0000000a   Code   RO        11563    x$fpl$fretinf       fz_wm.l(fretinf.o)
    0x0804eda8   0x0804eda8   0x00000006   Code   RO        11449    x$fpl$ieeestatus    fz_wm.l(istatus.o)
    0x0804edae   0x0804edae   0x00000004   Code   RO        11263    x$fpl$printf1       fz_wm.l(printf1.o)
    0x0804edb2   0x0804edb2   0x00000004   Code   RO        11350    x$fpl$printf2       fz_wm.l(printf2.o)
    0x0804edb6   0x0804edb6   0x00000064   Code   RO        11629    x$fpl$retnan        fz_wm.l(retnan.o)
    0x0804ee1a   0x0804ee1a   0x0000005c   Code   RO        11585    x$fpl$scalbn        fz_wm.l(scalbn.o)
    0x0804ee76   0x0804ee76   0x00000004   Code   RO        11265    x$fpl$scanf1        fz_wm.l(scanf1.o)
    0x0804ee7a   0x0804ee7a   0x00000008   Code   RO        11451    x$fpl$scanf2        fz_wm.l(scanf2.o)
    0x0804ee82   0x0804ee82   0x00000030   Code   RO        11635    x$fpl$trapveneer    fz_wm.l(trapv.o)
    0x0804eeb2   0x0804eeb2   0x00000000   Code   RO        11356    x$fpl$usenofp       fz_wm.l(usenofp.o)
    0x0804eeb2   0x0804eeb2   0x00000002   PAD
    0x0804eeb4   0x0804eeb4   0x00000046   Data   RO           17    .constdata          main.o
    0x0804eefa   0x0804eefa   0x00000002   PAD
    0x0804eefc   0x0804eefc   0x0000010c   Data   RO          699    .constdata          comm.o
    0x0804f008   0x0804f008   0x00000209   Data   RO          881    .constdata          tool.o
    0x0804f211   0x0804f211   0x00000003   PAD
    0x0804f214   0x0804f214   0x00000074   Data   RO         1008    .constdata          mqtt_app.o
    0x0804f288   0x0804f288   0x00000006   Data   RO         1062    .constdata          version.o
    0x0804f28e   0x0804f28e   0x00000006   Data   RO         1063    .constdata          version.o
    0x0804f294   0x0804f294   0x00000015   Data   RO         1064    .constdata          version.o
    0x0804f2a9   0x0804f2a9   0x00000013   Data   RO         1065    .constdata          version.o
    0x0804f2bc   0x0804f2bc   0x0000000c   Data   RO         1066    .constdata          version.o
    0x0804f2c8   0x0804f2c8   0x0000001c   Data   RO         1067    .constdata          version.o
    0x0804f2e4   0x0804f2e4   0x0000003f   Data   RO         1119    .constdata          rs485_process.o
    0x0804f323   0x0804f323   0x0000000f   Data   RO         1164    .constdata          eth_cfg.o
    0x0804f332   0x0804f332   0x00000002   PAD
    0x0804f334   0x0804f334   0x00000024   Data   RO         1987    .constdata          malloc.o
    0x0804f358   0x0804f358   0x0000005b   Data   RO         2073    .constdata          jsonutils.o
    0x0804f3b3   0x0804f3b3   0x00000001   PAD
    0x0804f3b4   0x0804f3b4   0x000002ff   Data   RO         7308    .constdata          sfud.o
    0x0804f6b3   0x0804f6b3   0x0000000f   Data   RO         7444    .constdata          sfud_port.o
    0x0804f6c2   0x0804f6c2   0x00000002   PAD
    0x0804f6c4   0x0804f6c4   0x00000400   Data   RO         7507    .constdata          ef_utils.o
    0x0804fac4   0x0804fac4   0x00000048   Data   RO         7532    .constdata          ef_port.o
    0x0804fb0c   0x0804fb0c   0x00000023   Data   RO         7890    .constdata          elog_utils.o
    0x0804fb2f   0x0804fb2f   0x0000008c   Data   RO         7934    .constdata          elog.o
    0x0804fbbb   0x0804fbbb   0x00000001   PAD
    0x0804fbbc   0x0804fbbc   0x00000040   Data   RO         8670    .constdata          sockets.o
    0x0804fbfc   0x0804fbfc   0x0000003c   Data   RO         9275    .constdata          memp.o
    0x0804fc38   0x0804fc38   0x00000054   Data   RO         9624    .constdata          tcp.o
    0x0804fc8c   0x0804fc8c   0x00000004   Data   RO        10267    .constdata          ip_addr.o
    0x0804fc90   0x0804fc90   0x00000004   Data   RO        10268    .constdata          ip_addr.o
    0x0804fc94   0x0804fc94   0x0000000c   Data   RO        10385    .constdata          etharp.o
    0x0804fca0   0x0804fca0   0x00000004   Data   RO        10534    .constdata          sys_arch.o
    0x0804fca4   0x0804fca4   0x00000028   Data   RO        11168    .constdata          c_w.l(_printf_hex_int_ll_ptr.o)
    0x0804fccc   0x0804fccc   0x00000011   Data   RO        11188    .constdata          c_w.l(__printf_flags_ss_wp.o)
    0x0804fcdd   0x0804fcdd   0x00000003   PAD
    0x0804fce0   0x0804fce0   0x00000008   Data   RO        11304    .constdata          c_w.l(_printf_wctomb.o)
    0x0804fce8   0x0804fce8   0x00000026   Data   RO        11392    .constdata          c_w.l(_printf_fp_hex.o)
    0x0804fd0e   0x0804fd0e   0x00000002   PAD
    0x0804fd10   0x0804fd10   0x00000094   Data   RO        11405    .constdata          c_w.l(bigflt0.o)
    0x0804fda4   0x0804fda4   0x000000a9   Data   RO          700    .conststring        comm.o
    0x0804fe4d   0x0804fe4d   0x00000003   PAD
    0x0804fe50   0x0804fe50   0x000001f1   Data   RO         7309    .conststring        sfud.o
    0x08050041   0x08050041   0x00000003   PAD
    0x08050044   0x08050044   0x0000004a   Data   RO         7494    .conststring        easyflash.o
    0x0805008e   0x0805008e   0x00000002   PAD
    0x08050090   0x08050090   0x0000006a   Data   RO         7533    .conststring        ef_port.o
    0x080500fa   0x080500fa   0x00000002   PAD
    0x080500fc   0x080500fc   0x0000004c   Data   RO         7639    .conststring        ef_env.o
    0x08050148   0x08050148   0x00000047   Data   RO         7935    .conststring        elog.o
    0x0805018f   0x0805018f   0x00000001   PAD
    0x08050190   0x08050190   0x0000008c   Data   RO         8976    .conststring        dhcp.o
    0x0805021c   0x0805021c   0x00000075   Data   RO         9625    .conststring        tcp.o
    0x08050291   0x08050291   0x00000003   PAD
    0x08050294   0x08050294   0x00000055   Data   RO         9873    .conststring        tcp_out.o
    0x080502e9   0x080502e9   0x00000003   PAD
    0x080502ec   0x080502ec   0x00000044   Data   RO        10386    .conststring        etharp.o
    0x08050330   0x08050330   0x00000020   Data   RO        11657    Region$$Table       anon$$obj.o
    0x08050350   0x08050350   0x00000008   Data   RO        11445    c$$dinf             fz_wm.l(fpconst.o)
    0x08050358   0x08050358   0x00000008   Data   RO        11448    c$$dmax             fz_wm.l(fpconst.o)
    0x08050360   0x08050360   0x00000110   Data   RO        11435    locale$$data        c_w.l(lc_ctype_c.o)
    0x08050470   0x08050470   0x0000001c   Data   RO        11438    locale$$data        c_w.l(lc_numeric_c.o)


    Execution Region RW_IRAM1 (Exec base: 0x20000000, Load base: 0x0805048c, Size: 0x0001e2d0, Max: 0x00020000, ABSOLUTE, COMPRESSED[0x00000134])

    Exec Addr    Load Addr    Size         Type   Attr      Idx    E Section Name        Object

    0x20000000   COMPRESSED   0x0000002c   Data   RW           18    .data               main.o
    0x2000002c   COMPRESSED   0x00000004   Data   RW          490    .data               stm32f4xx_it.o
    0x20000030   COMPRESSED   0x00000014   Data   RW          544    .data               system_stm32f4xx.o
    0x20000044   COMPRESSED   0x000000bc   Data   RW          701    .data               comm.o
    0x20000100   COMPRESSED   0x00000004   Data   RW         1195    .data               delay.o
    0x20000104   COMPRESSED   0x00000014   Data   RW         1474    .data               cjson.o
    0x20000118   COMPRESSED   0x00000024   Data   RW         1988    .data               malloc.o
    0x2000013c   COMPRESSED   0x00000001   Data   RW         2344    .data               bsp_key.o
    0x2000013d   COMPRESSED   0x00000003   PAD
    0x20000140   COMPRESSED   0x0000000c   Data   RW         2392    .data               bsp_time.o
    0x2000014c   COMPRESSED   0x00000005   Data   RW         2483    .data               bsp_wiegand.o
    0x20000151   COMPRESSED   0x00000003   PAD
    0x20000154   COMPRESSED   0x00000004   Data   RW         2565    .data               bsp_uart_fifo.o
    0x20000158   COMPRESSED   0x00000010   Data   RW         2752    .data               lan8720.o
    0x20000168   COMPRESSED   0x00000002   Data   RW         2892    .data               bsp_dipswitch.o
    0x2000016a   COMPRESSED   0x00000010   Data   RW         3387    .data               stm32f4xx_rcc.o
    0x2000017a   COMPRESSED   0x00000002   PAD
    0x2000017c   COMPRESSED   0x0000000c   Data   RW         5265    .data               stm32f4x7_eth.o
    0x20000188   COMPRESSED   0x00000044   Data   RW         6726    .data               tasks.o
    0x200001cc   COMPRESSED   0x00000014   Data   RW         7042    .data               timers.o
    0x200001e0   COMPRESSED   0x0000000c   Data   RW         7168    .data               port.o
    0x200001ec   COMPRESSED   0x00000018   Data   RW         7243    .data               heap_4.o
    0x20000204   COMPRESSED   0x00000044   Data   RW         7310    .data               sfud.o
    0x20000248   COMPRESSED   0x0000000c   Data   RW         7445    .data               sfud_port.o
    0x20000254   COMPRESSED   0x00000010   Data   RW         7640    .data               ef_env.o
    0x20000264   COMPRESSED   0x00000034   Data   RW         7936    .data               elog.o
    0x20000298   COMPRESSED   0x00000004   Data   RW         8058    .data               lwip_comm.o
    0x2000029c   COMPRESSED   0x00000014   Data   RW         8590    .data               netdb.o
    0x200002b0   COMPRESSED   0x00000008   Data   RW         8671    .data               sockets.o
    0x200002b8   COMPRESSED   0x0000000c   Data   RW         8829    .data               tcpip.o
    0x200002c4   COMPRESSED   0x00000004   Data   RW         8977    .data               dhcp.o
    0x200002c8   COMPRESSED   0x00000014   Data   RW         9134    .data               dns.o
    0x200002dc   COMPRESSED   0x00000014   Data   RW         9232    .data               mem.o
    0x200002f0   COMPRESSED   0x00000004   Data   RW         9278    .data               memp.o
    0x200002f4   COMPRESSED   0x0000000c   Data   RW         9335    .data               netif.o
    0x20000300   COMPRESSED   0x00000004   Data   RW         9536    .data               raw.o
    0x20000304   COMPRESSED   0x00000024   Data   RW         9626    .data               tcp.o
    0x20000328   COMPRESSED   0x0000001c   Data   RW         9813    .data               tcp_in.o
    0x20000344   COMPRESSED   0x00000008   Data   RW         9966    .data               timers_1.o
    0x2000034c   COMPRESSED   0x00000008   Data   RW        10061    .data               udp.o
    0x20000354   COMPRESSED   0x00000014   Data   RW        10225    .data               ip.o
    0x20000368   COMPRESSED   0x00000008   Data   RW        10323    .data               ip_frag.o
    0x20000370   COMPRESSED   0x00000001   Data   RW        10387    .data               etharp.o
    0x20000371   COMPRESSED   0x00000003   PAD
    0x20000374   COMPRESSED   0x00000004   Data   RW        10535    .data               sys_arch.o
    0x20000378   COMPRESSED   0x00000004   Data   RW        10837    .data               mqttpacket.o
    0x2000037c   COMPRESSED   0x0000000c   Data   RW        11061    .data               transport.o
    0x20000388   COMPRESSED   0x00000004   Data   RW        11207    .data               c_w.l(strtok.o)
    0x2000038c        -       0x00000042   Zero   RW          698    .bss                comm.o
    0x200003ce   COMPRESSED   0x00000002   PAD
    0x200003d0        -       0x00000058   Zero   RW         1061    .bss                version.o
    0x20000428        -       0x00000120   Zero   RW         1163    .bss                eth_cfg.o
    0x20000548        -       0x0000f000   Zero   RW         1985    .bss                malloc.o
    0x2000f548        -       0x00000f00   Zero   RW         1986    .bss                malloc.o
    0x20010448        -       0x00000800   Zero   RW         2071    .bss                jsonutils.o
    0x20010c48        -       0x00000040   Zero   RW         2072    .bss                jsonutils.o
    0x20010c88        -       0x00000010   Zero   RW         2482    .bss                bsp_wiegand.o
    0x20010c98        -       0x00001878   Zero   RW         2564    .bss                bsp_uart_fifo.o
    0x20012510        -       0x00000014   Zero   RW         2923    .bss                bsp_rtc.o
    0x20012524        -       0x0000000c   Zero   RW         5264    .bss                stm32f4x7_eth.o
    0x20012530        -       0x00000040   Zero   RW         6354    .bss                queue.o
    0x20012570        -       0x0000012c   Zero   RW         6725    .bss                tasks.o
    0x2001269c        -       0x00000028   Zero   RW         7041    .bss                timers.o
    0x200126c4        -       0x0000a000   Zero   RW         7242    .bss                heap_4.o
    0x2001c6c4        -       0x00000105   Zero   RW         7307    .bss                sfud.o
    0x2001c7c9        -       0x00000100   Zero   RW         7443    .bss                sfud_port.o
    0x2001c8c9        -       0x00000080   Zero   RW         7531    .bss                ef_port.o
    0x2001c949   COMPRESSED   0x00000003   PAD
    0x2001c94c        -       0x00000250   Zero   RW         7638    .bss                ef_env.o
    0x2001cb9c        -       0x00000010   Zero   RW         7841    .bss                elog_port.o
    0x2001cbac        -       0x00000854   Zero   RW         7933    .bss                elog.o
    0x2001d400        -       0x0000004c   Zero   RW         8057    .bss                lwip_comm.o
    0x2001d44c        -       0x00000014   Zero   RW         8589    .bss                netdb.o
    0x2001d460        -       0x00000060   Zero   RW         8669    .bss                sockets.o
    0x2001d4c0        -       0x00000032   Zero   RW         8975    .bss                dhcp.o
    0x2001d4f2   COMPRESSED   0x00000002   PAD
    0x2001d4f4        -       0x00000663   Zero   RW         9133    .bss                dns.o
    0x2001db57   COMPRESSED   0x00000001   PAD
    0x2001db58        -       0x0000003c   Zero   RW         9274    .bss                memp.o
    0x2001db94        -       0x00000014   Zero   RW         9812    .bss                tcp_in.o
    0x2001dba8        -       0x000000c8   Zero   RW        10384    .bss                etharp.o
    0x2001dc70        -       0x00000060   Zero   RW        11358    .bss                c_w.l(libspace.o)
    0x2001dcd0        -       0x00000200   Zero   RW         6179    HEAP                startup_stm32f40_41xxx.o
    0x2001ded0        -       0x00000400   Zero   RW         6178    STACK               startup_stm32f40_41xxx.o



  Load Region LR$$.ARM.__AT_0x10000000 (Base: 0x10000000, Size: 0x00000000, Max: 0x0000c800, ABSOLUTE)

    Execution Region ER$$.ARM.__AT_0x10000000 (Exec base: 0x10000000, Load base: 0x10000000, Size: 0x0000c800, Max: 0x0000c800, ABSOLUTE, UNINIT)

    Exec Addr    Load Addr    Size         Type   Attr      Idx    E Section Name        Object

    0x10000000        -       0x0000c800   Zero   RW         1981    .ARM.__AT_0x10000000  malloc.o



  Load Region LR$$.ARM.__AT_0x1000C800 (Base: 0x1000c800, Size: 0x00000000, Max: 0x00000c80, ABSOLUTE)

    Execution Region ER$$.ARM.__AT_0x1000C800 (Exec base: 0x1000c800, Load base: 0x1000c800, Size: 0x00000c80, Max: 0x00000c80, ABSOLUTE, UNINIT)

    Exec Addr    Load Addr    Size         Type   Attr      Idx    E Section Name        Object

    0x1000c800        -       0x00000c80   Zero   RW         1982    .ARM.__AT_0x1000C800  malloc.o



  Load Region LR$$.ARM.__AT_0x68000000 (Base: 0x68000000, Size: 0x00000000, Max: 0x00014000, ABSOLUTE)

    Execution Region ER$$.ARM.__AT_0x68000000 (Exec base: 0x68000000, Load base: 0x68000000, Size: 0x00014000, Max: 0x00014000, ABSOLUTE, UNINIT)

    Exec Addr    Load Addr    Size         Type   Attr      Idx    E Section Name        Object

    0x68000000        -       0x00014000   Zero   RW         1983    .ARM.__AT_0x68000000  malloc.o



  Load Region LR$$.ARM.__AT_0x68014000 (Base: 0x68014000, Size: 0x00000000, Max: 0x00001400, ABSOLUTE)

    Execution Region ER$$.ARM.__AT_0x68014000 (Exec base: 0x68014000, Load base: 0x68014000, Size: 0x00001400, Max: 0x00001400, ABSOLUTE, UNINIT)

    Exec Addr    Load Addr    Size         Type   Attr      Idx    E Section Name        Object

    0x68014000        -       0x00001400   Zero   RW         1984    .ARM.__AT_0x68014000  malloc.o


==============================================================================

Image component sizes


      Code (inc. data)   RO Data    RW Data    ZI Data      Debug   Object Name

      2684       1460          0          0          0      23995   api_lib.o
      6080       2764          0          0          0      20465   api_msg.o
        72          0          0          0          0        551   bsp.o
        64          6          0          0          0        564   bsp_beep.o
       300         46          0          0          0       3656   bsp_digitaltube.o
       108         10          0          2          0        669   bsp_dipswitch.o
        68          0          0          0          0       1083   bsp_iwdg.o
       264         20          0          1          0       1358   bsp_key.o
       160         14          0          0          0        643   bsp_led.o
       584        194          0          0         20       3061   bsp_rtc.o
      1206        180          0          0          0       6652   bsp_tim_pwm.o
       224         32          0         12          0       2492   bsp_time.o
      1324         80          0          4       6264      12450   bsp_uart_fifo.o
       760         42          0          5         16       6351   bsp_wiegand.o
      3964        184          0         20          0      33762   cjson.o
      6988       2546        437        188         66      30470   comm.o
        16          0          0          0          0       2630   def.o
       190         14          0          4          0       3149   delay.o
      5928       2056        140          4         50      22700   dhcp.o
      1674        396          0         20       1635       9997   dns.o
       144         90         74          0          0       1029   easyflash.o
      3724        616         76         16        592      35919   ef_env.o
       234         34        178          0        128       6027   ef_port.o
        36          4       1024          0          0       1260   ef_utils.o
      1760        670        211         52       2132      13725   elog.o
        78         30          0          0         16       6972   elog_port.o
       252        104         35          0          0       2825   elog_utils.o
         0          0          0          0          0        672   err.o
         0          0          0          0          0       1228   errorcode.o
       648        330         15          0        288       1826   eth_cfg.o
      3336       1312         80          1        200      15260   etharp.o
       476        132          0          0          0       5432   ethernetif.o
       450          6          0          0          0      13675   event_groups.o
       472         30          0         24      40960       5058   heap_4.o
       912        466          0          0          0       3714   icmp.o
       170          0          0          0          0       2909   inet_chksum.o
       148         90          0          0          0      27002   ini.o
        42          0          0          0          0       1276   init.o
       964        264          0         20          0       7753   ip.o
       430        108          8          0          0       9014   ip_addr.o
      2544        932          0          8          0      10632   ip_frag.o
      2684       1128         91          0       2112       9219   jsonutils.o
       756         62          0         16          0       6125   lan8720.o
       138          0          0          0          0       3234   list.o
      1346        694          0          4         76      28103   lwip_comm.o
      3200       1328         70         44          0     384066   main.o
       562         48         36         36     206720      10080   malloc.o
      1800        870          0         20          0       5593   mem.o
       494        280         60          4         60       4962   memp.o
       164         22          0          0          0       3023   misc.o
      2664       1396        116          0          0       6474   mqtt_app.o
       552         18          0          0          0       5544   mqttconnectclient.o
       140          0          0          0          0       1558   mqttdeserializepublish.o
       496         20          0          4          0      10338   mqttpacket.o
       164          0          0          0          0       2426   mqttserializepublish.o
       308          0          0          0          0       3591   mqttsubscribeclient.o
       374        224          0          0          0       7315   netbuf.o
        68          8          0         20         20       9079   netdb.o
       432        126          0         12          0       8439   netif.o
      3226       1632          0          0          0      10567   pbuf.o
       786         80          0         12          0      11421   port.o
      2078         26          0          0         64      21861   queue.o
       506        142          0          4          0       5628   raw.o
      2418       1002         63          0          0       6345   rs485_process.o
      4886       2322       1264         68        261      16848   sfud.o
       788        182         15         12        256       8814   sfud_port.o
      2586        684         64          8         96      14613   sockets.o
        64         26        392          0       1536        872   startup_stm32f40_41xxx.o
      1546        150          0         12         12      15819   stm32f4x7_eth.o
       144         14          0          0          0       2496   stm32f4xx_exti.o
        48         20          0          0          0       1157   stm32f4xx_flash.o
       184          0          0          0          0       4631   stm32f4xx_gpio.o
       174         66          0          4          0       4553   stm32f4xx_it.o
        68         30          0          0          0       2890   stm32f4xx_iwdg.o
        12          6          0          0          0        598   stm32f4xx_pwr.o
       428         78          0         16          0      10322   stm32f4xx_rcc.o
       782         70          0          0          0       9742   stm32f4xx_rtc.o
       250         24          0          0          0       5362   stm32f4xx_spi.o
        60         10          0          0          0       1382   stm32f4xx_syscfg.o
       740         60          0          0          0      12769   stm32f4xx_tim.o
       338          8          0          0          0       6851   stm32f4xx_usart.o
        16          0          0          0          0        541   stmflash.o
       868        120          4          4          0      20591   sys_arch.o
       272         38          0         20          0       1897   system_stm32f4xx.o
      3644        312          0         68        300      36529   tasks.o
      4504       1756        201         36          0      31930   tcp.o
      4504        994          0         28         20      17143   tcp_in.o
      4604       1516         85          0          0      16983   tcp_out.o
       692        282          0         12          0       9958   tcpip.o
       388        196          0          0          0       1338   test.o
       924         84          0         20         40      19835   timers.o
       760        242          0          8          0       8019   timers_1.o
       648         80        521          0          0       8465   tool.o
       264         94          0         12          0       5052   transport.o
      1346        370          0          8          0      17928   udp.o
       160         32         92          0         88       2601   version.o

    ----------------------------------------------------------------------
    111648      34238       5412        904     264036    1243426   Object Totals
         0          0         32          0          0          0   (incl. Generated)
       122          4         28         11          8          0   (incl. Padding)

    ----------------------------------------------------------------------

      Code (inc. data)   RO Data    RW Data    ZI Data      Debug   Library Member Name

        60          8          0          0          0         84   __0sscanf.o
        24          4          0          0          0         84   __2printf.o
        56          6          0          0          0         88   __2snprintf.o
        44          6          0          0          0         84   __2sprintf.o
        90          0          0          0          0          0   __dczerorl2.o
         8          0          0          0          0         68   __main.o
       392          4         17          0          0         92   __printf_flags_ss_wp.o
        14          0          0          0          0         68   __printf_wp.o
         0          0          0          0          0          0   __rtentry.o
        12          0          0          0          0          0   __rtentry2.o
         6          0          0          0          0          0   __rtentry4.o
        52          8          0          0          0          0   __scatter.o
        28          0          0          0          0          0   __scatter_zi.o
        28          0          0          0          0         68   _chval.o
         6          0          0          0          0          0   _printf_a.o
         6          0          0          0          0          0   _printf_c.o
        44          0          0          0          0        108   _printf_char.o
        48          6          0          0          0         96   _printf_char_common.o
        36          4          0          0          0         80   _printf_char_file.o
        40          0          0          0          0         68   _printf_charcount.o
         6          0          0          0          0          0   _printf_d.o
       120         16          0          0          0         92   _printf_dec.o
         6          0          0          0          0          0   _printf_e.o
         6          0          0          0          0          0   _printf_f.o
      1054          0          0          0          0        216   _printf_fp_dec.o
       764          8         38          0          0        100   _printf_fp_hex.o
       128         16          0          0          0         84   _printf_fp_infnan.o
         6          0          0          0          0          0   _printf_g.o
       148          4         40          0          0        160   _printf_hex_int_ll_ptr.o
         6          0          0          0          0          0   _printf_i.o
       178          0          0          0          0         88   _printf_intcommon.o
        10          0          0          0          0          0   _printf_l.o
         6          0          0          0          0          0   _printf_lc.o
        10          0          0          0          0          0   _printf_ll.o
         6          0          0          0          0          0   _printf_lld.o
         6          0          0          0          0          0   _printf_lli.o
         6          0          0          0          0          0   _printf_llo.o
         6          0          0          0          0          0   _printf_llu.o
         6          0          0          0          0          0   _printf_llx.o
       124         16          0          0          0         92   _printf_longlong_dec.o
         6          0          0          0          0          0   _printf_ls.o
         6          0          0          0          0          0   _printf_n.o
         6          0          0          0          0          0   _printf_o.o
       112         10          0          0          0        124   _printf_oct_int_ll.o
         6          0          0          0          0          0   _printf_p.o
        78          0          0          0          0        108   _printf_pad.o
         0          0          0          0          0          0   _printf_percent.o
         4          0          0          0          0          0   _printf_percent_end.o
         6          0          0          0          0          0   _printf_s.o
        82          0          0          0          0         80   _printf_str.o
        36          0          0          0          0         84   _printf_truncate.o
         6          0          0          0          0          0   _printf_u.o
        44          0          0          0          0        108   _printf_wchar.o
       188          6          8          0          0         92   _printf_wctomb.o
         6          0          0          0          0          0   _printf_x.o
        22          0          0          0          0        100   _rserrno.o
       884          6          0          0          0        100   _scanf.o
        64          0          0          0          0         84   _sgetc.o
        16          0          0          0          0         68   _snputc.o
        10          0          0          0          0         68   _sputc.o
       158          0          0          0          0         92   _strtoul.o
        64          0          0          0          0         92   _wcrtomb.o
        16          0          0          0          0         68   aeabi_memset.o
        26          0          0          0          0         80   atoi.o
        26          0          0          0          0         80   atol.o
       228          4        148          0          0         96   bigflt0.o
      2152        136          0          0          0        960   btod.o
        18          0          0          0          0         80   exit.o
         8          0          0          0          0         68   ferror.o
         6          0          0          0          0        152   heapauxi.o
        18          0          0          0          0         76   isspace.o
        44         10        272          0          0         76   lc_ctype_c.o
        44         10         28          0          0         76   lc_numeric_c.o
         2          0          0          0          0          0   libinit.o
        34          0          0          0          0          0   libinit2.o
         2          0          0          0          0          0   libshutdown.o
         2          0          0          0          0          0   libshutdown2.o
         8          4          0          0         96         68   libspace.o
        38          0          0          0          0         68   llshl.o
       138          0          0          0          0         80   lludiv10.o
        88          0          0          0          0         76   memcmp.o
        16          4          0          0          0         76   rt_ctype_table.o
         8          4          0          0          0         68   rt_errno_addr_intlibspace.o
         8          4          0          0          0         68   rt_locale_intlibspace.o
        68          0          0          0          0         68   rt_memclr.o
        78          0          0          0          0         80   rt_memclr_w.o
       138          0          0          0          0         68   rt_memcpy_v6.o
       100          0          0          0          0         80   rt_memcpy_w.o
         2          0          0          0          0          0   rtexit.o
        10          0          0          0          0          0   rtexit2.o
        44          8          0          0          0         84   scanf_char.o
      1272         16          0          0          0        168   scanf_fp.o
       800         14          0          0          0        100   scanf_hexfp.o
       308         16          0          0          0        100   scanf_infnan.o
        24          0          0          0          0         68   strcat.o
        20          0          0          0          0         68   strchr.o
       128          0          0          0          0         68   strcmpv7m.o
        72          0          0          0          0         80   strcpy.o
        32          0          0          0          0         80   strcspn.o
        62          0          0          0          0         76   strlen.o
       150          0          0          0          0         80   strncmp.o
        86          0          0          0          0         76   strncpy.o
        28          0          0          0          0         80   strspn.o
        36          0          0          0          0         80   strstr.o
       164         14          0          0          0        120   strtod.o
        12          6          0          4          0         68   strtok.o
        68          4          0          0          0         84   strtok_int.o
       112          0          0          0          0         88   strtol.o
        74          0          0          0          0         80   sys_stackheap_outer.o
        26          0          0          0          0         76   tolower.o
         2          0          0          0          0         68   use_no_semi.o
         2          0          0          0          0         68   use_no_semi_2.o
        52          4          0          0          0         80   vsnprintf.o
        36          4          0          0          0         76   vsprintf.o
        98          4          0          0          0        140   d2f.o
        16          4          0          0          0        116   dcheck1.o
        24          0          0          0          0        116   dcmpi.o
       120          4          0          0          0        140   deqf.o
        94          4          0          0          0        140   dfix.o
        84          0          0          0          0        232   dflt_clz.o
       120          4          0          0          0        140   dleqf.o
       340         12          0          0          0        152   dmul.o
       156          4          0          0          0        140   dnaninf.o
        12          0          0          0          0        116   dretinf.o
       108          0          0          0          0        128   drleqf.o
         0          0         16          0          0          0   fpconst.o
        10          0          0          0          0        116   fpinit.o
        10          0          0          0          0        116   fretinf.o
         6          0          0          0          0        116   istatus.o
         4          0          0          0          0        116   printf1.o
         4          0          0          0          0        116   printf2.o
       100          0          0          0          0        116   retnan.o
        92          0          0          0          0        116   scalbn.o
         4          0          0          0          0        116   scanf1.o
         8          0          0          0          0        132   scanf2.o
        48          0          0          0          0        116   trapv.o
         0          0          0          0          0          0   usenofp.o
        64         16          0          0          0        248   dunder.o
        48          0          0          0          0        124   fpclassify.o
       140         22          0          0          0        132   frexp.o
       228          8          0          0          0        308   ldexp.o
       266         16          0          0          0        308   narrow.o
        40         10          0          0          0        128   strtod.o

    ----------------------------------------------------------------------
     14604        500        572          4         96      11632   Library Totals
        24          2          5          0          0          0   (incl. Padding)

    ----------------------------------------------------------------------

      Code (inc. data)   RO Data    RW Data    ZI Data      Debug   Library Name

     12336        390        551          4         96       7648   c_w.l
      1458         36         16          0          0       2736   fz_wm.l
       786         72          0          0          0       1248   m_wm.l

    ----------------------------------------------------------------------
     14604        500        572          4         96      11632   Library Totals

    ----------------------------------------------------------------------

==============================================================================


      Code (inc. data)   RO Data    RW Data    ZI Data      Debug   

    126252      34738       5984        908     264132    1172438   Grand Totals
    126252      34738       5984        308     264132    1172438   ELF Image Totals (compressed)
    126252      34738       5984        308          0          0   ROM Totals

==============================================================================

    Total RO  Size (Code + RO Data)               132236 ( 129.14kB)
    Total RW  Size (RW Data + ZI Data)            265040 ( 258.83kB)
    Total ROM Size (Code + RO Data + RW Data)     132544 ( 129.44kB)

==============================================================================

